Component: ARM Compiler 5.05 (build 41) Tool: armlink [4d0eb9]

==============================================================================

Section Cross References

    drv.o(.text) refers to stm32f0xx_rcc.o(.text) for RCC_AHBPeriphClockCmd
    drv.o(.text) refers to stm32f0xx_gpio.o(.text) for GPIO_Init
    drv.o(.text) refers to stm32f0xx_tim.o(.text) for TIM_TimeBaseInit
    drv.o(.text) refers to stm32f0xx_misc.o(.text) for NVIC_Init
    drv.o(.text) refers to stm32f0xx_usart.o(.text) for USART_Init
    drv.o(.text) refers to aeabi_sdiv.o(.text) for __aeabi_uidivmod
    drv.o(.text) refers to system_stm32f0xx.o(.text) for SystemInit
    drv.o(.text) refers to keybd.o(.text) for KEYBD_lp_INIT
    drv.o(.text) refers to stm32f0xx_pwr.o(.text) for PWR_EnterSTOPMode
    drv.o(.text) refers to lock.o(.text) for LOCK_INIT
    drv.o(.text) refers to stm32f0xx_spi.o(.text) for SPI_Init
    drv.o(.text) refers to system_stm32f0xx.o(.data) for SystemCoreClock
    drv.o(.text) refers to func.o(.data) for GotoSleep_cnt
    func.o(.text) refers to func.o(.data) for comm_cnt
    main.o(.text) refers to lock.o(.text) for LOCK_INIT
    main.o(.text) refers to lora.o(.text) for gpio_init_rf433m_power
    main.o(.text) refers to sx1276_hal.o(.text) for SX1276InitIo
    main.o(.text) refers to drv.o(.text) for SPIx_Init
    main.o(.text) refers to rf.o(.text) for Init_RF
    main.o(.text) refers to card.o(.text) for CARD_MAIN
    stm32f0xx_it.o(.text) refers to card.o(.text) for PcdRequest
    stm32f0xx_it.o(.text) refers to moto.o(.text) for MOTO_Back
    stm32f0xx_it.o(.text) refers to stm32f0xx_usart.o(.text) for USART_GetITStatus
    stm32f0xx_it.o(.text) refers to stm32f0xx_tim.o(.text) for TIM_GetITStatus
    stm32f0xx_it.o(.text) refers to stm32f0xx_exti.o(.text) for EXTI_GetITStatus
    stm32f0xx_it.o(.text) refers to keybd.o(.text) for TSM12_Reading_Start
    stm32f0xx_it.o(.text) refers to voice.o(.text) for VOICE
    stm32f0xx_it.o(.text) refers to aeabi_memset.o(.text) for __aeabi_memset
    stm32f0xx_it.o(.text) refers to sx1276.o(.text) for RF_RxFixiPacket
    stm32f0xx_it.o(.text) refers to sx1276_app.o(.text) for RF_SendPacket
    stm32f0xx_it.o(.text) refers to func.o(.text) for delay_ms
    stm32f0xx_it.o(.text) refers to func.o(.data) for comm_cnt
    stm32f0xx_it.o(.text) refers to card.o(.data) for Card_pTagType
    stm32f0xx_it.o(.text) refers to lock.o(.data) for Sys_State
    stm32f0xx_it.o(.text) refers to func.o(.bss) for uart_RBuf
    stm32f0xx_it.o(.text) refers to lock.o(.bss) for PassWord_Buf
    stm32f0xx_it.o(.text) refers to rf.o(.bss) for _rf
    stm32f0xx_it.o(.text) refers to rf.o(.data) for Lora_Comm_Flag
    system_stm32f0xx.o(.text) refers to aeabi_sdiv.o(.text) for __aeabi_uidivmod
    system_stm32f0xx.o(.text) refers to system_stm32f0xx.o(.data) for SystemCoreClock
    card.o(.text) refers to func.o(.text) for delay_us
    card.o(.text) refers to stm32f0xx_gpio.o(.text) for GPIO_ReadInputDataBit
    card.o(.text) refers to stm32f0xx_rcc.o(.text) for RCC_AHBPeriphClockCmd
    card.o(.text) refers to voice.o(.text) for VOICE
    card.o(.text) refers to database.o(.text) for CARD_Get_Enroll_CARDID
    card.o(.text) refers to lock.o(.text) for KeyBD_State_Rst
    card.o(.text) refers to lock.o(.data) for Sys_Task
    card.o(.text) refers to func.o(.data) for GotoSleep_cnt
    database.o(.text) refers to stm32f0xx_flash.o(.text) for FLASH_ClearFlag
    database.o(.text) refers to rt_memcpy.o(.text) for __aeabi_memcpy
    database.o(.text) refers to database.o(.data) for FLASHStatus
    database.o(.text) refers to database.o(.bss) for DB_Data
    fp.o(.text) refers to stm32f0xx_rcc.o(.text) for RCC_APB2PeriphClockCmd
    fp.o(.text) refers to stm32f0xx_gpio.o(.text) for GPIO_Init
    fp.o(.text) refers to stm32f0xx_syscfg.o(.text) for SYSCFG_EXTILineConfig
    fp.o(.text) refers to stm32f0xx_exti.o(.text) for EXTI_Init
    fp.o(.text) refers to stm32f0xx_misc.o(.text) for NVIC_Init
    fp.o(.text) refers to func.o(.text) for commdelay
    fp.o(.text) refers to rt_memcpy.o(.text) for __aeabi_memcpy
    fp.o(.text) refers to drv.o(.text) for uart_send
    fp.o(.text) refers to voice.o(.text) for VOICE
    fp.o(.text) refers to database.o(.text) for FP_Get_Enroll_FPID
    fp.o(.text) refers to lock.o(.text) for KeyBD_State_Rst
    fp.o(.text) refers to fp.o(.constdata) for FpProtocol_H
    fp.o(.text) refers to func.o(.bss) for SendBuf
    fp.o(.text) refers to func.o(.data) for sTimeOut_cnt
    fp.o(.text) refers to lock.o(.data) for Sys_Task
    fp.o(.text) refers to moto.o(.text) for MOTO_Forward
    keybd.o(.text) refers to stm32f0xx_rcc.o(.text) for RCC_APB2PeriphClockCmd
    keybd.o(.text) refers to stm32f0xx_gpio.o(.text) for GPIO_Init
    keybd.o(.text) refers to stm32f0xx_syscfg.o(.text) for SYSCFG_EXTILineConfig
    keybd.o(.text) refers to stm32f0xx_exti.o(.text) for EXTI_Init
[...]
    ..\\User\\system_stm32f0xx.c             0x00000000   Number         0  system_stm32f0xx.o ABSOLUTE
    dc.s                                     0x00000000   Number         0  dc.o ABSOLUTE
    RESET                                    0x08000000   Section      180  startup_stm32f030.o(RESET)
    !!!main                                  0x080000b4   Section        8  __main.o(!!!main)
    !!!scatter                               0x080000bc   Section       60  __scatter.o(!!!scatter)
    !!handler_copy                           0x080000f8   Section       26  __scatter_copy.o(!!handler_copy)
    !!handler_zi                             0x08000114   Section       28  __scatter_zi.o(!!handler_zi)
    .ARM.Collect$$libinit$$00000000          0x08000130   Section        2  libinit.o(.ARM.Collect$$libinit$$00000000)
    .ARM.Collect$$libinit$$00000002          0x08000132   Section        0  libinit2.o(.ARM.Collect$$libinit$$00000002)
    .ARM.Collect$$libinit$$00000004          0x08000132   Section        0  libinit2.o(.ARM.Collect$$libinit$$00000004)
    .ARM.Collect$$libinit$$0000000A          0x08000132   Section        0  libinit2.o(.ARM.Collect$$libinit$$0000000A)
    .ARM.Collect$$libinit$$0000000C          0x08000132   Section        0  libinit2.o(.ARM.Collect$$libinit$$0000000C)
    .ARM.Collect$$libinit$$0000000E          0x08000132   Section        0  libinit2.o(.ARM.Collect$$libinit$$0000000E)
    .ARM.Collect$$libinit$$00000011          0x08000132   Section        0  libinit2.o(.ARM.Collect$$libinit$$00000011)
    .ARM.Collect$$libinit$$00000013          0x08000132   Section        0  libinit2.o(.ARM.Collect$$libinit$$00000013)
    .ARM.Collect$$libinit$$00000015          0x08000132   Section        0  libinit2.o(.ARM.Collect$$libinit$$00000015)
    .ARM.Collect$$libinit$$00000017          0x08000132   Section        0  libinit2.o(.ARM.Collect$$libinit$$00000017)
    .ARM.Collect$$libinit$$00000019          0x08000132   Section        0  libinit2.o(.ARM.Collect$$libinit$$00000019)
    .ARM.Collect$$libinit$$0000001B          0x08000132   Section        0  libinit2.o(.ARM.Collect$$libinit$$0000001B)
    .ARM.Collect$$libinit$$0000001D          0x08000132   Section        0  libinit2.o(.ARM.Collect$$libinit$$0000001D)
    .ARM.Collect$$libinit$$0000001F          0x08000132   Section        0  libinit2.o(.ARM.Collect$$libinit$$0000001F)
    .ARM.Collect$$libinit$$00000021          0x08000132   Section        0  libinit2.o(.ARM.Collect$$libinit$$00000021)
    .ARM.Collect$$libinit$$00000023          0x08000132   Section        0  libinit2.o(.ARM.Collect$$libinit$$00000023)
    .ARM.Collect$$libinit$$00000025          0x08000132   Section        0  libinit2.o(.ARM.Collect$$libinit$$00000025)
    .ARM.Collect$$libinit$$0000002C          0x08000132   Section        0  libinit2.o(.ARM.Collect$$libinit$$0000002C)
    .ARM.Collect$$libinit$$0000002E          0x08000132   Section        0  libinit2.o(.ARM.Collect$$libinit$$0000002E)
    .ARM.Collect$$libinit$$00000030          0x08000132   Section        0  libinit2.o(.ARM.Collect$$libinit$$00000030)
    .ARM.Collect$$libinit$$00000032          0x08000132   Section        0  libinit2.o(.ARM.Collect$$libinit$$00000032)
    .ARM.Collect$$libinit$$00000033          0x08000132   Section        2  libinit2.o(.ARM.Collect$$libinit$$00000033)
    .ARM.Collect$$libshutdown$$00000000      0x08000134   Section        2  libshutdown.o(.ARM.Collect$$libshutdown$$00000000)
    .ARM.Collect$$libshutdown$$00000003      0x08000136   Section        0  libshutdown2.o(.ARM.Collect$$libshutdown$$00000003)
    .ARM.Collect$$libshutdown$$00000006      0x08000136   Section        0  libshutdown2.o(.ARM.Collect$$libshutdown$$00000006)
    .ARM.Collect$$libshutdown$$00000009      0x08000136   Section        0  libshutdown2.o(.ARM.Collect$$libshutdown$$00000009)
    .ARM.Collect$$libshutdown$$0000000B      0x08000136   Section        0  libshutdown2.o(.ARM.Collect$$libshutdown$$0000000B)
    .ARM.Collect$$libshutdown$$0000000E      0x08000136   Section        0  libshutdown2.o(.ARM.Collect$$libshutdown$$0000000E)
    .ARM.Collect$$libshutdown$$0000000F      0x08000136   Section        2  libshutdown2.o(.ARM.Collect$$libshutdown$$0000000F)
    .ARM.Collect$$rtentry$$00000000          0x08000138   Section        0  __rtentry.o(.ARM.Collect$$rtentry$$00000000)
    .ARM.Collect$$rtentry$$00000002          0x08000138   Section        0  __rtentry2.o(.ARM.Collect$$rtentry$$00000002)
    .ARM.Collect$$rtentry$$00000004          0x08000138   Section        6  __rtentry4.o(.ARM.Collect$$rtentry$$00000004)
    .ARM.Collect$$rtentry$$00000009          0x0800013e   Section        0  __rtentry2.o(.ARM.Collect$$rtentry$$00000009)
    .ARM.Collect$$rtentry$$0000000A          0x0800013e   Section        4  __rtentry2.o(.ARM.Collect$$rtentry$$0000000A)
    .ARM.Collect$$rtentry$$0000000C          0x08000142   Section        0  __rtentry2.o(.ARM.Collect$$rtentry$$0000000C)
    .ARM.Collect$$rtentry$$0000000D          0x08000142   Section        8  __rtentry2.o(.ARM.Collect$$rtentry$$0000000D)
    .ARM.Collect$$rtexit$$00000000           0x0800014a   Section        2  rtexit.o(.ARM.Collect$$rtexit$$00000000)
    .ARM.Collect$$rtexit$$00000002           0x0800014c   Section        0  rtexit2.o(.ARM.Collect$$rtexit$$00000002)
    .ARM.Collect$$rtexit$$00000003           0x0800014c   Section        4  rtexit2.o(.ARM.Collect$$rtexit$$00000003)
    .ARM.Collect$$rtexit$$00000004           0x08000150   Section        6  rtexit2.o(.ARM.Collect$$rtexit$$00000004)
    .emb_text                                0x08000158   Section       56  rt_memcpy.o(.emb_text)
    .text                                    0x08000190   Section        0  drv.o(.text)
    NVIC_SetPriority                         0x080003dd   Thumb Code   110  drv.o(.text)
    .text                                    0x0800047c   Section        0  func.o(.text)
    .text                                    0x080005d4   Section        0  main.o(.text)
    .text                                    0x08000600   Section        0  stm32f0xx_it.o(.text)
    .text                                    0x080009c8   Section        0  system_stm32f0xx.o(.text)
    SetSysClock                              0x080009c9   Thumb Code   118  system_stm32f0xx.o(.text)
    .text                                    0x08000b68   Section        0  card.o(.text)
    .text                                    0x080015dc   Section        0  database.o(.text)
    .text                                    0x0800195c   Section        0  fp.o(.text)
    .text                                    0x08001f48   Section        0  keybd.o(.text)
    .text                                    0x08002af0   Section        0  lock.o(.text)
    .text                                    0x08002c98   Section        0  moto.o(.text)
    .text                                    0x08002d50   Section        0  voice.o(.text)
    .text                                    0x080031dc   Section       56  startup_stm32f030.o(.text)
    .text                                    0x08003214   Section        0  lora.o(.text)
    .text                                    0x08003280   Section        0  stm32f0xx_exti.o(.text)
    .text                                    0x08003378   Section        0  stm32f0xx_flash.o(.text)
    .text                                    0x08003960   Section        0  stm32f0xx_gpio.o(.text)
    .text                                    0x08003b50   Section        0  stm32f0xx_misc.o(.text)
    .text                                    0x08003c04   Section        0  stm32f0xx_pwr.o(.text)
    .text                                    0x08003d40   Section        0  stm32f0xx_rcc.o(.text)
    .text                                    0x08004338   Section        0  stm32f0xx_spi.o(.text)
    .text                                    0x080046f4   Section        0  stm32f0xx_syscfg.o(.text)
    .text                                    0x080047e4   Section        0  stm32f0xx_tim.o(.text)
    TI4_Config                               0x08004f31   Thumb Code    66  stm32f0xx_tim.o(.text)
    TI3_Config                               0x08004f85   Thumb Code    66  stm32f0xx_tim.o(.text)
    TI2_Config                               0x08004fdb   Thumb Code   122  stm32f0xx_tim.o(.text)
    TI1_Config                               0x08005065   Thumb Code    54  stm32f0xx_tim.o(.text)
    .text                                    0x080053c0   Section        0  stm32f0xx_usart.o(.text)
    .text                                    0x0800590c   Section        0  rf.o(.text)
    .text                                    0x08005a0c   Section        0  sx1276.o(.text)
    .text                                    0x08005cc8   Section        0  sx1276_app.o(.text)
    .text                                    0x08005e40   Section        0  sx1276_hal.o(.text)
    .text                                    0x0800620c   Section        0  rt_memcpy.o(.text)
    .text                                    0x0800628e   Section        0  aeabi_memset.o(.text)
    .text                                    0x080062a0   Section        0  rt_memclr.o(.text)
    .text                                    0x080062e0   Section      346  aeabi_sdiv.o(.text)
    .text                                    0x0800643a   Section        0  heapauxi.o(.text)
    .text                                    0x08006440   Section       62  sys_stackheap_outer.o(.text)
    .text                                    0x0800647e   Section        0  exit.o(.text)
    .text                                    0x0800648c   Section        8  libspace.o(.text)
    .text                                    0x08006494   Section        0  sys_exit.o(.text)
    .text                                    0x080064a0   Section        2  use_no_semi.o(.text)
    .constdata                               0x080064a2   Section        7  fp.o(.constdata)
    .text                                    0x080064a2   Section        0  indicate_semi.o(.text)
    .constdata                               0x080064ac   Section       20  rf.o(.constdata)
    .constdata                               0x080064c0   Section      123  sx1276.o(.constdata)
    .data                                    0x20000000   Section       24  func.o(.data)
    .data                                    0x20000018   Section       20  system_stm32f0xx.o(.data)
    .data                                    0x2000002c   Section       28  card.o(.data)
    .data                                    0x20000048   Section       18  database.o(.data)
    .data                                    0x2000005a   Section       15  lock.o(.data)
    .data                                    0x20000069   Section       16  stm32f0xx_rcc.o(.data)
    APBAHBPrescTable                         0x20000069   Data          16  stm32f0xx_rcc.o(.data)
    .data                                    0x20000079   Section        1  rf.o(.data)
    .bss                                     0x2000007c   Section      300  func.o(.bss)
    .bss                                     0x200001a8   Section     2048  database.o(.bss)
    .bss                                     0x200009a8   Section       20  lock.o(.bss)
    .bss                                     0x200009bc   Section      668  rf.o(.bss)
    .bss                                     0x20000c58   Section       96  libspace.o(.bss)
    HEAP                                     0x20000cb8   Section      512  startup_stm32f030.o(HEAP)
    Heap_Mem                                 0x20000cb8   Data         512  startup_stm32f030.o(HEAP)
    STACK                                    0x20000eb8   Section     1024  startup_stm32f030.o(STACK)
    Stack_Mem                                0x20000eb8   Data        1024  startup_stm32f030.o(STACK)
    __initial_sp                             0x200012b8   Data           0  startup_stm32f030.o(STACK)

    Global Symbols

    Symbol Name                              Value     Ov Type        Size  Object(Section)

    BuildAttributes$$THM_ISAv3M$S$PE$A:L22$X:L11$S22$IEEE1$IW$USESV6$~STKCKD$USESV7$~SHL$OSPACE$ROPI$EBA8$UX$STANDARDLIB$REQ8$PRES8$EABIv2 0x00000000   Number         0  anon$$obj.o ABSOLUTE
    __ARM_use_no_argv                        0x00000000   Number         0  main.o ABSOLUTE
    __ARM_exceptions_init                     - Undefined Weak Reference
    __alloca_initialize                       - Undefined Weak Reference
    __arm_preinit_                            - Undefined Weak Reference
    __cpp_initialize__aeabi_                  - Undefined Weak Reference
    __cxa_finalize                            - Undefined Weak Reference
    __rt_locale                               - Undefined Weak Reference
    __sigvec_lookup                           - Undefined Weak Reference
    _atexit_init                              - Undefined Weak Reference
    _call_atexit_fns                          - Undefined Weak Reference
    _clock_init                               - Undefined Weak Reference
    _fp_trap_init                             - Undefined Weak Reference
    _fp_trap_shutdown                         - Undefined Weak Reference
    _get_lc_collate                           - Undefined Weak Reference
    _get_lc_ctype                             - Undefined Weak Reference
    _get_lc_monetary                          - Undefined Weak Reference
    _get_lc_numeric                           - Undefined Weak Reference
    _get_lc_time                              - Undefined Weak Reference
    _getenv_init                              - Undefined Weak Reference
    _handle_redirection                       - Undefined Weak Reference
    _init_alloc                               - Undefined Weak Reference
    _init_user_alloc                          - Undefined Weak Reference
    _initio                                   - Undefined Weak Reference
    _rand_init                                - Undefined Weak Reference
    _signal_finish                            - Undefined Weak Reference
    _signal_init                              - Undefined Weak Reference
    _terminate_alloc                          - Undefined Weak Reference
    _terminate_user_alloc                     - Undefined Weak Reference
    _terminateio                              - Undefined Weak Reference
    __Vectors_Size                           0x000000b4   Number         0  startup_stm32f030.o ABSOLUTE
    __Vectors                                0x08000000   Data           4  startup_stm32f030.o(RESET)
    __Vectors_End                            0x080000b4   Data           0  startup_stm32f030.o(RESET)
    __main                                   0x080000b5   Thumb Code     8  __main.o(!!!main)
    __scatterload                            0x080000bd   Thumb Code     0  __scatter.o(!!!scatter)
    __scatterload_rt2                        0x080000bd   Thumb Code    52  __scatter.o(!!!scatter)
    __scatterload_rt2_thumb_only             0x080000bd   Thumb Code     0  __scatter.o(!!!scatter)
    __scatterload_null                       0x080000cd   Thumb Code     0  __scatter.o(!!!scatter)
    __scatterload_copy                       0x080000f9   Thumb Code    26  __scatter_copy.o(!!handler_copy)
    __scatterload_zeroinit                   0x08000115   Thumb Code    28  __scatter_zi.o(!!handler_zi)
    __rt_lib_init                            0x08000131   Thumb Code     0  libinit.o(.ARM.Collect$$libinit$$00000000)
    __rt_lib_init_alloca_1                   0x08000133   Thumb Code     0  libinit2.o(.ARM.Collect$$libinit$$0000002E)
    __rt_lib_init_argv_1                     0x08000133   Thumb Code     0  libinit2.o(.ARM.Collect$$libinit$$0000002C)
    __rt_lib_init_atexit_1                   0x08000133   Thumb Code     0  libinit2.o(.ARM.Collect$$libinit$$0000001B)
    __rt_lib_init_clock_1                    0x08000133   Thumb Code     0  libinit2.o(.ARM.Collect$$libinit$$00000021)
    __rt_lib_init_cpp_1                      0x08000133   Thumb Code     0  libinit2.o(.ARM.Collect$$libinit$$00000032)
    __rt_lib_init_exceptions_1               0x08000133   Thumb Code     0  libinit2.o(.ARM.Collect$$libinit$$00000030)
    __rt_lib_init_fp_1                       0x08000133   Thumb Code     0  libinit2.o(.ARM.Collect$$libinit$$00000002)
    __rt_lib_init_fp_trap_1                  0x08000133   Thumb Code     0  libinit2.o(.ARM.Collect$$libinit$$0000001F)
    __rt_lib_init_getenv_1                   0x08000133   Thumb Code     0  libinit2.o(.ARM.Collect$$libinit$$00000023)
    __rt_lib_init_heap_1                     0x08000133   Thumb Code     0  libinit2.o(.ARM.Collect$$libinit$$0000000A)
    __rt_lib_init_lc_collate_1               0x08000133   Thumb Code     0  libinit2.o(.ARM.Collect$$libinit$$00000011)
    __rt_lib_init_lc_ctype_1                 0x08000133   Thumb Code     0  libinit2.o(.ARM.Collect$$libinit$$00000013)
    __rt_lib_init_lc_monetary_1              0x08000133   Thumb Code     0  libinit2.o(.ARM.Collect$$libinit$$00000015)
    __rt_lib_init_lc_numeric_1               0x08000133   Thumb Code     0  libinit2.o(.ARM.Collect$$libinit$$00000017)
    __rt_lib_init_lc_time_1                  0x08000133   Thumb Code     0  libinit2.o(.ARM.Collect$$libinit$$00000019)
    __rt_lib_init_preinit_1                  0x08000133   Thumb Code     0  libinit2.o(.ARM.Collect$$libinit$$00000004)
    __rt_lib_init_rand_1                     0x08000133   Thumb Code     0  libinit2.o(.ARM.Collect$$libinit$$0000000E)
    __rt_lib_init_return                     0x08000133   Thumb Code     0  libinit2.o(.ARM.Collect$$libinit$$00000033)
    __rt_lib_init_signal_1                   0x08000133   Thumb Code     0  libinit2.o(.ARM.Collect$$libinit$$0000001D)
    __rt_lib_init_stdio_1                    0x08000133   Thumb Code     0  libinit2.o(.ARM.Collect$$libinit$$00000025)
    __rt_lib_init_user_alloc_1               0x08000133   Thumb Code     0  libinit2.o(.ARM.Collect$$libinit$$0000000C)
    __rt_lib_shutdown                        0x08000135   Thumb Code     0  libshutdown.o(.ARM.Collect$$libshutdown$$00000000)
    __rt_lib_shutdown_fp_trap_1              0x08000137   Thumb Code     0  libshutdown2.o(.ARM.Collect$$libshutdown$$00000006)
    __rt_lib_shutdown_heap_1                 0x08000137   Thumb Code     0  libshutdown2.o(.ARM.Collect$$libshutdown$$0000000E)
    __rt_lib_shutdown_return                 0x08000137   Thumb Code     0  libshutdown2.o(.ARM.Collect$$libshutdown$$0000000F)
    __rt_lib_shutdown_signal_1               0x08000137   Thumb Code     0  libshutdown2.o(.ARM.Collect$$libshutdown$$00000009)
    __rt_lib_shutdown_stdio_1                0x08000137   Thumb Code     0  libshutdown2.o(.ARM.Collect$$libshutdown$$00000003)
    __rt_lib_shutdown_user_alloc_1           0x08000137   Thumb Code     0  libshutdown2.o(.ARM.Collect$$libshutdown$$0000000B)
    __rt_entry                               0x08000139   Thumb Code     0  __rtentry.o(.ARM.Collect$$rtentry$$00000000)
    __rt_entry_presh_1                       0x08000139   Thumb Code     0  __rtentry2.o(.ARM.Collect$$rtentry$$00000002)
    __rt_entry_sh                            0x08000139   Thumb Code     0  __rtentry4.o(.ARM.Collect$$rtentry$$00000004)
    __rt_entry_li                            0x0800013f   Thumb Code     0  __rtentry2.o(.ARM.Collect$$rtentry$$0000000A)
    __rt_entry_postsh_1                      0x0800013f   Thumb Code     0  __rtentry2.o(.ARM.Collect$$rtentry$$00000009)
    __rt_entry_main                          0x08000143   Thumb Code     0  __rtentry2.o(.ARM.Collect$$rtentry$$0000000D)
    __rt_entry_postli_1                      0x08000143   Thumb Code     0  __rtentry2.o(.ARM.Collect$$rtentry$$0000000C)
    __rt_exit                                0x0800014b   Thumb Code     0  rtexit.o(.ARM.Collect$$rtexit$$00000000)
    __rt_exit_ls                             0x0800014d   Thumb Code     0  rtexit2.o(.ARM.Collect$$rtexit$$00000003)
    __rt_exit_prels_1                        0x0800014d   Thumb Code     0  rtexit2.o(.ARM.Collect$$rtexit$$00000002)
    __rt_exit_exit                           0x08000151   Thumb Code     0  rtexit2.o(.ARM.Collect$$rtexit$$00000004)
    __aeabi_memcpy4                          0x08000159   Thumb Code    56  rt_memcpy.o(.emb_text)
    __aeabi_memcpy8                          0x08000159   Thumb Code     0  rt_memcpy.o(.emb_text)
    GPIO_INIT                                0x08000191   Thumb Code    44  drv.o(.text)
    TIM3_INIT                                0x080001bd   Thumb Code    54  drv.o(.text)
    USART_INIT                               0x080001f3   Thumb Code   144  drv.o(.text)
    USART_lp_INIT                            0x08000283   Thumb Code    12  drv.o(.text)
    SYSTICK_INIT                             0x0800028f   Thumb Code    52  drv.o(.text)
    SYS_INIT                                 0x080002c3   Thumb Code    16  drv.o(.text)
    uart_putc                                0x080002d3   Thumb Code    22  drv.o(.text)
    uart_puts                                0x080002e9   Thumb Code    22  drv.o(.text)
    uart_send                                0x080002ff   Thumb Code    34  drv.o(.text)
    SYS_RST                                  0x08000321   Thumb Code     2  drv.o(.text)
    Init_GPIO_LP                             0x08000323   Thumb Code     8  drv.o(.text)
    MCU_SLEEP                                0x0800032b   Thumb Code    46  drv.o(.text)
    SPIx_Init                                0x08000359   Thumb Code   132  drv.o(.text)
    delay_us                                 0x0800047d   Thumb Code    26  func.o(.text)
    delay_ms                                 0x08000497   Thumb Code    28  func.o(.text)
    commdelay                                0x080004b3   Thumb Code    96  func.o(.text)
    statedelay                               0x08000513   Thumb Code    90  func.o(.text)
    countsum                                 0x0800056d   Thumb Code    28  func.o(.text)
    Get_CRC                                  0x08000589   Thumb Code    54  func.o(.text)
    main                                     0x080005d5   Thumb Code    44  main.o(.text)
    NMI_Handler                              0x08000601   Thumb Code     2  stm32f0xx_it.o(.text)
    HardFault_Handler                        0x08000603   Thumb Code     4  stm32f0xx_it.o(.text)
    SVC_Handler                              0x08000607   Thumb Code     2  stm32f0xx_it.o(.text)
    PendSV_Handler                           0x08000609   Thumb Code     2  stm32f0xx_it.o(.text)
    SysTick_Handler                          0x0800060b   Thumb Code   244  stm32f0xx_it.o(.text)
    USART1_IRQHandler                        0x080006ff   Thumb Code    96  stm32f0xx_it.o(.text)
    TIM3_IRQHandler                          0x0800075f   Thumb Code    24  stm32f0xx_it.o(.text)
    EXTI0_1_IRQHandler                       0x08000777   Thumb Code     2  stm32f0xx_it.o(.text)
    EXTI4_15_IRQHandler                      0x08000779   Thumb Code   314  stm32f0xx_it.o(.text)
    EXTI2_3_IRQHandler                       0x080008b3   Thumb Code   184  stm32f0xx_it.o(.text)
    SystemInit                               0x08000a3f   Thumb Code   110  system_stm32f0xx.o(.text)
    SystemCoreClockUpdate                    0x08000aad   Thumb Code   154  system_stm32f0xx.o(.text)
    WriteRawRC                               0x08000b69   Thumb Code   188  card.o(.text)
    ReadRawRC                                0x08000c25   Thumb Code   182  card.o(.text)
    SetBitMask                               0x08000cdb   Thumb Code    30  card.o(.text)
    ClearBitMask                             0x08000cf9   Thumb Code    30  card.o(.text)
    PcdComMF522                              0x08000d17   Thumb Code   312  card.o(.text)
    PcdRequest                               0x08000e4f   Thumb Code    86  card.o(.text)
    PcdAnticoll                              0x08000ea5   Thumb Code   112  card.o(.text)
    CalulateCRC                              0x08000f15   Thumb Code   116  card.o(.text)
    PcdSelect                                0x08000f89   Thumb Code   110  card.o(.text)
    PcdAuthState                             0x08000ff7   Thumb Code   104  card.o(.text)
    PcdRead                                  0x0800105f   Thumb Code    82  card.o(.text)
    PcdWrite                                 0x080010b1   Thumb Code   148  card.o(.text)
    PcdValue                                 0x08001145   Thumb Code   202  card.o(.text)
    PcdBakValue                              0x0800120f   Thumb Code   196  card.o(.text)
    PcdHalt                                  0x080012d3   Thumb Code    46  card.o(.text)
    PcdReset                                 0x08001301   Thumb Code   122  card.o(.text)
    PcdAntennaOn                             0x0800137b   Thumb Code    28  card.o(.text)
    PcdAntennaOff                            0x08001397   Thumb Code    12  card.o(.text)
    GPIO_INIT_CARD1                          0x080013a3   Thumb Code    42  card.o(.text)
    GPIO_INIT_CARD2                          0x080013cd   Thumb Code    44  card.o(.text)
    GPIO_INIT_CARD3                          0x080013f9   Thumb Code    40  card.o(.text)
    RC522_Config                             0x08001421   Thumb Code    82  card.o(.text)
    CARD_INIT                                0x08001473   Thumb Code    32  card.o(.text)
    CARD_lp_INIT                             0x08001493   Thumb Code     8  card.o(.text)
    CARD_GETID                               0x0800149b   Thumb Code    32  card.o(.text)
    CARD_Enroll                              0x080014bb   Thumb Code    62  card.o(.text)
    CARD_Identify                            0x080014f9   Thumb Code    24  card.o(.text)
    read_card_id                             0x08001511   Thumb Code    36  card.o(.text)
    CARD_MAIN                                0x08001535   Thumb Code   128  card.o(.text)
    test_read_card_id                        0x080015b5   Thumb Code    16  card.o(.text)
    Flash_Erase                              0x080015dd   Thumb Code    64  database.o(.text)
    Flash_Read                               0x0800161d   Thumb Code    24  database.o(.text)
    Flash_Write                              0x08001635   Thumb Code   102  database.o(.text)
    Get_LOCK_State                           0x0800169b   Thumb Code    26  database.o(.text)
    Set_LOCK_State                           0x080016b5   Thumb Code    20  database.o(.text)
    Get_ADMIN_PASSWORD                       0x080016c9   Thumb Code    54  database.o(.text)
    Set_ADMIN_PASSWORD                       0x080016ff   Thumb Code    48  database.o(.text)
    FP_Get_Enroll_FPID                       0x0800172f   Thumb Code    48  database.o(.text)
    FP_UPDATA_FPID                           0x0800175f   Thumb Code    68  database.o(.text)
    KEYBD_Get_Enroll_USERID                  0x080017a3   Thumb Code    44  database.o(.text)
    USER_Get_Enroll_USERID                   0x080017cf   Thumb Code    44  database.o(.text)
    USER_UPDATA_USERID                       0x080017fb   Thumb Code    94  database.o(.text)
    CARD_Get_Enroll_CARDID                   0x08001859   Thumb Code    44  database.o(.text)
    CARD_UPDATA_CARDID                       0x08001885   Thumb Code   104  database.o(.text)
    CARD_IDCheck                             0x080018ed   Thumb Code    86  database.o(.text)
    GPIO_INIT_Touch                          0x0800195d   Thumb Code   104  fp.o(.text)
    GPIO_INIT_POWER                          0x080019c5   Thumb Code    44  fp.o(.text)
    FP_POWER_OFF                             0x080019f1   Thumb Code    12  fp.o(.text)
    FP_INIT                                  0x080019fd   Thumb Code    16  fp.o(.text)
    FP_lp_INIT                               0x08001a0d   Thumb Code    16  fp.o(.text)
    GET_FP_Touch                             0x08001a1d   Thumb Code    16  fp.o(.text)
    FP_POWER_ON                              0x08001a2d   Thumb Code    22  fp.o(.text)
    FP_SendCmd_AutoIdentify                  0x08001a43   Thumb Code   152  fp.o(.text)
    FP_SendCmd_AutoEnroll                    0x08001adb   Thumb Code   150  fp.o(.text)
    FP_SendCmd_DeleteChar                    0x08001b71   Thumb Code   138  fp.o(.text)
    FP_SendCmd_Empty                         0x08001bfb   Thumb Code    90  fp.o(.text)
    FP_RcvDeal                               0x08001c55   Thumb Code   310  fp.o(.text)
    CmdAutoEnroll                            0x08001d8b   Thumb Code   102  fp.o(.text)
    CmdAutoIdentify                          0x08001df1   Thumb Code    80  fp.o(.text)
    CmdDeleteChar                            0x08001e41   Thumb Code    30  fp.o(.text)
    CmdEmpty                                 0x08001e5f   Thumb Code    32  fp.o(.text)
    FP_MAIN                                  0x08001e7f   Thumb Code   176  fp.o(.text)
    GPIO_INIT_DEL                            0x08001f49   Thumb Code   104  keybd.o(.text)
    GPIO_INIT_ADD                            0x08001fb1   Thumb Code   104  keybd.o(.text)
    GPIO_INIT_RST                            0x08002019   Thumb Code   102  keybd.o(.text)
    GPIO_INIT_LOGO                           0x0800207f   Thumb Code   102  keybd.o(.text)
    GET_ButtonDEL                            0x080020e5   Thumb Code    16  keybd.o(.text)
    GET_ButtonADD                            0x080020f5   Thumb Code    16  keybd.o(.text)
    GET_ButtonRST                            0x08002105   Thumb Code    14  keybd.o(.text)
    GPIO_KBDLED                              0x08002113   Thumb Code    46  keybd.o(.text)
    Disp_KBD                                 0x08002141   Thumb Code    12  keybd.o(.text)
    Disp_KBD_Rst                             0x0800214d   Thumb Code    10  keybd.o(.text)
    KEYBD_INIT                               0x08002157   Thumb Code    16  keybd.o(.text)
    KEYBD_lp_INIT                            0x08002167   Thumb Code    12  keybd.o(.text)
    GPIO_INIT_INT_TSM12                      0x08002173   Thumb Code    98  keybd.o(.text)
    GPIO_INIT_EN_TSM12                       0x080021d5   Thumb Code    44  keybd.o(.text)
    IIc_init_TSM12                           0x08002201   Thumb Code    42  keybd.o(.text)
    IIC_WR_MODE_TSM12                        0x0800222b   Thumb Code    48  keybd.o(.text)
    IIC_RD_MODE_TSM12                        0x0800225b   Thumb Code    38  keybd.o(.text)
    IIC_DELAY_TSM12                          0x08002281   Thumb Code    12  keybd.o(.text)
    SDA_V_TSM12                              0x0800228d   Thumb Code    12  keybd.o(.text)
    START_CONDITION_TSM12                    0x08002299   Thumb Code    46  keybd.o(.text)
    STOP_CONDITION_TSM12                     0x080022c7   Thumb Code    36  keybd.o(.text)
    IIC_WRITE_ACK_TSM12                      0x080022eb   Thumb Code    46  keybd.o(.text)
    IIC_READ_ACK_TSM12                       0x08002319   Thumb Code    50  keybd.o(.text)
    IIC_WRITE_TSM12                          0x0800234b   Thumb Code   106  keybd.o(.text)
    IIC_READ_TSM12                           0x080023b5   Thumb Code    64  keybd.o(.text)
    SetIICRegister_TSM12                     0x080023f5   Thumb Code   144  keybd.o(.text)
    GetIICRegister_TSM12                     0x08002485   Thumb Code   160  keybd.o(.text)
    TSM12_Init                               0x08002525   Thumb Code   160  keybd.o(.text)
    Go_sleep_mode                            0x080025c5   Thumb Code    14  keybd.o(.text)
    TSM12_lp_Init                            0x080025d3   Thumb Code    18  keybd.o(.text)
    Noise_State                              0x080025e5   Thumb Code    24  keybd.o(.text)
    Exit_sleep_mode                          0x080025fd   Thumb Code    14  keybd.o(.text)
    TSM12_Reading_Start                      0x0800260b   Thumb Code   294  keybd.o(.text)
    Check_PassWord                           0x08002731   Thumb Code    56  keybd.o(.text)
    USER_GETPASSWORD                         0x08002769   Thumb Code    52  keybd.o(.text)
    USER_PassWordCheck                       0x0800279d   Thumb Code    64  keybd.o(.text)
    PASSWORD_Enroll                          0x080027dd   Thumb Code   112  keybd.o(.text)
    PASSWORD_Identify                        0x0800284d   Thumb Code   122  keybd.o(.text)
    PASSWORD_MAIN                            0x080028c7   Thumb Code   130  keybd.o(.text)
    KEYBD_MAIN                               0x08002949   Thumb Code   362  keybd.o(.text)
    LOCK_MENU_1L                             0x08002af1   Thumb Code    30  lock.o(.text)
    LOCK_MENU_2L                             0x08002b0f   Thumb Code    30  lock.o(.text)
    LOCK_MAIN                                0x08002b2d   Thumb Code    16  lock.o(.text)
    KeyBD_State_Rst                          0x08002b3d   Thumb Code    24  lock.o(.text)
    ClearPassWord                            0x08002b55   Thumb Code    20  lock.o(.text)
    LOCK_ADMIN_SET                           0x08002b69   Thumb Code   230  lock.o(.text)
    LOCK_INIT                                0x08002c4f   Thumb Code    32  lock.o(.text)
    GPIO_INIT_MOTO                           0x08002c99   Thumb Code    44  moto.o(.text)
    MOTO_Standby                             0x08002cc5   Thumb Code    16  moto.o(.text)
    MOTO_Stop                                0x08002cd5   Thumb Code    14  moto.o(.text)
    MOTO_Forward                             0x08002ce3   Thumb Code    40  moto.o(.text)
    MOTO_Back                                0x08002d0b   Thumb Code    40  moto.o(.text)
    MOTO_INIT                                0x08002d33   Thumb Code    12  moto.o(.text)
    MOTO_lp_INIT                             0x08002d3f   Thumb Code    12  moto.o(.text)
    GPIO_INIT_VBusy                          0x08002d51   Thumb Code    40  voice.o(.text)
    GET_VBusy_State                          0x08002d79   Thumb Code    14  voice.o(.text)
    IIc_init                                 0x08002d87   Thumb Code    42  voice.o(.text)
    IIC_WR_MODE                              0x08002db1   Thumb Code    42  voice.o(.text)
    IIC_RD_MODE                              0x08002ddb   Thumb Code    38  voice.o(.text)
    IIC_DELAY                                0x08002e01   Thumb Code    12  voice.o(.text)
    SDA_V                                    0x08002e0d   Thumb Code    12  voice.o(.text)
    START_CONDITION                          0x08002e19   Thumb Code    48  voice.o(.text)
    STOP_CONDITION                           0x08002e49   Thumb Code    36  voice.o(.text)
    IIC_WRITE_ACK                            0x08002e6d   Thumb Code    50  voice.o(.text)
    IIC_READ_ACK                             0x08002e9f   Thumb Code    56  voice.o(.text)
    IIC_WRITE                                0x08002ed7   Thumb Code   112  voice.o(.text)
    IIC_READ                                 0x08002f47   Thumb Code    70  voice.o(.text)
    SetIICRegister                           0x08002f8d   Thumb Code   138  voice.o(.text)
    GetIICRegister                           0x08003017   Thumb Code   158  voice.o(.text)
    VOICE_IIC_WRITE                          0x080030b5   Thumb Code   134  voice.o(.text)
    VOICE_INIT                               0x0800313b   Thumb Code    12  voice.o(.text)
    VOICE_lp_INIT                            0x08003147   Thumb Code    34  voice.o(.text)
    VOICE                                    0x08003169   Thumb Code    34  voice.o(.text)
    VOICE_test                               0x0800318b   Thumb Code    28  voice.o(.text)
    voice_ok                                 0x080031a7   Thumb Code    12  voice.o(.text)
    voice_error                              0x080031b3   Thumb Code    12  voice.o(.text)
    test_voice_ok_and_error                  0x080031bf   Thumb Code    28  voice.o(.text)
    Reset_Handler                            0x080031dd   Thumb Code     8  startup_stm32f030.o(.text)
    ADC1_IRQHandler                          0x080031ef   Thumb Code     0  startup_stm32f030.o(.text)
    DMA1_Channel1_IRQHandler                 0x080031ef   Thumb Code     0  startup_stm32f030.o(.text)
    DMA1_Channel2_3_IRQHandler               0x080031ef   Thumb Code     0  startup_stm32f030.o(.text)
    DMA1_Channel4_5_IRQHandler               0x080031ef   Thumb Code     0  startup_stm32f030.o(.text)
    FLASH_IRQHandler                         0x080031ef   Thumb Code     0  startup_stm32f030.o(.text)
    I2C1_IRQHandler                          0x080031ef   Thumb Code     0  startup_stm32f030.o(.text)
    I2C2_IRQHandler                          0x080031ef   Thumb Code     0  startup_stm32f030.o(.text)
    RCC_IRQHandler                           0x080031ef   Thumb Code     0  startup_stm32f030.o(.text)
    RTC_IRQHandler                           0x080031ef   Thumb Code     0  startup_stm32f030.o(.text)
    SPI1_IRQHandler                          0x080031ef   Thumb Code     0  startup_stm32f030.o(.text)
    SPI2_IRQHandler                          0x080031ef   Thumb Code     0  startup_stm32f030.o(.text)
    TIM14_IRQHandler                         0x080031ef   Thumb Code     0  startup_stm32f030.o(.text)
    TIM15_IRQHandler                         0x080031ef   Thumb Code     0  startup_stm32f030.o(.text)
    TIM16_IRQHandler                         0x080031ef   Thumb Code     0  startup_stm32f030.o(.text)
    TIM17_IRQHandler                         0x080031ef   Thumb Code     0  startup_stm32f030.o(.text)
    TIM1_BRK_UP_TRG_COM_IRQHandler           0x080031ef   Thumb Code     0  startup_stm32f030.o(.text)
    TIM1_CC_IRQHandler                       0x080031ef   Thumb Code     0  startup_stm32f030.o(.text)
    USART2_IRQHandler                        0x080031ef   Thumb Code     0  startup_stm32f030.o(.text)
    WWDG_IRQHandler                          0x080031ef   Thumb Code     0  startup_stm32f030.o(.text)
    __user_initial_stackheap                 0x080031f1   Thumb Code     0  startup_stm32f030.o(.text)
    gpio_init_rf433m_power                   0x08003215   Thumb Code    44  lora.o(.text)
    hwapi03_rf433m_power_ctrl                0x08003241   Thumb Code    26  lora.o(.text)
    test_hwapi03_rf433m_power_ctrl           0x0800325b   Thumb Code    32  lora.o(.text)
    EXTI_DeInit                              0x08003281   Thumb Code    20  stm32f0xx_exti.o(.text)
    EXTI_Init                                0x08003295   Thumb Code   132  stm32f0xx_exti.o(.text)
    EXTI_StructInit                          0x08003319   Thumb Code    16  stm32f0xx_exti.o(.text)
    EXTI_GenerateSWInterrupt                 0x08003329   Thumb Code    12  stm32f0xx_exti.o(.text)
    EXTI_GetFlagStatus                       0x08003335   Thumb Code    22  stm32f0xx_exti.o(.text)
    EXTI_ClearFlag                           0x0800334b   Thumb Code     6  stm32f0xx_exti.o(.text)
    EXTI_GetITStatus                         0x08003351   Thumb Code    22  stm32f0xx_exti.o(.text)
    EXTI_ClearITPendingBit                   0x08003367   Thumb Code     6  stm32f0xx_exti.o(.text)
    FLASH_SetLatency                         0x08003379   Thumb Code    24  stm32f0xx_flash.o(.text)
    FLASH_PrefetchBufferCmd                  0x08003391   Thumb Code    32  stm32f0xx_flash.o(.text)
    FLASH_GetPrefetchBufferStatus            0x080033b1   Thumb Code    22  stm32f0xx_flash.o(.text)
    FLASH_Unlock                             0x080033c7   Thumb Code    24  stm32f0xx_flash.o(.text)
    FLASH_Lock                               0x080033df   Thumb Code    14  stm32f0xx_flash.o(.text)
    FLASH_GetStatus                          0x080033ed   Thumb Code    54  stm32f0xx_flash.o(.text)
    FLASH_WaitForLastOperation               0x08003423   Thumb Code    40  stm32f0xx_flash.o(.text)
    FLASH_ErasePage                          0x0800344b   Thumb Code    72  stm32f0xx_flash.o(.text)
    FLASH_EraseAllPages                      0x08003493   Thumb Code    68  stm32f0xx_flash.o(.text)
    FLASH_ProgramWord                        0x080034d7   Thumb Code   104  stm32f0xx_flash.o(.text)
    FLASH_ProgramHalfWord                    0x0800353f   Thumb Code    62  stm32f0xx_flash.o(.text)
    FLASH_OB_Unlock                          0x0800357d   Thumb Code    26  stm32f0xx_flash.o(.text)
    FLASH_OB_Lock                            0x08003597   Thumb Code    16  stm32f0xx_flash.o(.text)
    FLASH_OB_Launch                          0x080035a7   Thumb Code    16  stm32f0xx_flash.o(.text)
    FLASH_OB_GetRDP                          0x080035b7   Thumb Code    22  stm32f0xx_flash.o(.text)
    FLASH_OB_Erase                           0x080035cd   Thumb Code   144  stm32f0xx_flash.o(.text)
    FLASH_OB_EnableWRP                       0x0800365d   Thumb Code   108  stm32f0xx_flash.o(.text)
    FLASH_OB_RDPConfig                       0x080036c9   Thumb Code   134  stm32f0xx_flash.o(.text)
    FLASH_OB_UserConfig                      0x0800374f   Thumb Code   102  stm32f0xx_flash.o(.text)
    FLASH_OB_BOOTConfig                      0x080037b5   Thumb Code    70  stm32f0xx_flash.o(.text)
    FLASH_OB_VDDAConfig                      0x080037fb   Thumb Code    70  stm32f0xx_flash.o(.text)
    FLASH_OB_SRAMParityConfig                0x08003841   Thumb Code    70  stm32f0xx_flash.o(.text)
    FLASH_OB_WriteUser                       0x08003887   Thumb Code    70  stm32f0xx_flash.o(.text)
    FLASH_OB_ProgramData                     0x080038cd   Thumb Code    66  stm32f0xx_flash.o(.text)
    FLASH_OB_GetUser                         0x0800390f   Thumb Code    10  stm32f0xx_flash.o(.text)
    FLASH_OB_GetWRP                          0x08003919   Thumb Code     6  stm32f0xx_flash.o(.text)
    FLASH_ITConfig                           0x0800391f   Thumb Code    28  stm32f0xx_flash.o(.text)
    FLASH_GetFlagStatus                      0x0800393b   Thumb Code    22  stm32f0xx_flash.o(.text)
    FLASH_ClearFlag                          0x08003951   Thumb Code     6  stm32f0xx_flash.o(.text)
    GPIO_DeInit                              0x08003961   Thumb Code   132  stm32f0xx_gpio.o(.text)
    GPIO_Init                                0x080039e5   Thumb Code   144  stm32f0xx_gpio.o(.text)
    GPIO_StructInit                          0x08003a75   Thumb Code    20  stm32f0xx_gpio.o(.text)
    GPIO_PinLockConfig                       0x08003a89   Thumb Code    34  stm32f0xx_gpio.o(.text)
    GPIO_ReadInputDataBit                    0x08003aab   Thumb Code    20  stm32f0xx_gpio.o(.text)
    GPIO_ReadInputData                       0x08003abf   Thumb Code     6  stm32f0xx_gpio.o(.text)
    GPIO_ReadOutputDataBit                   0x08003ac5   Thumb Code    20  stm32f0xx_gpio.o(.text)
    GPIO_ReadOutputData                      0x08003ad9   Thumb Code     6  stm32f0xx_gpio.o(.text)
    GPIO_SetBits                             0x08003adf   Thumb Code     4  stm32f0xx_gpio.o(.text)
    GPIO_ResetBits                           0x08003ae3   Thumb Code     4  stm32f0xx_gpio.o(.text)
    GPIO_WriteBit                            0x08003ae7   Thumb Code    12  stm32f0xx_gpio.o(.text)
    GPIO_Write                               0x08003af3   Thumb Code     4  stm32f0xx_gpio.o(.text)
    GPIO_PinAFConfig                         0x08003af7   Thumb Code    68  stm32f0xx_gpio.o(.text)
    NVIC_Init                                0x08003b51   Thumb Code   106  stm32f0xx_misc.o(.text)
    NVIC_SystemLPConfig                      0x08003bbb   Thumb Code    28  stm32f0xx_misc.o(.text)
    SysTick_CLKSourceConfig                  0x08003bd7   Thumb Code    32  stm32f0xx_misc.o(.text)
    PWR_DeInit                               0x08003c05   Thumb Code    22  stm32f0xx_pwr.o(.text)
    PWR_BackupAccessCmd                      0x08003c1b   Thumb Code    36  stm32f0xx_pwr.o(.text)
    PWR_PVDLevelConfig                       0x08003c3f   Thumb Code    28  stm32f0xx_pwr.o(.text)
    PWR_PVDCmd                               0x08003c5b   Thumb Code    32  stm32f0xx_pwr.o(.text)
    PWR_WakeUpPinCmd                         0x08003c7b   Thumb Code    28  stm32f0xx_pwr.o(.text)
    PWR_EnterSleepMode                       0x08003c97   Thumb Code    24  stm32f0xx_pwr.o(.text)
    PWR_EnterSTOPMode                        0x08003caf   Thumb Code    60  stm32f0xx_pwr.o(.text)
    PWR_EnterSTANDBYMode                     0x08003ceb   Thumb Code    40  stm32f0xx_pwr.o(.text)
    PWR_GetFlagStatus                        0x08003d13   Thumb Code    22  stm32f0xx_pwr.o(.text)
    PWR_ClearFlag                            0x08003d29   Thumb Code    14  stm32f0xx_pwr.o(.text)
    RCC_DeInit                               0x08003d41   Thumb Code   104  stm32f0xx_rcc.o(.text)
    RCC_HSEConfig                            0x08003da9   Thumb Code    12  stm32f0xx_rcc.o(.text)
    RCC_GetFlagStatus                        0x08003db5   Thumb Code    68  stm32f0xx_rcc.o(.text)
    RCC_WaitForHSEStartUp                    0x08003df9   Thumb Code    60  stm32f0xx_rcc.o(.text)
    RCC_AdjustHSICalibrationValue            0x08003e35   Thumb Code    26  stm32f0xx_rcc.o(.text)
    RCC_HSICmd                               0x08003e4f   Thumb Code    32  stm32f0xx_rcc.o(.text)
    RCC_AdjustHSI14CalibrationValue          0x08003e6f   Thumb Code    26  stm32f0xx_rcc.o(.text)
    RCC_HSI14Cmd                             0x08003e89   Thumb Code    32  stm32f0xx_rcc.o(.text)
    RCC_HSI14ADCRequestCmd                   0x08003ea9   Thumb Code    32  stm32f0xx_rcc.o(.text)
    RCC_LSEConfig                            0x08003ec9   Thumb Code    34  stm32f0xx_rcc.o(.text)
    RCC_LSEDriveConfig                       0x08003eeb   Thumb Code    22  stm32f0xx_rcc.o(.text)
    RCC_LSICmd                               0x08003f01   Thumb Code    32  stm32f0xx_rcc.o(.text)
    RCC_PLLConfig                            0x08003f21   Thumb Code    30  stm32f0xx_rcc.o(.text)
    RCC_PLLCmd                               0x08003f3f   Thumb Code    36  stm32f0xx_rcc.o(.text)
    RCC_PREDIV1Config                        0x08003f63   Thumb Code    24  stm32f0xx_rcc.o(.text)
    RCC_ClockSecuritySystemCmd               0x08003f7b   Thumb Code    36  stm32f0xx_rcc.o(.text)
    RCC_MCOConfig                            0x08003f9f   Thumb Code     6  stm32f0xx_rcc.o(.text)
    RCC_SYSCLKConfig                         0x08003fa5   Thumb Code    24  stm32f0xx_rcc.o(.text)
    RCC_GetSYSCLKSource                      0x08003fbd   Thumb Code    10  stm32f0xx_rcc.o(.text)
    RCC_HCLKConfig                           0x08003fc7   Thumb Code    28  stm32f0xx_rcc.o(.text)
    RCC_PCLKConfig                           0x08003fe3   Thumb Code    30  stm32f0xx_rcc.o(.text)
    RCC_ADCCLKConfig                         0x08004001   Thumb Code    52  stm32f0xx_rcc.o(.text)
    RCC_CECCLKConfig                         0x08004035   Thumb Code    22  stm32f0xx_rcc.o(.text)
    RCC_I2CCLKConfig                         0x0800404b   Thumb Code    22  stm32f0xx_rcc.o(.text)
    RCC_USARTCLKConfig                       0x08004061   Thumb Code    22  stm32f0xx_rcc.o(.text)
    RCC_GetClocksFreq                        0x08004077   Thumb Code   368  stm32f0xx_rcc.o(.text)
    RCC_RTCCLKConfig                         0x080041e7   Thumb Code    12  stm32f0xx_rcc.o(.text)
    RCC_RTCCLKCmd                            0x080041f3   Thumb Code    36  stm32f0xx_rcc.o(.text)
    RCC_BackupResetCmd                       0x08004217   Thumb Code    36  stm32f0xx_rcc.o(.text)
    RCC_AHBPeriphClockCmd                    0x0800423b   Thumb Code    28  stm32f0xx_rcc.o(.text)
    RCC_APB2PeriphClockCmd                   0x08004257   Thumb Code    28  stm32f0xx_rcc.o(.text)
    RCC_APB1PeriphClockCmd                   0x08004273   Thumb Code    28  stm32f0xx_rcc.o(.text)
    RCC_AHBPeriphResetCmd                    0x0800428f   Thumb Code    28  stm32f0xx_rcc.o(.text)
    RCC_APB2PeriphResetCmd                   0x080042ab   Thumb Code    28  stm32f0xx_rcc.o(.text)
    RCC_APB1PeriphResetCmd                   0x080042c7   Thumb Code    28  stm32f0xx_rcc.o(.text)
    RCC_ITConfig                             0x080042e3   Thumb Code    28  stm32f0xx_rcc.o(.text)
    RCC_ClearFlag                            0x080042ff   Thumb Code    16  stm32f0xx_rcc.o(.text)
    RCC_GetITStatus                          0x0800430f   Thumb Code    22  stm32f0xx_rcc.o(.text)
    RCC_ClearITPendingBit                    0x08004325   Thumb Code     6  stm32f0xx_rcc.o(.text)
    SPI_I2S_DeInit                           0x08004339   Thumb Code    52  stm32f0xx_spi.o(.text)
    SPI_StructInit                           0x0800436d   Thumb Code    30  stm32f0xx_spi.o(.text)
    SPI_Init                                 0x0800438b   Thumb Code    76  stm32f0xx_spi.o(.text)
    I2S_StructInit                           0x080043d7   Thumb Code    20  stm32f0xx_spi.o(.text)
    I2S_Init                                 0x080043eb   Thumb Code   228  stm32f0xx_spi.o(.text)
    SPI_Cmd                                  0x080044cf   Thumb Code    26  stm32f0xx_spi.o(.text)
    SPI_TIModeCmd                            0x080044e9   Thumb Code    26  stm32f0xx_spi.o(.text)
    I2S_Cmd                                  0x08004503   Thumb Code    26  stm32f0xx_spi.o(.text)
    SPI_DataSizeConfig                       0x0800451d   Thumb Code    20  stm32f0xx_spi.o(.text)
    SPI_RxFIFOThresholdConfig                0x08004531   Thumb Code    16  stm32f0xx_spi.o(.text)
    SPI_BiDirectionalLineConfig              0x08004541   Thumb Code    28  stm32f0xx_spi.o(.text)
    SPI_NSSInternalSoftwareConfig            0x0800455d   Thumb Code    32  stm32f0xx_spi.o(.text)
    SPI_SSOutputCmd                          0x0800457d   Thumb Code    24  stm32f0xx_spi.o(.text)
    SPI_NSSPulseModeCmd                      0x08004595   Thumb Code    26  stm32f0xx_spi.o(.text)
    SPI_SendData8                            0x080045af   Thumb Code    10  stm32f0xx_spi.o(.text)
    SPI_I2S_SendData16                       0x080045b9   Thumb Code     4  stm32f0xx_spi.o(.text)
    SPI_ReceiveData8                         0x080045bd   Thumb Code    12  stm32f0xx_spi.o(.text)
    SPI_I2S_ReceiveData16                    0x080045c9   Thumb Code     6  stm32f0xx_spi.o(.text)
    SPI_CRCLengthConfig                      0x080045cf   Thumb Code    16  stm32f0xx_spi.o(.text)
    SPI_CalculateCRC                         0x080045df   Thumb Code    26  stm32f0xx_spi.o(.text)
    SPI_TransmitCRC                          0x080045f9   Thumb Code    12  stm32f0xx_spi.o(.text)
    SPI_GetCRC                               0x08004605   Thumb Code    16  stm32f0xx_spi.o(.text)
    SPI_GetCRCPolynomial                     0x08004615   Thumb Code     6  stm32f0xx_spi.o(.text)
    SPI_I2S_DMACmd                           0x0800461b   Thumb Code    20  stm32f0xx_spi.o(.text)
    SPI_LastDMATransferCmd                   0x0800462f   Thumb Code    16  stm32f0xx_spi.o(.text)
    SPI_I2S_ITConfig                         0x0800463f   Thumb Code    34  stm32f0xx_spi.o(.text)
    SPI_GetTransmissionFIFOStatus            0x08004661   Thumb Code    12  stm32f0xx_spi.o(.text)
    SPI_GetReceptionFIFOStatus               0x0800466d   Thumb Code    12  stm32f0xx_spi.o(.text)
    SPI_I2S_GetFlagStatus                    0x08004679   Thumb Code    20  stm32f0xx_spi.o(.text)
    SPI_I2S_ClearFlag                        0x0800468d   Thumb Code     6  stm32f0xx_spi.o(.text)
    SPI_I2S_GetITStatus                      0x08004693   Thumb Code    56  stm32f0xx_spi.o(.text)
    SYSCFG_DeInit                            0x080046f5   Thumb Code    40  stm32f0xx_syscfg.o(.text)
    SYSCFG_MemoryRemapConfig                 0x0800471d   Thumb Code    24  stm32f0xx_syscfg.o(.text)
    SYSCFG_DMAChannelRemapConfig             0x08004735   Thumb Code    28  stm32f0xx_syscfg.o(.text)
    SYSCFG_I2CFastModePlusConfig             0x08004751   Thumb Code    28  stm32f0xx_syscfg.o(.text)
    SYSCFG_EXTILineConfig                    0x0800476d   Thumb Code    66  stm32f0xx_syscfg.o(.text)
    SYSCFG_BreakConfig                       0x080047af   Thumb Code    12  stm32f0xx_syscfg.o(.text)
    SYSCFG_GetFlagStatus                     0x080047bb   Thumb Code    26  stm32f0xx_syscfg.o(.text)
    SYSCFG_ClearFlag                         0x080047d5   Thumb Code    12  stm32f0xx_syscfg.o(.text)
    TIM_DeInit                               0x080047e5   Thumb Code   204  stm32f0xx_tim.o(.text)
    TIM_TimeBaseInit                         0x080048b1   Thumb Code    90  stm32f0xx_tim.o(.text)
    TIM_TimeBaseStructInit                   0x0800490b   Thumb Code    18  stm32f0xx_tim.o(.text)
    TIM_PrescalerConfig                      0x0800491d   Thumb Code     6  stm32f0xx_tim.o(.text)
    TIM_CounterModeConfig                    0x08004923   Thumb Code    20  stm32f0xx_tim.o(.text)
    TIM_SetCounter                           0x08004937   Thumb Code     4  stm32f0xx_tim.o(.text)
    TIM_SetAutoreload                        0x0800493b   Thumb Code     4  stm32f0xx_tim.o(.text)
    TIM_GetCounter                           0x0800493f   Thumb Code     6  stm32f0xx_tim.o(.text)
    TIM_GetPrescaler                         0x08004945   Thumb Code     6  stm32f0xx_tim.o(.text)
    TIM_UpdateDisableConfig                  0x0800494b   Thumb Code    26  stm32f0xx_tim.o(.text)
    TIM_UpdateRequestConfig                  0x08004965   Thumb Code    26  stm32f0xx_tim.o(.text)
    TIM_ARRPreloadConfig                     0x0800497f   Thumb Code    26  stm32f0xx_tim.o(.text)
    TIM_SelectOnePulseMode                   0x08004999   Thumb Code    18  stm32f0xx_tim.o(.text)
    TIM_SetClockDivision                     0x080049ab   Thumb Code    16  stm32f0xx_tim.o(.text)
    TIM_Cmd                                  0x080049bb   Thumb Code    26  stm32f0xx_tim.o(.text)
    TIM_BDTRConfig                           0x080049d5   Thumb Code    32  stm32f0xx_tim.o(.text)
    TIM_BDTRStructInit                       0x080049f5   Thumb Code    18  stm32f0xx_tim.o(.text)
    TIM_CtrlPWMOutputs                       0x08004a07   Thumb Code    34  stm32f0xx_tim.o(.text)
    TIM_OC1Init                              0x08004a29   Thumb Code   122  stm32f0xx_tim.o(.text)
    TIM_OC2Init                              0x08004aa3   Thumb Code   144  stm32f0xx_tim.o(.text)
    TIM_OC3Init                              0x08004b33   Thumb Code   124  stm32f0xx_tim.o(.text)
    TIM_OC4Init                              0x08004baf   Thumb Code   150  stm32f0xx_tim.o(.text)
    TIM_OCStructInit                         0x08004c45   Thumb Code    20  stm32f0xx_tim.o(.text)
    TIM_SelectOCxM                           0x08004c59   Thumb Code    82  stm32f0xx_tim.o(.text)
    TIM_SetCompare1                          0x08004cab   Thumb Code     4  stm32f0xx_tim.o(.text)
    TIM_SetCompare2                          0x08004caf   Thumb Code     4  stm32f0xx_tim.o(.text)
    TIM_SetCompare3                          0x08004cb3   Thumb Code     4  stm32f0xx_tim.o(.text)
    TIM_SetCompare4                          0x08004cb7   Thumb Code     4  stm32f0xx_tim.o(.text)
    TIM_ForcedOC1Config                      0x08004cbb   Thumb Code    20  stm32f0xx_tim.o(.text)
    TIM_ForcedOC2Config                      0x08004ccf   Thumb Code    20  stm32f0xx_tim.o(.text)
    TIM_ForcedOC3Config                      0x08004ce3   Thumb Code    20  stm32f0xx_tim.o(.text)
    TIM_ForcedOC4Config                      0x08004cf7   Thumb Code    20  stm32f0xx_tim.o(.text)
    TIM_CCPreloadControl                     0x08004d0b   Thumb Code    26  stm32f0xx_tim.o(.text)
    TIM_OC1PreloadConfig                     0x08004d25   Thumb Code    22  stm32f0xx_tim.o(.text)
    TIM_OC2PreloadConfig                     0x08004d3b   Thumb Code    20  stm32f0xx_tim.o(.text)
    TIM_OC3PreloadConfig                     0x08004d4f   Thumb Code    22  stm32f0xx_tim.o(.text)
    TIM_OC4PreloadConfig                     0x08004d65   Thumb Code    20  stm32f0xx_tim.o(.text)
    TIM_OC1FastConfig                        0x08004d79   Thumb Code    22  stm32f0xx_tim.o(.text)
    TIM_OC2FastConfig                        0x08004d8f   Thumb Code    20  stm32f0xx_tim.o(.text)
    TIM_OC3FastConfig                        0x08004da3   Thumb Code    22  stm32f0xx_tim.o(.text)
    TIM_OC4FastConfig                        0x08004db9   Thumb Code    20  stm32f0xx_tim.o(.text)
    TIM_ClearOC1Ref                          0x08004dcd   Thumb Code    22  stm32f0xx_tim.o(.text)
    TIM_ClearOC2Ref                          0x08004de3   Thumb Code    20  stm32f0xx_tim.o(.text)
    TIM_ClearOC3Ref                          0x08004df7   Thumb Code    22  stm32f0xx_tim.o(.text)
    TIM_ClearOC4Ref                          0x08004e0d   Thumb Code    20  stm32f0xx_tim.o(.text)
    TIM_OC1PolarityConfig                    0x08004e21   Thumb Code    22  stm32f0xx_tim.o(.text)
    TIM_OC1NPolarityConfig                   0x08004e37   Thumb Code    22  stm32f0xx_tim.o(.text)
    TIM_OC2PolarityConfig                    0x08004e4d   Thumb Code    22  stm32f0xx_tim.o(.text)
    TIM_OC2NPolarityConfig                   0x08004e63   Thumb Code    22  stm32f0xx_tim.o(.text)
    TIM_OC3PolarityConfig                    0x08004e79   Thumb Code    20  stm32f0xx_tim.o(.text)
    TIM_OC3NPolarityConfig                   0x08004e8d   Thumb Code    20  stm32f0xx_tim.o(.text)
    TIM_OC4PolarityConfig                    0x08004ea1   Thumb Code    20  stm32f0xx_tim.o(.text)
    TIM_SelectOCREFClear                     0x08004eb5   Thumb Code    18  stm32f0xx_tim.o(.text)
    TIM_CCxCmd                               0x08004ec7   Thumb Code    30  stm32f0xx_tim.o(.text)
    TIM_CCxNCmd                              0x08004ee5   Thumb Code    30  stm32f0xx_tim.o(.text)
    TIM_SelectCOM                            0x08004f03   Thumb Code    26  stm32f0xx_tim.o(.text)
    TIM_SetIC4Prescaler                      0x08004f1d   Thumb Code    20  stm32f0xx_tim.o(.text)
    TIM_SetIC3Prescaler                      0x08004f73   Thumb Code    18  stm32f0xx_tim.o(.text)
    TIM_SetIC2Prescaler                      0x08004fc7   Thumb Code    20  stm32f0xx_tim.o(.text)
    TIM_SetIC1Prescaler                      0x08005055   Thumb Code    16  stm32f0xx_tim.o(.text)
    TIM_ICInit                               0x0800509b   Thumb Code   112  stm32f0xx_tim.o(.text)
    TIM_ICStructInit                         0x0800510b   Thumb Code    18  stm32f0xx_tim.o(.text)
    TIM_PWMIConfig                           0x0800511d   Thumb Code   124  stm32f0xx_tim.o(.text)
    TIM_GetCapture1                          0x08005199   Thumb Code     6  stm32f0xx_tim.o(.text)
    TIM_GetCapture2                          0x0800519f   Thumb Code     6  stm32f0xx_tim.o(.text)
    TIM_GetCapture3                          0x080051a5   Thumb Code     6  stm32f0xx_tim.o(.text)
    TIM_GetCapture4                          0x080051ab   Thumb Code     6  stm32f0xx_tim.o(.text)
    TIM_ITConfig                             0x080051b1   Thumb Code    20  stm32f0xx_tim.o(.text)
    TIM_GenerateEvent                        0x080051c5   Thumb Code     4  stm32f0xx_tim.o(.text)
    TIM_GetFlagStatus                        0x080051c9   Thumb Code    20  stm32f0xx_tim.o(.text)
    TIM_ClearFlag                            0x080051dd   Thumb Code     6  stm32f0xx_tim.o(.text)
    TIM_GetITStatus                          0x080051e3   Thumb Code    38  stm32f0xx_tim.o(.text)
    TIM_ClearITPendingBit                    0x08005209   Thumb Code     6  stm32f0xx_tim.o(.text)
    TIM_DMAConfig                            0x0800520f   Thumb Code    12  stm32f0xx_tim.o(.text)
    TIM_DMACmd                               0x0800521b   Thumb Code    20  stm32f0xx_tim.o(.text)
    TIM_SelectCCDMA                          0x0800522f   Thumb Code    26  stm32f0xx_tim.o(.text)
    TIM_InternalClockConfig                  0x08005249   Thumb Code    12  stm32f0xx_tim.o(.text)
    TIM_SelectInputTrigger                   0x08005255   Thumb Code    22  stm32f0xx_tim.o(.text)
    TIM_ITRxExternalClockConfig              0x0800526b   Thumb Code    24  stm32f0xx_tim.o(.text)
    TIM_TIxExternalClockConfig               0x08005283   Thumb Code    58  stm32f0xx_tim.o(.text)
    TIM_ETRConfig                            0x080052bd   Thumb Code    24  stm32f0xx_tim.o(.text)
    TIM_ETRClockMode1Config                  0x080052d5   Thumb Code    48  stm32f0xx_tim.o(.text)
    TIM_ETRClockMode2Config                  0x08005305   Thumb Code    34  stm32f0xx_tim.o(.text)
    TIM_SelectOutputTrigger                  0x08005327   Thumb Code    18  stm32f0xx_tim.o(.text)
    TIM_SelectSlaveMode                      0x08005339   Thumb Code    18  stm32f0xx_tim.o(.text)
    TIM_SelectMasterSlaveMode                0x0800534b   Thumb Code    18  stm32f0xx_tim.o(.text)
    TIM_EncoderInterfaceConfig               0x0800535d   Thumb Code    60  stm32f0xx_tim.o(.text)
    TIM_SelectHallSensor                     0x08005399   Thumb Code    26  stm32f0xx_tim.o(.text)
    TIM_RemapConfig                          0x080053b3   Thumb Code     6  stm32f0xx_tim.o(.text)
    USART_DeInit                             0x080053c1   Thumb Code    56  stm32f0xx_usart.o(.text)
    USART_Init                               0x080053f9   Thumb Code   202  stm32f0xx_usart.o(.text)
    USART_StructInit                         0x080054c3   Thumb Code    24  stm32f0xx_usart.o(.text)
    USART_ClockInit                          0x080054db   Thumb Code    36  stm32f0xx_usart.o(.text)
    USART_ClockStructInit                    0x080054ff   Thumb Code    12  stm32f0xx_usart.o(.text)
    USART_Cmd                                0x0800550b   Thumb Code    24  stm32f0xx_usart.o(.text)
    USART_DirectionModeCmd                   0x08005523   Thumb Code    20  stm32f0xx_usart.o(.text)
    USART_OverSampling8Cmd                   0x08005537   Thumb Code    28  stm32f0xx_usart.o(.text)
    USART_OneBitMethodCmd                    0x08005553   Thumb Code    28  stm32f0xx_usart.o(.text)
    USART_MSBFirstCmd                        0x0800556f   Thumb Code    28  stm32f0xx_usart.o(.text)
    USART_DataInvCmd                         0x0800558b   Thumb Code    28  stm32f0xx_usart.o(.text)
    USART_InvPinCmd                          0x080055a7   Thumb Code    20  stm32f0xx_usart.o(.text)
    USART_SWAPPinCmd                         0x080055bb   Thumb Code    28  stm32f0xx_usart.o(.text)
    USART_ReceiverTimeOutCmd                 0x080055d7   Thumb Code    28  stm32f0xx_usart.o(.text)
    USART_SetReceiverTimeOut                 0x080055f3   Thumb Code    16  stm32f0xx_usart.o(.text)
    USART_SetPrescaler                       0x08005603   Thumb Code    18  stm32f0xx_usart.o(.text)
    USART_STOPModeCmd                        0x08005615   Thumb Code    24  stm32f0xx_usart.o(.text)
    USART_StopModeWakeUpSourceConfig         0x0800562d   Thumb Code    18  stm32f0xx_usart.o(.text)
    USART_AutoBaudRateCmd                    0x0800563f   Thumb Code    28  stm32f0xx_usart.o(.text)
    USART_AutoBaudRateConfig                 0x0800565b   Thumb Code    18  stm32f0xx_usart.o(.text)
    USART_SendData                           0x0800566d   Thumb Code     8  stm32f0xx_usart.o(.text)
    USART_ReceiveData                        0x08005675   Thumb Code    10  stm32f0xx_usart.o(.text)
    USART_SetAddress                         0x0800567f   Thumb Code    18  stm32f0xx_usart.o(.text)
    USART_MuteModeCmd                        0x08005691   Thumb Code    28  stm32f0xx_usart.o(.text)
    USART_MuteModeWakeUpConfig               0x080056ad   Thumb Code    18  stm32f0xx_usart.o(.text)
    USART_AddressDetectionConfig             0x080056bf   Thumb Code    16  stm32f0xx_usart.o(.text)
    USART_LINBreakDetectLengthConfig         0x080056cf   Thumb Code    16  stm32f0xx_usart.o(.text)
    USART_LINCmd                             0x080056df   Thumb Code    28  stm32f0xx_usart.o(.text)
    USART_HalfDuplexCmd                      0x080056fb   Thumb Code    24  stm32f0xx_usart.o(.text)
    USART_SetGuardTime                       0x08005713   Thumb Code    16  stm32f0xx_usart.o(.text)
    USART_SmartCardCmd                       0x08005723   Thumb Code    24  stm32f0xx_usart.o(.text)
    USART_SmartCardNACKCmd                   0x0800573b   Thumb Code    24  stm32f0xx_usart.o(.text)
    USART_SetAutoRetryCount                  0x08005753   Thumb Code    20  stm32f0xx_usart.o(.text)
    USART_SetBlockLength                     0x08005767   Thumb Code    18  stm32f0xx_usart.o(.text)
    USART_IrDAConfig                         0x08005779   Thumb Code    16  stm32f0xx_usart.o(.text)
    USART_IrDACmd                            0x08005789   Thumb Code    40  stm32f0xx_usart.o(.text)
    USART_DECmd                              0x080057b1   Thumb Code    28  stm32f0xx_usart.o(.text)
    USART_DEPolarityConfig                   0x080057cd   Thumb Code    18  stm32f0xx_usart.o(.text)
    USART_SetDEAssertionTime                 0x080057df   Thumb Code    20  stm32f0xx_usart.o(.text)
    USART_SetDEDeassertionTime               0x080057f3   Thumb Code    20  stm32f0xx_usart.o(.text)
    USART_DMACmd                             0x08005807   Thumb Code    20  stm32f0xx_usart.o(.text)
    USART_DMAReceptionErrorConfig            0x0800581b   Thumb Code    18  stm32f0xx_usart.o(.text)
    USART_ITConfig                           0x0800582d   Thumb Code    66  stm32f0xx_usart.o(.text)
    USART_RequestCmd                         0x0800586f   Thumb Code    20  stm32f0xx_usart.o(.text)
    USART_OverrunDetectionConfig             0x08005883   Thumb Code    18  stm32f0xx_usart.o(.text)
    USART_GetFlagStatus                      0x08005895   Thumb Code    20  stm32f0xx_usart.o(.text)
    USART_ClearFlag                          0x080058a9   Thumb Code     4  stm32f0xx_usart.o(.text)
    USART_GetITStatus                        0x080058ad   Thumb Code    78  stm32f0xx_usart.o(.text)
    USART_ClearITPendingBit                  0x080058fb   Thumb Code    18  stm32f0xx_usart.o(.text)
    Init_RF                                  0x0800590d   Thumb Code    74  rf.o(.text)
    RF_Send                                  0x08005957   Thumb Code    32  rf.o(.text)
    RF_PackRcv                               0x08005977   Thumb Code   100  rf.o(.text)
    Lora_Sendtest                            0x080059db   Thumb Code    34  rf.o(.text)
    LSD_RF_StandbyMode                       0x08005a0d   Thumb Code    12  sx1276.o(.text)
    RF_FreqSet                               0x08005a19   Thumb Code   154  sx1276.o(.text)
    SX127x_init                              0x08005ab3   Thumb Code   268  sx1276.o(.text)
    SX1276_TxPacket                          0x08005bbf   Thumb Code    90  sx1276.o(.text)
    Rx_mode                                  0x08005c19   Thumb Code    78  sx1276.o(.text)
    RF_RxVariPacket                          0x08005c67   Thumb Code    40  sx1276.o(.text)
    RF_RxFixiPacket                          0x08005c8f   Thumb Code    32  sx1276.o(.text)
    LSD_RF_SleepMode                         0x08005caf   Thumb Code    20  sx1276.o(.text)
    RF_SendPacket                            0x08005cc9   Thumb Code    42  sx1276_app.o(.text)
    RF_RXmode                                0x08005cf3   Thumb Code    16  sx1276_app.o(.text)
    RF_Sleepmode                             0x08005d03   Thumb Code    28  sx1276_app.o(.text)
    RF_CADinit                               0x08005d1f   Thumb Code    52  sx1276_app.o(.text)
    RF_CAD_Sample                            0x08005d53   Thumb Code    20  sx1276_app.o(.text)
    RF_WORInit                               0x08005d67   Thumb Code     2  sx1276_app.o(.text)
    RF_WOR_Exit                              0x08005d69   Thumb Code    74  sx1276_app.o(.text)
    RF_Awake                                 0x08005db3   Thumb Code   132  sx1276_app.o(.text)
    Init_LoraIO_PW                           0x08005e41   Thumb Code    40  sx1276_hal.o(.text)
    Init_LoraIO_CS                           0x08005e69   Thumb Code    38  sx1276_hal.o(.text)
    Init_LoraIO_RST                          0x08005e8f   Thumb Code    42  sx1276_hal.o(.text)
    Init_LoraIO_DIO1                         0x08005eb9   Thumb Code    42  sx1276_hal.o(.text)
    Init_LoraIO_DIO1_EXTIoff                 0x08005ee3   Thumb Code    42  sx1276_hal.o(.text)
    Init_LoraIO_DIO3                         0x08005f0d   Thumb Code   100  sx1276_hal.o(.text)
    Init_LoraIO_DIO3_EXTIoff                 0x08005f71   Thumb Code   102  sx1276_hal.o(.text)
    Init_LoraIO_DIO0                         0x08005fd7   Thumb Code   100  sx1276_hal.o(.text)
    Init_LoraIO_DIO0_EXTIoff                 0x0800603b   Thumb Code   102  sx1276_hal.o(.text)
    SX1276InitIo                             0x080060a1   Thumb Code    38  sx1276_hal.o(.text)
    SX1276SPISetup                           0x080060c7   Thumb Code    12  sx1276_hal.o(.text)
    SX1276Reset                              0x080060d3   Thumb Code    40  sx1276_hal.o(.text)
    SPI_SendData                             0x080060fb   Thumb Code    28  sx1276_hal.o(.text)
    SX1276WriteBuffer                        0x08006117   Thumb Code    60  sx1276_hal.o(.text)
    SPI_ReceiveData                          0x08006153   Thumb Code    46  sx1276_hal.o(.text)
    SX1276ReadBuffer                         0x08006181   Thumb Code    58  sx1276_hal.o(.text)
    SX1276Write                              0x080061bb   Thumb Code    16  sx1276_hal.o(.text)
    SX1276Read                               0x080061cb   Thumb Code    18  sx1276_hal.o(.text)
    SX1276WriteFifo                          0x080061dd   Thumb Code    18  sx1276_hal.o(.text)
    SX1276ReadFifo                           0x080061ef   Thumb Code    18  sx1276_hal.o(.text)
    __aeabi_memcpy                           0x0800620d   Thumb Code   130  rt_memcpy.o(.text)
    __rt_memcpy                              0x0800620d   Thumb Code     0  rt_memcpy.o(.text)
    __aeabi_memset                           0x0800628f   Thumb Code    18  aeabi_memset.o(.text)
    _memset_w                                0x080062a1   Thumb Code    26  rt_memclr.o(.text)
    _memset                                  0x080062bb   Thumb Code    30  rt_memclr.o(.text)
    __aeabi_memclr                           0x080062d9   Thumb Code     4  rt_memclr.o(.text)
    __rt_memclr                              0x080062d9   Thumb Code     0  rt_memclr.o(.text)
    __aeabi_memclr4                          0x080062dd   Thumb Code     0  rt_memclr.o(.text)
    __aeabi_memclr8                          0x080062dd   Thumb Code     0  rt_memclr.o(.text)
    __rt_memclr_w                            0x080062dd   Thumb Code     4  rt_memclr.o(.text)
    __aeabi_uidiv                            0x080062e1   Thumb Code     0  aeabi_sdiv.o(.text)
    __aeabi_uidivmod                         0x080062e1   Thumb Code    20  aeabi_sdiv.o(.text)
    __aeabi_idiv                             0x080062f5   Thumb Code     0  aeabi_sdiv.o(.text)
    __aeabi_idivmod                          0x080062f5   Thumb Code   326  aeabi_sdiv.o(.text)
    __use_two_region_memory                  0x0800643b   Thumb Code     2  heapauxi.o(.text)
    __rt_heap_escrow$2region                 0x0800643d   Thumb Code     2  heapauxi.o(.text)
    __rt_heap_expand$2region                 0x0800643f   Thumb Code     2  heapauxi.o(.text)
    __user_setup_stackheap                   0x08006441   Thumb Code    62  sys_stackheap_outer.o(.text)
    exit                                     0x0800647f   Thumb Code    12  exit.o(.text)
    __user_libspace                          0x0800648d   Thumb Code     8  libspace.o(.text)
    __user_perproc_libspace                  0x0800648d   Thumb Code     0  libspace.o(.text)
    __user_perthread_libspace                0x0800648d   Thumb Code     0  libspace.o(.text)
    _sys_exit                                0x08006495   Thumb Code     8  sys_exit.o(.text)
    __I$use$semihosting                      0x080064a1   Thumb Code     0  use_no_semi.o(.text)
    __use_no_semihosting_swi                 0x080064a1   Thumb Code     2  use_no_semi.o(.text)
    FpProtocol_H                             0x080064a2   Data           7  fp.o(.constdata)
    __semihosting_library_function           0x080064a3   Thumb Code     0  indicate_semi.o(.text)
    Freq_Cal_Tab                             0x080064c0   Data         123  sx1276.o(.constdata)
    Region$$Table$$Base                      0x0800653c   Number         0  anon$$obj.o(Region$$Table)
    Region$$Table$$Limit                     0x0800655c   Number         0  anon$$obj.o(Region$$Table)
    sys_flag                                 0x20000000   Data           1  func.o(.data)
    uart_RDataLen                            0x20000001   Data           1  func.o(.data)
    uart_cnt                                 0x20000002   Data           1  func.o(.data)
    comm_cnt                                 0x20000004   Data           4  func.o(.data)
    sTimeOut_cnt                             0x20000008   Data           4  func.o(.data)
    ReadCard_cnt                             0x2000000c   Data           4  func.o(.data)
    DoorOpen_cnt                             0x20000010   Data           4  func.o(.data)
    GotoSleep_cnt                            0x20000014   Data           4  func.o(.data)
    SystemCoreClock                          0x20000018   Data           4  system_stm32f0xx.o(.data)
    AHBPrescTable                            0x2000001c   Data          16  system_stm32f0xx.o(.data)
    Card_pTagType                            0x2000002c   Data           2  card.o(.data)
    data1                                    0x2000002e   Data          16  card.o(.data)
    data2                                    0x2000003e   Data           4  card.o(.data)
    DefaultKey                               0x20000042   Data           6  card.o(.data)
    EraseCounter                             0x20000048   Data           4  database.o(.data)
    Address                                  0x2000004c   Data           4  database.o(.data)
    Data                                     0x20000050   Data           4  database.o(.data)
    NbrOfPage                                0x20000054   Data           4  database.o(.data)
    FLASHStatus                              0x20000058   Data           1  database.o(.data)
    MemoryProgramStatus                      0x20000059   Data           1  database.o(.data)
    Menu_1L                                  0x2000005a   Data           1  lock.o(.data)
    Menu_2L                                  0x2000005b   Data           1  lock.o(.data)
    Sys_Task                                 0x2000005c   Data           1  lock.o(.data)
    Sys_Channel                              0x2000005d   Data           1  lock.o(.data)
    Sys_State                                0x2000005e   Data           1  lock.o(.data)
    Sys_Key                                  0x2000005f   Data           1  lock.o(.data)
    Sys_Pswd                                 0x20000060   Data           1  lock.o(.data)
    PassWord_Admin                           0x20000061   Data           6  lock.o(.data)
    PassWord_Buf_i                           0x20000067   Data           1  lock.o(.data)
    Key_value                                0x20000068   Data           1  lock.o(.data)
    Lora_Comm_Flag                           0x20000079   Data           1  rf.o(.data)
    uart_RBuf                                0x2000007c   Data         100  func.o(.bss)
    RcvBuf                                   0x200000e0   Data         100  func.o(.bss)
    SendBuf                                  0x20000144   Data         100  func.o(.bss)
    DB_Data                                  0x200001a8   Data        2048  database.o(.bss)
    PassWord_Buf                             0x200009a8   Data          20  lock.o(.bss)
    Lora_RcvDat                              0x200009bc   Data          64  rf.o(.bss)
    RfBuf                                    0x200009fc   Data         512  rf.o(.bss)
    RfPackBuf                                0x20000bfc   Data          64  rf.o(.bss)
    _rf                                      0x20000c3c   Data          28  rf.o(.bss)
    __libspace_start                         0x20000c58   Data          96  libspace.o(.bss)
    __temporary_stack_top$libspace           0x20000cb8   Data           0  libspace.o(.bss)



==============================================================================

Memory Map of the image

  Image Entry point : 0x080000b5

  Load Region LR_IROM1 (Base: 0x08000000, Size: 0x000065d8, Max: 0x00010000, ABSOLUTE)

    Execution Region ER_IROM1 (Base: 0x08000000, Size: 0x0000655c, Max: 0x00010000, ABSOLUTE)

    Base Addr    Size         Type   Attr      Idx    E Section Name        Object

    0x08000000   0x000000b4   Data   RO          454    RESET               startup_stm32f030.o
    0x080000b4   0x00000008   Code   RO         1025  * !!!main             c_p.l(__main.o)
    0x080000bc   0x0000003c   Code   RO         1193    !!!scatter          c_p.l(__scatter.o)
    0x080000f8   0x0000001a   Code   RO         1195    !!handler_copy      c_p.l(__scatter_copy.o)
    0x08000112   0x00000002   PAD
    0x08000114   0x0000001c   Code   RO         1197    !!handler_zi        c_p.l(__scatter_zi.o)
    0x08000130   0x00000002   Code   RO         1063    .ARM.Collect$$libinit$$00000000  c_p.l(libinit.o)
    0x08000132   0x00000000   Code   RO         1077    .ARM.Collect$$libinit$$00000002  c_p.l(libinit2.o)
    0x08000132   0x00000000   Code   RO         1079    .ARM.Collect$$libinit$$00000004  c_p.l(libinit2.o)
    0x08000132   0x00000000   Code   RO         1082    .ARM.Collect$$libinit$$0000000A  c_p.l(libinit2.o)
    0x08000132   0x00000000   Code   RO         1084    .ARM.Collect$$libinit$$0000000C  c_p.l(libinit2.o)
    0x08000132   0x00000000   Code   RO         1086    .ARM.Collect$$libinit$$0000000E  c_p.l(libinit2.o)
    0x08000132   0x00000000   Code   RO         1089    .ARM.Collect$$libinit$$00000011  c_p.l(libinit2.o)
    0x08000132   0x00000000   Code   RO         1091    .ARM.Collect$$libinit$$00000013  c_p.l(libinit2.o)
    0x08000132   0x00000000   Code   RO         1093    .ARM.Collect$$libinit$$00000015  c_p.l(libinit2.o)
    0x08000132   0x00000000   Code   RO         1095    .ARM.Collect$$libinit$$00000017  c_p.l(libinit2.o)
    0x08000132   0x00000000   Code   RO         1097    .ARM.Collect$$libinit$$00000019  c_p.l(libinit2.o)
    0x08000132   0x00000000   Code   RO         1099    .ARM.Collect$$libinit$$0000001B  c_p.l(libinit2.o)
    0x08000132   0x00000000   Code   RO         1101    .ARM.Collect$$libinit$$0000001D  c_p.l(libinit2.o)
    0x08000132   0x00000000   Code   RO         1103    .ARM.Collect$$libinit$$0000001F  c_p.l(libinit2.o)
    0x08000132   0x00000000   Code   RO         1105    .ARM.Collect$$libinit$$00000021  c_p.l(libinit2.o)
    0x08000132   0x00000000   Code   RO         1107    .ARM.Collect$$libinit$$00000023  c_p.l(libinit2.o)
    0x08000132   0x00000000   Code   RO         1109    .ARM.Collect$$libinit$$00000025  c_p.l(libinit2.o)
    0x08000132   0x00000000   Code   RO         1113    .ARM.Collect$$libinit$$0000002C  c_p.l(libinit2.o)
    0x08000132   0x00000000   Code   RO         1115    .ARM.Collect$$libinit$$0000002E  c_p.l(libinit2.o)
    0x08000132   0x00000000   Code   RO         1117    .ARM.Collect$$libinit$$00000030  c_p.l(libinit2.o)
    0x08000132   0x00000000   Code   RO         1119    .ARM.Collect$$libinit$$00000032  c_p.l(libinit2.o)
    0x08000132   0x00000002   Code   RO         1120    .ARM.Collect$$libinit$$00000033  c_p.l(libinit2.o)
    0x08000134   0x00000002   Code   RO         1151    .ARM.Collect$$libshutdown$$00000000  c_p.l(libshutdown.o)
    0x08000136   0x00000000   Code   RO         1178    .ARM.Collect$$libshutdown$$00000003  c_p.l(libshutdown2.o)
    0x08000136   0x00000000   Code   RO         1181    .ARM.Collect$$libshutdown$$00000006  c_p.l(libshutdown2.o)
    0x08000136   0x00000000   Code   RO         1184    .ARM.Collect$$libshutdown$$00000009  c_p.l(libshutdown2.o)
    0x08000136   0x00000000   Code   RO         1186    .ARM.Collect$$libshutdown$$0000000B  c_p.l(libshutdown2.o)
    0x08000136   0x00000000   Code   RO         1189    .ARM.Collect$$libshutdown$$0000000E  c_p.l(libshutdown2.o)
    0x08000136   0x00000002   Code   RO         1190    .ARM.Collect$$libshutdown$$0000000F  c_p.l(libshutdown2.o)
    0x08000138   0x00000000   Code   RO         1027    .ARM.Collect$$rtentry$$00000000  c_p.l(__rtentry.o)
    0x08000138   0x00000000   Code   RO         1033    .ARM.Collect$$rtentry$$00000002  c_p.l(__rtentry2.o)
    0x08000138   0x00000006   Code   RO         1045    .ARM.Collect$$rtentry$$00000004  c_p.l(__rtentry4.o)
    0x0800013e   0x00000000   Code   RO         1035    .ARM.Collect$$rtentry$$00000009  c_p.l(__rtentry2.o)
    0x0800013e   0x00000004   Code   RO         1036    .ARM.Collect$$rtentry$$0000000A  c_p.l(__rtentry2.o)
    0x08000142   0x00000000   Code   RO         1038    .ARM.Collect$$rtentry$$0000000C  c_p.l(__rtentry2.o)
    0x08000142   0x00000008   Code   RO         1039    .ARM.Collect$$rtentry$$0000000D  c_p.l(__rtentry2.o)
    0x0800014a   0x00000002   Code   RO         1068    .ARM.Collect$$rtexit$$00000000  c_p.l(rtexit.o)
    0x0800014c   0x00000000   Code   RO         1124    .ARM.Collect$$rtexit$$00000002  c_p.l(rtexit2.o)
    0x0800014c   0x00000004   Code   RO         1125    .ARM.Collect$$rtexit$$00000003  c_p.l(rtexit2.o)
    0x08000150   0x00000006   Code   RO         1126    .ARM.Collect$$rtexit$$00000004  c_p.l(rtexit2.o)
    0x08000156   0x00000002   PAD
    0x08000158   0x00000038   Code   RO         1011    .emb_text           c_p.l(rt_memcpy.o)
    0x08000190   0x000002ec   Code   RO            3    .text               drv.o
    0x0800047c   0x00000158   Code   RO          174    .text               func.o
    0x080005d4   0x0000002c   Code   RO          204    .text               main.o
    0x08000600   0x000003c8   Code   RO          224    .text               stm32f0xx_it.o
    0x080009c8   0x000001a0   Code   RO          247    .text               system_stm32f0xx.o
    0x08000b68   0x00000a74   Code   RO          273    .text               card.o
    0x080015dc   0x00000380   Code   RO          300    .text               database.o
    0x0800195c   0x000005ec   Code   RO          341    .text               fp.o
    0x08001f48   0x00000ba8   Code   RO          364    .text               keybd.o
    0x08002af0   0x000001a8   Code   RO          387    .text               lock.o
    0x08002c98   0x000000b8   Code   RO          414    .text               moto.o
    0x08002d50   0x0000048a   Code   RO          434    .text               voice.o
    0x080031da   0x00000002   PAD
    0x080031dc   0x00000038   Code   RO          455    .text               startup_stm32f030.o
    0x08003214   0x0000006c   Code   RO          461    .text               lora.o
    0x08003280   0x000000f8   Code   RO          621    .text               stm32f0xx_exti.o
    0x08003378   0x000005e8   Code   RO          641    .text               stm32f0xx_flash.o
    0x08003960   0x000001f0   Code   RO          661    .text               stm32f0xx_gpio.o
    0x08003b50   0x000000b4   Code   RO          721    .text               stm32f0xx_misc.o
    0x08003c04   0x0000013c   Code   RO          741    .text               stm32f0xx_pwr.o
    0x08003d40   0x000005f8   Code   RO          761    .text               stm32f0xx_rcc.o
    0x08004338   0x000003bc   Code   RO          803    .text               stm32f0xx_spi.o
    0x080046f4   0x000000f0   Code   RO          823    .text               stm32f0xx_syscfg.o
    0x080047e4   0x00000bdc   Code   RO          843    .text               stm32f0xx_tim.o
    0x080053c0   0x0000054c   Code   RO          863    .text               stm32f0xx_usart.o
    0x0800590c   0x00000100   Code   RO          903    .text               rf.o
    0x08005a0c   0x000002bc   Code   RO          931    .text               sx1276.o
    0x08005cc8   0x00000178   Code   RO          971    .text               sx1276_app.o
    0x08005e40   0x000003cc   Code   RO          991    .text               sx1276_hal.o
    0x0800620c   0x00000082   Code   RO         1012    .text               c_p.l(rt_memcpy.o)
    0x0800628e   0x00000012   Code   RO         1015    .text               c_p.l(aeabi_memset.o)
    0x080062a0   0x00000040   Code   RO         1017    .text               c_p.l(rt_memclr.o)
    0x080062e0   0x0000015a   Code   RO         1019    .text               c_p.l(aeabi_sdiv.o)
    0x0800643a   0x00000006   Code   RO         1023    .text               c_p.l(heapauxi.o)
    0x08006440   0x0000003e   Code   RO         1049    .text               c_p.l(sys_stackheap_outer.o)
    0x0800647e   0x0000000c   Code   RO         1052    .text               c_p.l(exit.o)
    0x0800648a   0x00000002   PAD
    0x0800648c   0x00000008   Code   RO         1064    .text               c_p.l(libspace.o)
    0x08006494   0x0000000c   Code   RO         1121    .text               c_p.l(sys_exit.o)
    0x080064a0   0x00000002   Code   RO         1140    .text               c_p.l(use_no_semi.o)
    0x080064a2   0x00000000   Code   RO         1142    .text               c_p.l(indicate_semi.o)
    0x080064a2   0x00000007   Data   RO          342    .constdata          fp.o
    0x080064a9   0x00000003   PAD
    0x080064ac   0x00000014   Data   RO          905    .constdata          rf.o
    0x080064c0   0x0000007b   Data   RO          932    .constdata          sx1276.o
    0x0800653b   0x00000001   PAD
    0x0800653c   0x00000020   Data   RO         1191    Region$$Table       anon$$obj.o


    Execution Region RW_IRAM1 (Base: 0x20000000, Size: 0x000012b8, Max: 0x00002000, ABSOLUTE)

    Base Addr    Size         Type   Attr      Idx    E Section Name        Object

    0x20000000   0x00000018   Data   RW          176    .data               func.o
    0x20000018   0x00000014   Data   RW          248    .data               system_stm32f0xx.o
    0x2000002c   0x0000001c   Data   RW          275    .data               card.o
    0x20000048   0x00000012   Data   RW          302    .data               database.o
    0x2000005a   0x0000000f   Data   RW          389    .data               lock.o
    0x20000069   0x00000010   Data   RW          762    .data               stm32f0xx_rcc.o
    0x20000079   0x00000001   Data   RW          906    .data               rf.o
    0x2000007a   0x00000002   PAD
    0x2000007c   0x0000012c   Zero   RW          175    .bss                func.o
    0x200001a8   0x00000800   Zero   RW          301    .bss                database.o
    0x200009a8   0x00000014   Zero   RW          388    .bss                lock.o
    0x200009bc   0x0000029c   Zero   RW          904    .bss                rf.o
    0x20000c58   0x00000060   Zero   RW         1065    .bss                c_p.l(libspace.o)
    0x20000cb8   0x00000200   Zero   RW          453    HEAP                startup_stm32f030.o
    0x20000eb8   0x00000400   Zero   RW          452    STACK               startup_stm32f030.o


==============================================================================

Image component sizes


      Code (inc. data)   RO Data    RW Data    ZI Data      Debug   Object Name

      2676         32          0         28          0       9388   card.o
       896         26          0         18       2048       6494   database.o
       748         50          0          0          0     159372   drv.o
      1516         58          7          0          0       4867   fp.o
       344         22          0         24        300       2879   func.o
      2984         98          0          0          0      15522   keybd.o
       424         42          0         15         20       2444   lock.o
       108          6          0          0          0        842   lora.o
        44          0          0          0          0        415   main.o
       184          6          0          0          0       1190   moto.o
       256         16         20          1        668       3012   rf.o
        56         26        180          0       1536        584   startup_stm32f030.o
       248         12          0          0          0       2195   stm32f0xx_exti.o
      1512         30          0          0          0       6913   stm32f0xx_flash.o
       496         22          0          0          0       3657   stm32f0xx_gpio.o
       968         94          0          0          0       1887   stm32f0xx_it.o
       180         14          0          0          0       1348   stm32f0xx_misc.o
       316         10          0          0          0       2146   stm32f0xx_pwr.o
      1528         42          0         16          0       8458   stm32f0xx_rcc.o
       956         42          0          0          0       7587   stm32f0xx_spi.o
       240          4          0          0          0       1990   stm32f0xx_syscfg.o
      3036        122          0          0          0      22277   stm32f0xx_tim.o
      1356         16          0          0          0      11794   stm32f0xx_usart.o
       700          6        123          0          0       3332   sx1276.o
       376         10          0          0          0       1968   sx1276_app.o
       972         12          0          0          0       4792   sx1276_hal.o
       416         34          0         20          0       1435   system_stm32f0xx.o
      1162         10          0          0          0       5141   voice.o

    ----------------------------------------------------------------------
     24700        862        366        124       4572     293929   Object Totals
         0          0         32          0          0          0   (incl. Generated)
         2          0          4          2          0          0   (incl. Padding)

    ----------------------------------------------------------------------

      Code (inc. data)   RO Data    RW Data    ZI Data      Debug   Library Member Name

         8          0          0          0          0         68   __main.o
         0          0          0          0          0          0   __rtentry.o
        12          0          0          0          0          0   __rtentry2.o
         6          0          0          0          0          0   __rtentry4.o
        60          8          0          0          0          0   __scatter.o
        26          0          0          0          0          0   __scatter_copy.o
        28          0          0          0          0          0   __scatter_zi.o
        18          0          0          0          0         68   aeabi_memset.o
       346          0          0          0          0         92   aeabi_sdiv.o
        12          0          0          0          0         64   exit.o
         6          0          0          0          0        136   heapauxi.o
         0          0          0          0          0          0   indicate_semi.o
         2          0          0          0          0          0   libinit.o
         2          0          0          0          0          0   libinit2.o
         2          0          0          0          0          0   libshutdown.o
         2          0          0          0          0          0   libshutdown2.o
         8          4          0          0         96         68   libspace.o
        64          0          0          0          0        108   rt_memclr.o
       186          0          0          0          0        144   rt_memcpy.o
         2          0          0          0          0          0   rtexit.o
        10          0          0          0          0          0   rtexit2.o
        12          4          0          0          0         60   sys_exit.o
        62          0          0          0          0         80   sys_stackheap_outer.o
         2          0          0          0          0         68   use_no_semi.o

    ----------------------------------------------------------------------
       882         16          0          0         96        956   Library Totals
         6          0          0          0          0          0   (incl. Padding)

    ----------------------------------------------------------------------

      Code (inc. data)   RO Data    RW Data    ZI Data      Debug   Library Name

       876         16          0          0         96        956   c_p.l

    ----------------------------------------------------------------------
       882         16          0          0         96        956   Library Totals

    ----------------------------------------------------------------------

==============================================================================


      Code (inc. data)   RO Data    RW Data    ZI Data      Debug   

     25582        878        366        124       4668     292181   Grand Totals
     25582        878        366        124       4668     292181   ELF Image Totals
     25582        878        366        124          0          0   ROM Totals

==============================================================================

    Total RO  Size (Code + RO Data)                25948 (  25.34kB)
    Total RW  Size (RW Data + ZI Data)              4792 (   4.68kB)
    Total ROM Size (Code + RO Data + RW Data)      26072 (  25.46kB)

==============================================================================

