Component: ARM Compiler 5.05 (build 41) Tool: armlink [4d0eb9]

==============================================================================

Section Cross References

    drv.o(.text) refers to stm32f0xx_rcc.o(.text) for RCC_AHBPeriphClockCmd
    drv.o(.text) refers to stm32f0xx_gpio.o(.text) for GPIO_Init
    drv.o(.text) refers to stm32f0xx_tim.o(.text) for TIM_TimeBaseInit
    drv.o(.text) refers to stm32f0xx_misc.o(.text) for NVIC_Init
    drv.o(.text) refers to stm32f0xx_usart.o(.text) for USART_Init
    drv.o(.text) refers to aeabi_sdiv.o(.text) for __aeabi_uidivmod
    drv.o(.text) refers to system_stm32f0xx.o(.text) for SystemInit
    drv.o(.text) refers to keybd.o(.text) for KEYBD_lp_INIT
    drv.o(.text) refers to stm32f0xx_pwr.o(.text) for PWR_EnterSTOPMode
    drv.o(.text) refers to lock.o(.text) for LOCK_INIT
    drv.o(.text) refers to system_stm32f0xx.o(.data) for SystemCoreClock
    drv.o(.text) refers to func.o(.data) for GotoSleep_cnt
    func.o(.text) refers to func.o(.data) for comm_cnt
    main.o(.text) refers to lock.o(.text) for LOCK_INIT
    main.o(.text) refers to keybd.o(.text) for KEYBD_MAIN
    main.o(.text) refers to drv.o(.text) for MCU_SLEEP
    stm32f0xx_it.o(.text) refers to card.o(.text) for PcdRequest
    stm32f0xx_it.o(.text) refers to moto.o(.text) for MOTO_Back
    stm32f0xx_it.o(.text) refers to stm32f0xx_usart.o(.text) for USART_GetITStatus
    stm32f0xx_it.o(.text) refers to stm32f0xx_tim.o(.text) for TIM_GetITStatus
    stm32f0xx_it.o(.text) refers to stm32f0xx_exti.o(.text) for EXTI_GetITStatus
    stm32f0xx_it.o(.text) refers to keybd.o(.text) for TSM12_Reading_Start
    stm32f0xx_it.o(.text) refers to voice.o(.text) for VOICE
    stm32f0xx_it.o(.text) refers to aeabi_memset.o(.text) for __aeabi_memset
    stm32f0xx_it.o(.text) refers to func.o(.data) for comm_cnt
    stm32f0xx_it.o(.text) refers to card.o(.data) for Card_pTagType
    stm32f0xx_it.o(.text) refers to lock.o(.data) for Sys_State
    stm32f0xx_it.o(.text) refers to func.o(.bss) for uart_RBuf
    stm32f0xx_it.o(.text) refers to lock.o(.bss) for PassWord_Buf
    system_stm32f0xx.o(.text) refers to aeabi_sdiv.o(.text) for __aeabi_uidivmod
    system_stm32f0xx.o(.text) refers to system_stm32f0xx.o(.data) for SystemCoreClock
    card.o(.text) refers to func.o(.text) for delay_us
    card.o(.text) refers to stm32f0xx_gpio.o(.text) for GPIO_ReadInputDataBit
    card.o(.text) refers to stm32f0xx_rcc.o(.text) for RCC_AHBPeriphClockCmd
    card.o(.text) refers to voice.o(.text) for VOICE
    card.o(.text) refers to database.o(.text) for CARD_Get_Enroll_CARDID
    card.o(.text) refers to lock.o(.text) for KeyBD_State_Rst
    card.o(.text) refers to moto.o(.text) for MOTO_Forward
    card.o(.text) refers to lock.o(.data) for Sys_Task
    card.o(.text) refers to func.o(.data) for GotoSleep_cnt
    database.o(.text) refers to stm32f0xx_flash.o(.text) for FLASH_ClearFlag
    database.o(.text) refers to rt_memcpy.o(.text) for __aeabi_memcpy
    database.o(.text) refers to database.o(.data) for FLASHStatus
    database.o(.text) refers to database.o(.bss) for DB_Data
    fp.o(.text) refers to stm32f0xx_rcc.o(.text) for RCC_APB2PeriphClockCmd
    fp.o(.text) refers to stm32f0xx_gpio.o(.text) for GPIO_Init
    fp.o(.text) refers to stm32f0xx_syscfg.o(.text) for SYSCFG_EXTILineConfig
    fp.o(.text) refers to stm32f0xx_exti.o(.text) for EXTI_Init
    fp.o(.text) refers to stm32f0xx_misc.o(.text) for NVIC_Init
    fp.o(.text) refers to func.o(.text) for commdelay
    fp.o(.text) refers to rt_memcpy.o(.text) for __aeabi_memcpy
    fp.o(.text) refers to drv.o(.text) for uart_send
    fp.o(.text) refers to voice.o(.text) for VOICE
    fp.o(.text) refers to database.o(.text) for FP_Get_Enroll_FPID
    fp.o(.text) refers to lock.o(.text) for KeyBD_State_Rst
    fp.o(.text) refers to fp.o(.constdata) for FpProtocol_H
    fp.o(.text) refers to func.o(.bss) for SendBuf
    fp.o(.text) refers to func.o(.data) for sTimeOut_cnt
    fp.o(.text) refers to lock.o(.data) for Sys_Task
    fp.o(.text) refers to moto.o(.text) for MOTO_Forward
    keybd.o(.text) refers to stm32f0xx_rcc.o(.text) for RCC_APB2PeriphClockCmd
    keybd.o(.text) refers to stm32f0xx_gpio.o(.text) for GPIO_Init
    keybd.o(.text) refers to stm32f0xx_syscfg.o(.text) for SYSCFG_EXTILineConfig
    keybd.o(.text) refers to stm32f0xx_exti.o(.text) for EXTI_Init
    keybd.o(.text) refers to stm32f0xx_misc.o(.text) for NVIC_Init
    keybd.o(.text) refers to func.o(.text) for delay_ms
    keybd.o(.text) refers to rt_memcpy.o(.text) for __aeabi_memcpy
    keybd.o(.text) refers to database.o(.text) for Flash_Read
    keybd.o(.text) refers to voice.o(.text) for VOICE
    keybd.o(.text) refers to lock.o(.text) for KeyBD_State_Rst
    keybd.o(.text) refers to moto.o(.text) for MOTO_Forward
    keybd.o(.text) refers to lock.o(.data) for Sys_Pswd
[...]
    ../clib/heapalloc.c                      0x00000000   Number         0  hrguard.o ABSOLUTE
    ../clib/heapaux.c                        0x00000000   Number         0  heapauxi.o ABSOLUTE
    ../clib/libinit.s                        0x00000000   Number         0  libinit2.o ABSOLUTE
    ../clib/libinit.s                        0x00000000   Number         0  libshutdown.o ABSOLUTE
    ../clib/libinit.s                        0x00000000   Number         0  libshutdown2.o ABSOLUTE
    ../clib/libinit.s                        0x00000000   Number         0  libinit.o ABSOLUTE
    ../clib/memcpset.c                       0x00000000   Number         0  aeabi_memset.o ABSOLUTE
    ../clib/memcpset.c                       0x00000000   Number         0  rt_memcpy.o ABSOLUTE
    ../clib/memcpset.c                       0x00000000   Number         0  rt_memclr.o ABSOLUTE
    ../clib/memcpset.c                       0x00000000   Number         0  rt_memcpy.o ABSOLUTE
    ../clib/signal.c                         0x00000000   Number         0  defsig_exit.o ABSOLUTE
    ../clib/signal.c                         0x00000000   Number         0  defsig_abrt_inner.o ABSOLUTE
    ../clib/signal.c                         0x00000000   Number         0  defsig_rtmem_inner.o ABSOLUTE
    ../clib/signal.c                         0x00000000   Number         0  defsig_rtmem_outer.o ABSOLUTE
    ../clib/signal.c                         0x00000000   Number         0  __raise.o ABSOLUTE
    ../clib/signal.c                         0x00000000   Number         0  defsig_stak_inner.o ABSOLUTE
    ../clib/signal.c                         0x00000000   Number         0  defsig_pvfn_inner.o ABSOLUTE
    ../clib/signal.c                         0x00000000   Number         0  defsig_general.o ABSOLUTE
    ../clib/signal.c                         0x00000000   Number         0  defsig_cppl_inner.o ABSOLUTE
    ../clib/signal.c                         0x00000000   Number         0  defsig_segv_inner.o ABSOLUTE
    ../clib/signal.c                         0x00000000   Number         0  defsig_other.o ABSOLUTE
    ../clib/signal.c                         0x00000000   Number         0  defsig_fpe_formal.o ABSOLUTE
    ../clib/signal.c                         0x00000000   Number         0  defsig_fpe_outer.o ABSOLUTE
    ../clib/signal.c                         0x00000000   Number         0  defsig_rtmem_formal.o ABSOLUTE
    ../clib/signal.c                         0x00000000   Number         0  defsig_rtred_inner.o ABSOLUTE
    ../clib/signal.c                         0x00000000   Number         0  defsig_fpe_inner.o ABSOLUTE
    ../clib/signal.s                         0x00000000   Number         0  defsig.o ABSOLUTE
    ../clib/stdlib.c                         0x00000000   Number         0  exit.o ABSOLUTE
    ../fplib/cfplib/fpinit.c                 0x00000000   Number         0  fpinit.o ABSOLUTE
    ..\Library\STM32F0xx_StdPeriph_Driver\src\stm32f0xx_adc.c 0x00000000   Number         0  stm32f0xx_adc.o ABSOLUTE
    ..\Library\STM32F0xx_StdPeriph_Driver\src\stm32f0xx_cec.c 0x00000000   Number         0  stm32f0xx_cec.o ABSOLUTE
    ..\Library\STM32F0xx_StdPeriph_Driver\src\stm32f0xx_comp.c 0x00000000   Number         0  stm32f0xx_comp.o ABSOLUTE
    ..\Library\STM32F0xx_StdPeriph_Driver\src\stm32f0xx_crc.c 0x00000000   Number         0  stm32f0xx_crc.o ABSOLUTE
    ..\Library\STM32F0xx_StdPeriph_Driver\src\stm32f0xx_dac.c 0x00000000   Number         0  stm32f0xx_dac.o ABSOLUTE
    ..\Library\STM32F0xx_StdPeriph_Driver\src\stm32f0xx_dbgmcu.c 0x00000000   Number         0  stm32f0xx_dbgmcu.o ABSOLUTE
    ..\Library\STM32F0xx_StdPeriph_Driver\src\stm32f0xx_dma.c 0x00000000   Number         0  stm32f0xx_dma.o ABSOLUTE
    ..\Library\STM32F0xx_StdPeriph_Driver\src\stm32f0xx_exti.c 0x00000000   Number         0  stm32f0xx_exti.o ABSOLUTE
    ..\Library\STM32F0xx_StdPeriph_Driver\src\stm32f0xx_flash.c 0x00000000   Number         0  stm32f0xx_flash.o ABSOLUTE
    ..\Library\STM32F0xx_StdPeriph_Driver\src\stm32f0xx_gpio.c 0x00000000   Number         0  stm32f0xx_gpio.o ABSOLUTE
    ..\Library\STM32F0xx_StdPeriph_Driver\src\stm32f0xx_i2c.c 0x00000000   Number         0  stm32f0xx_i2c.o ABSOLUTE
    ..\Library\STM32F0xx_StdPeriph_Driver\src\stm32f0xx_iwdg.c 0x00000000   Number         0  stm32f0xx_iwdg.o ABSOLUTE
    ..\Library\STM32F0xx_StdPeriph_Driver\src\stm32f0xx_misc.c 0x00000000   Number         0  stm32f0xx_misc.o ABSOLUTE
    ..\Library\STM32F0xx_StdPeriph_Driver\src\stm32f0xx_pwr.c 0x00000000   Number         0  stm32f0xx_pwr.o ABSOLUTE
    ..\Library\STM32F0xx_StdPeriph_Driver\src\stm32f0xx_rcc.c 0x00000000   Number         0  stm32f0xx_rcc.o ABSOLUTE
    ..\Library\STM32F0xx_StdPeriph_Driver\src\stm32f0xx_rtc.c 0x00000000   Number         0  stm32f0xx_rtc.o ABSOLUTE
    ..\Library\STM32F0xx_StdPeriph_Driver\src\stm32f0xx_spi.c 0x00000000   Number         0  stm32f0xx_spi.o ABSOLUTE
    ..\Library\STM32F0xx_StdPeriph_Driver\src\stm32f0xx_syscfg.c 0x00000000   Number         0  stm32f0xx_syscfg.o ABSOLUTE
    ..\Library\STM32F0xx_StdPeriph_Driver\src\stm32f0xx_tim.c 0x00000000   Number         0  stm32f0xx_tim.o ABSOLUTE
    ..\Library\STM32F0xx_StdPeriph_Driver\src\stm32f0xx_usart.c 0x00000000   Number         0  stm32f0xx_usart.o ABSOLUTE
    ..\Library\STM32F0xx_StdPeriph_Driver\src\stm32f0xx_wwdg.c 0x00000000   Number         0  stm32f0xx_wwdg.o ABSOLUTE
    ..\User\Drv.c                            0x00000000   Number         0  drv.o ABSOLUTE
    ..\User\Func.c                           0x00000000   Number         0  func.o ABSOLUTE
    ..\User\LOCK\CARD.c                      0x00000000   Number         0  card.o ABSOLUTE
    ..\User\LOCK\DATABASE.c                  0x00000000   Number         0  database.o ABSOLUTE
    ..\User\LOCK\DISP.c                      0x00000000   Number         0  disp.o ABSOLUTE
    ..\User\LOCK\FP.c                        0x00000000   Number         0  fp.o ABSOLUTE
    ..\User\LOCK\KEYBD.c                     0x00000000   Number         0  keybd.o ABSOLUTE
    ..\User\LOCK\LOCK.c                      0x00000000   Number         0  lock.o ABSOLUTE
    ..\User\LOCK\MOTO.c                      0x00000000   Number         0  moto.o ABSOLUTE
    ..\User\LOCK\VOICE.c                     0x00000000   Number         0  voice.o ABSOLUTE
    ..\User\main.c                           0x00000000   Number         0  main.o ABSOLUTE
    ..\User\startup_stm32f030.s              0x00000000   Number         0  startup_stm32f030.o ABSOLUTE
    ..\User\stm32f0xx_it.c                   0x00000000   Number         0  stm32f0xx_it.o ABSOLUTE
    ..\User\system_stm32f0xx.c               0x00000000   Number         0  system_stm32f0xx.o ABSOLUTE
    ..\\Library\\STM32F0xx_StdPeriph_Driver\\src\\stm32f0xx_adc.c 0x00000000   Number         0  stm32f0xx_adc.o ABSOLUTE
    ..\\Library\\STM32F0xx_StdPeriph_Driver\\src\\stm32f0xx_cec.c 0x00000000   Number         0  stm32f0xx_cec.o ABSOLUTE
    ..\\Library\\STM32F0xx_StdPeriph_Driver\\src\\stm32f0xx_comp.c 0x00000000   Number         0  stm32f0xx_comp.o ABSOLUTE
    ..\\Library\\STM32F0xx_StdPeriph_Driver\\src\\stm32f0xx_crc.c 0x00000000   Number         0  stm32f0xx_crc.o ABSOLUTE
    ..\\Library\\STM32F0xx_StdPeriph_Driver\\src\\stm32f0xx_dac.c 0x00000000   Number         0  stm32f0xx_dac.o ABSOLUTE
    ..\\Library\\STM32F0xx_StdPeriph_Driver\\src\\stm32f0xx_dbgmcu.c 0x00000000   Number         0  stm32f0xx_dbgmcu.o ABSOLUTE
    ..\\Library\\STM32F0xx_StdPeriph_Driver\\src\\stm32f0xx_dma.c 0x00000000   Number         0  stm32f0xx_dma.o ABSOLUTE
    ..\\Library\\STM32F0xx_StdPeriph_Driver\\src\\stm32f0xx_exti.c 0x00000000   Number         0  stm32f0xx_exti.o ABSOLUTE
    ..\\Library\\STM32F0xx_StdPeriph_Driver\\src\\stm32f0xx_flash.c 0x00000000   Number         0  stm32f0xx_flash.o ABSOLUTE
    ..\\Library\\STM32F0xx_StdPeriph_Driver\\src\\stm32f0xx_gpio.c 0x00000000   Number         0  stm32f0xx_gpio.o ABSOLUTE
    ..\\Library\\STM32F0xx_StdPeriph_Driver\\src\\stm32f0xx_i2c.c 0x00000000   Number         0  stm32f0xx_i2c.o ABSOLUTE
    ..\\Library\\STM32F0xx_StdPeriph_Driver\\src\\stm32f0xx_iwdg.c 0x00000000   Number         0  stm32f0xx_iwdg.o ABSOLUTE
    ..\\Library\\STM32F0xx_StdPeriph_Driver\\src\\stm32f0xx_misc.c 0x00000000   Number         0  stm32f0xx_misc.o ABSOLUTE
    ..\\Library\\STM32F0xx_StdPeriph_Driver\\src\\stm32f0xx_pwr.c 0x00000000   Number         0  stm32f0xx_pwr.o ABSOLUTE
    ..\\Library\\STM32F0xx_StdPeriph_Driver\\src\\stm32f0xx_rcc.c 0x00000000   Number         0  stm32f0xx_rcc.o ABSOLUTE
    ..\\Library\\STM32F0xx_StdPeriph_Driver\\src\\stm32f0xx_rtc.c 0x00000000   Number         0  stm32f0xx_rtc.o ABSOLUTE
    ..\\Library\\STM32F0xx_StdPeriph_Driver\\src\\stm32f0xx_spi.c 0x00000000   Number         0  stm32f0xx_spi.o ABSOLUTE
    ..\\Library\\STM32F0xx_StdPeriph_Driver\\src\\stm32f0xx_syscfg.c 0x00000000   Number         0  stm32f0xx_syscfg.o ABSOLUTE
    ..\\Library\\STM32F0xx_StdPeriph_Driver\\src\\stm32f0xx_tim.c 0x00000000   Number         0  stm32f0xx_tim.o ABSOLUTE
    ..\\Library\\STM32F0xx_StdPeriph_Driver\\src\\stm32f0xx_usart.c 0x00000000   Number         0  stm32f0xx_usart.o ABSOLUTE
    ..\\Library\\STM32F0xx_StdPeriph_Driver\\src\\stm32f0xx_wwdg.c 0x00000000   Number         0  stm32f0xx_wwdg.o ABSOLUTE
    ..\\User\\Drv.c                          0x00000000   Number         0  drv.o ABSOLUTE
    ..\\User\\Func.c                         0x00000000   Number         0  func.o ABSOLUTE
    ..\\User\\LOCK\\CARD.c                   0x00000000   Number         0  card.o ABSOLUTE
    ..\\User\\LOCK\\DATABASE.c               0x00000000   Number         0  database.o ABSOLUTE
    ..\\User\\LOCK\\DISP.c                   0x00000000   Number         0  disp.o ABSOLUTE
    ..\\User\\LOCK\\FP.c                     0x00000000   Number         0  fp.o ABSOLUTE
    ..\\User\\LOCK\\KEYBD.c                  0x00000000   Number         0  keybd.o ABSOLUTE
    ..\\User\\LOCK\\LOCK.c                   0x00000000   Number         0  lock.o ABSOLUTE
    ..\\User\\LOCK\\MOTO.c                   0x00000000   Number         0  moto.o ABSOLUTE
    ..\\User\\LOCK\\VOICE.c                  0x00000000   Number         0  voice.o ABSOLUTE
    ..\\User\\main.c                         0x00000000   Number         0  main.o ABSOLUTE
    ..\\User\\stm32f0xx_it.c                 0x00000000   Number         0  stm32f0xx_it.o ABSOLUTE
    ..\\User\\system_stm32f0xx.c             0x00000000   Number         0  system_stm32f0xx.o ABSOLUTE
    dc.s                                     0x00000000   Number         0  dc.o ABSOLUTE
    RESET                                    0x08000000   Section      180  startup_stm32f030.o(RESET)
    !!!main                                  0x080000b4   Section        8  __main.o(!!!main)
    !!!scatter                               0x080000bc   Section       60  __scatter.o(!!!scatter)
    !!handler_copy                           0x080000f8   Section       26  __scatter_copy.o(!!handler_copy)
    !!handler_zi                             0x08000114   Section       28  __scatter_zi.o(!!handler_zi)
    .ARM.Collect$$libinit$$00000000          0x08000130   Section        2  libinit.o(.ARM.Collect$$libinit$$00000000)
    .ARM.Collect$$libinit$$00000002          0x08000132   Section        0  libinit2.o(.ARM.Collect$$libinit$$00000002)
    .ARM.Collect$$libinit$$00000004          0x08000132   Section        0  libinit2.o(.ARM.Collect$$libinit$$00000004)
    .ARM.Collect$$libinit$$0000000A          0x08000132   Section        0  libinit2.o(.ARM.Collect$$libinit$$0000000A)
    .ARM.Collect$$libinit$$0000000C          0x08000132   Section        0  libinit2.o(.ARM.Collect$$libinit$$0000000C)
    .ARM.Collect$$libinit$$0000000E          0x08000132   Section        0  libinit2.o(.ARM.Collect$$libinit$$0000000E)
    .ARM.Collect$$libinit$$00000011          0x08000132   Section        0  libinit2.o(.ARM.Collect$$libinit$$00000011)
    .ARM.Collect$$libinit$$00000013          0x08000132   Section        0  libinit2.o(.ARM.Collect$$libinit$$00000013)
    .ARM.Collect$$libinit$$00000015          0x08000132   Section        0  libinit2.o(.ARM.Collect$$libinit$$00000015)
    .ARM.Collect$$libinit$$00000017          0x08000132   Section        0  libinit2.o(.ARM.Collect$$libinit$$00000017)
    .ARM.Collect$$libinit$$00000019          0x08000132   Section        0  libinit2.o(.ARM.Collect$$libinit$$00000019)
    .ARM.Collect$$libinit$$0000001B          0x08000132   Section        0  libinit2.o(.ARM.Collect$$libinit$$0000001B)
    .ARM.Collect$$libinit$$0000001D          0x08000132   Section        0  libinit2.o(.ARM.Collect$$libinit$$0000001D)
    .ARM.Collect$$libinit$$0000001F          0x08000132   Section        0  libinit2.o(.ARM.Collect$$libinit$$0000001F)
    .ARM.Collect$$libinit$$00000021          0x08000132   Section        0  libinit2.o(.ARM.Collect$$libinit$$00000021)
    .ARM.Collect$$libinit$$00000023          0x08000132   Section        0  libinit2.o(.ARM.Collect$$libinit$$00000023)
    .ARM.Collect$$libinit$$00000025          0x08000132   Section        0  libinit2.o(.ARM.Collect$$libinit$$00000025)
    .ARM.Collect$$libinit$$0000002C          0x08000132   Section        0  libinit2.o(.ARM.Collect$$libinit$$0000002C)
    .ARM.Collect$$libinit$$0000002E          0x08000132   Section        0  libinit2.o(.ARM.Collect$$libinit$$0000002E)
    .ARM.Collect$$libinit$$00000030          0x08000132   Section        0  libinit2.o(.ARM.Collect$$libinit$$00000030)
    .ARM.Collect$$libinit$$00000032          0x08000132   Section        0  libinit2.o(.ARM.Collect$$libinit$$00000032)
    .ARM.Collect$$libinit$$00000033          0x08000132   Section        2  libinit2.o(.ARM.Collect$$libinit$$00000033)
    .ARM.Collect$$libshutdown$$00000000      0x08000134   Section        2  libshutdown.o(.ARM.Collect$$libshutdown$$00000000)
    .ARM.Collect$$libshutdown$$00000003      0x08000136   Section        0  libshutdown2.o(.ARM.Collect$$libshutdown$$00000003)
    .ARM.Collect$$libshutdown$$00000006      0x08000136   Section        0  libshutdown2.o(.ARM.Collect$$libshutdown$$00000006)
    .ARM.Collect$$libshutdown$$00000009      0x08000136   Section        0  libshutdown2.o(.ARM.Collect$$libshutdown$$00000009)
    .ARM.Collect$$libshutdown$$0000000B      0x08000136   Section        0  libshutdown2.o(.ARM.Collect$$libshutdown$$0000000B)
    .ARM.Collect$$libshutdown$$0000000E      0x08000136   Section        0  libshutdown2.o(.ARM.Collect$$libshutdown$$0000000E)
    .ARM.Collect$$libshutdown$$0000000F      0x08000136   Section        2  libshutdown2.o(.ARM.Collect$$libshutdown$$0000000F)
    .ARM.Collect$$rtentry$$00000000          0x08000138   Section        0  __rtentry.o(.ARM.Collect$$rtentry$$00000000)
    .ARM.Collect$$rtentry$$00000002          0x08000138   Section        0  __rtentry2.o(.ARM.Collect$$rtentry$$00000002)
    .ARM.Collect$$rtentry$$00000004          0x08000138   Section        6  __rtentry4.o(.ARM.Collect$$rtentry$$00000004)
    .ARM.Collect$$rtentry$$00000009          0x0800013e   Section        0  __rtentry2.o(.ARM.Collect$$rtentry$$00000009)
    .ARM.Collect$$rtentry$$0000000A          0x0800013e   Section        4  __rtentry2.o(.ARM.Collect$$rtentry$$0000000A)
    .ARM.Collect$$rtentry$$0000000C          0x08000142   Section        0  __rtentry2.o(.ARM.Collect$$rtentry$$0000000C)
    .ARM.Collect$$rtentry$$0000000D          0x08000142   Section        8  __rtentry2.o(.ARM.Collect$$rtentry$$0000000D)
    .ARM.Collect$$rtexit$$00000000           0x0800014a   Section        2  rtexit.o(.ARM.Collect$$rtexit$$00000000)
    .ARM.Collect$$rtexit$$00000002           0x0800014c   Section        0  rtexit2.o(.ARM.Collect$$rtexit$$00000002)
    .ARM.Collect$$rtexit$$00000003           0x0800014c   Section        4  rtexit2.o(.ARM.Collect$$rtexit$$00000003)
    .ARM.Collect$$rtexit$$00000004           0x08000150   Section        6  rtexit2.o(.ARM.Collect$$rtexit$$00000004)
    .emb_text                                0x08000158   Section       56  rt_memcpy.o(.emb_text)
    .text                                    0x08000190   Section        0  drv.o(.text)
    NVIC_SetPriority                         0x08000359   Thumb Code   110  drv.o(.text)
    .text                                    0x080003f0   Section        0  func.o(.text)
    .text                                    0x08000548   Section        0  main.o(.text)
    .text                                    0x08000560   Section        0  stm32f0xx_it.o(.text)
    .text                                    0x08000864   Section        0  system_stm32f0xx.o(.text)
    SetSysClock                              0x08000865   Thumb Code   118  system_stm32f0xx.o(.text)
    .text                                    0x08000a04   Section        0  card.o(.text)
    .text                                    0x08001488   Section        0  database.o(.text)
    .text                                    0x08001808   Section        0  fp.o(.text)
    .text                                    0x08001df4   Section        0  keybd.o(.text)
    .text                                    0x0800299c   Section        0  lock.o(.text)
    .text                                    0x08002b44   Section        0  moto.o(.text)
    .text                                    0x08002bfc   Section        0  voice.o(.text)
    .text                                    0x08003054   Section       56  startup_stm32f030.o(.text)
    .text                                    0x0800308c   Section        0  stm32f0xx_exti.o(.text)
    .text                                    0x08003184   Section        0  stm32f0xx_flash.o(.text)
    .text                                    0x0800376c   Section        0  stm32f0xx_gpio.o(.text)
    .text                                    0x0800395c   Section        0  stm32f0xx_misc.o(.text)
    .text                                    0x08003a10   Section        0  stm32f0xx_pwr.o(.text)
    .text                                    0x08003b4c   Section        0  stm32f0xx_rcc.o(.text)
    .text                                    0x08004144   Section        0  stm32f0xx_syscfg.o(.text)
    .text                                    0x08004234   Section        0  stm32f0xx_tim.o(.text)
    TI4_Config                               0x08004981   Thumb Code    66  stm32f0xx_tim.o(.text)
    TI3_Config                               0x080049d5   Thumb Code    66  stm32f0xx_tim.o(.text)
    TI2_Config                               0x08004a2b   Thumb Code   122  stm32f0xx_tim.o(.text)
    TI1_Config                               0x08004ab5   Thumb Code    54  stm32f0xx_tim.o(.text)
    .text                                    0x08004e10   Section        0  stm32f0xx_usart.o(.text)
    .text                                    0x0800535c   Section        0  rt_memcpy.o(.text)
    .text                                    0x080053de   Section        0  aeabi_memset.o(.text)
    .text                                    0x080053f0   Section        0  rt_memclr.o(.text)
    .text                                    0x08005430   Section      346  aeabi_sdiv.o(.text)
    .text                                    0x0800558a   Section        0  heapauxi.o(.text)
    .text                                    0x08005590   Section       62  sys_stackheap_outer.o(.text)
    .text                                    0x080055ce   Section        0  exit.o(.text)
    .text                                    0x080055dc   Section        8  libspace.o(.text)
    .text                                    0x080055e4   Section        0  sys_exit.o(.text)
    .text                                    0x080055f0   Section        2  use_no_semi.o(.text)
    .constdata                               0x080055f2   Section        7  fp.o(.constdata)
    .text                                    0x080055f2   Section        0  indicate_semi.o(.text)
    .data                                    0x20000000   Section       24  func.o(.data)
    .data                                    0x20000018   Section       20  system_stm32f0xx.o(.data)
    .data                                    0x2000002c   Section       28  card.o(.data)
    .data                                    0x20000048   Section       18  database.o(.data)
    .data                                    0x2000005a   Section       15  lock.o(.data)
    .data                                    0x20000069   Section       16  stm32f0xx_rcc.o(.data)
    APBAHBPrescTable                         0x20000069   Data          16  stm32f0xx_rcc.o(.data)
    .bss                                     0x2000007c   Section      300  func.o(.bss)
    .bss                                     0x200001a8   Section     2048  database.o(.bss)
    .bss                                     0x200009a8   Section       20  lock.o(.bss)
    .bss                                     0x200009bc   Section       96  libspace.o(.bss)
    HEAP                                     0x20000a20   Section      512  startup_stm32f030.o(HEAP)
    Heap_Mem                                 0x20000a20   Data         512  startup_stm32f030.o(HEAP)
    STACK                                    0x20000c20   Section     1024  startup_stm32f030.o(STACK)
    Stack_Mem                                0x20000c20   Data        1024  startup_stm32f030.o(STACK)
    __initial_sp                             0x20001020   Data           0  startup_stm32f030.o(STACK)

    Global Symbols

    Symbol Name                              Value     Ov Type        Size  Object(Section)

    BuildAttributes$$THM_ISAv3M$S$PE$A:L22$X:L11$S22$IEEE1$IW$USESV6$~STKCKD$USESV7$~SHL$OSPACE$ROPI$EBA8$UX$STANDARDLIB$REQ8$PRES8$EABIv2 0x00000000   Number         0  anon$$obj.o ABSOLUTE
    __ARM_use_no_argv                        0x00000000   Number         0  main.o ABSOLUTE
    __ARM_exceptions_init                     - Undefined Weak Reference
    __alloca_initialize                       - Undefined Weak Reference
    __arm_preinit_                            - Undefined Weak Reference
    __cpp_initialize__aeabi_                  - Undefined Weak Reference
    __cxa_finalize                            - Undefined Weak Reference
    __rt_locale                               - Undefined Weak Reference
    __sigvec_lookup                           - Undefined Weak Reference
    _atexit_init                              - Undefined Weak Reference
    _call_atexit_fns                          - Undefined Weak Reference
    _clock_init                               - Undefined Weak Reference
    _fp_trap_init                             - Undefined Weak Reference
    _fp_trap_shutdown                         - Undefined Weak Reference
    _get_lc_collate                           - Undefined Weak Reference
    _get_lc_ctype                             - Undefined Weak Reference
    _get_lc_monetary                          - Undefined Weak Reference
    _get_lc_numeric                           - Undefined Weak Reference
    _get_lc_time                              - Undefined Weak Reference
    _getenv_init                              - Undefined Weak Reference
    _handle_redirection                       - Undefined Weak Reference
    _init_alloc                               - Undefined Weak Reference
    _init_user_alloc                          - Undefined Weak Reference
    _initio                                   - Undefined Weak Reference
    _rand_init                                - Undefined Weak Reference
    _signal_finish                            - Undefined Weak Reference
    _signal_init                              - Undefined Weak Reference
    _terminate_alloc                          - Undefined Weak Reference
    _terminate_user_alloc                     - Undefined Weak Reference
    _terminateio                              - Undefined Weak Reference
    __Vectors_Size                           0x000000b4   Number         0  startup_stm32f030.o ABSOLUTE
    __Vectors                                0x08000000   Data           4  startup_stm32f030.o(RESET)
    __Vectors_End                            0x080000b4   Data           0  startup_stm32f030.o(RESET)
    __main                                   0x080000b5   Thumb Code     8  __main.o(!!!main)
    __scatterload                            0x080000bd   Thumb Code     0  __scatter.o(!!!scatter)
    __scatterload_rt2                        0x080000bd   Thumb Code    52  __scatter.o(!!!scatter)
    __scatterload_rt2_thumb_only             0x080000bd   Thumb Code     0  __scatter.o(!!!scatter)
    __scatterload_null                       0x080000cd   Thumb Code     0  __scatter.o(!!!scatter)
    __scatterload_copy                       0x080000f9   Thumb Code    26  __scatter_copy.o(!!handler_copy)
    __scatterload_zeroinit                   0x08000115   Thumb Code    28  __scatter_zi.o(!!handler_zi)
    __rt_lib_init                            0x08000131   Thumb Code     0  libinit.o(.ARM.Collect$$libinit$$00000000)
    __rt_lib_init_alloca_1                   0x08000133   Thumb Code     0  libinit2.o(.ARM.Collect$$libinit$$0000002E)
    __rt_lib_init_argv_1                     0x08000133   Thumb Code     0  libinit2.o(.ARM.Collect$$libinit$$0000002C)
    __rt_lib_init_atexit_1                   0x08000133   Thumb Code     0  libinit2.o(.ARM.Collect$$libinit$$0000001B)
    __rt_lib_init_clock_1                    0x08000133   Thumb Code     0  libinit2.o(.ARM.Collect$$libinit$$00000021)
    __rt_lib_init_cpp_1                      0x08000133   Thumb Code     0  libinit2.o(.ARM.Collect$$libinit$$00000032)
    __rt_lib_init_exceptions_1               0x08000133   Thumb Code     0  libinit2.o(.ARM.Collect$$libinit$$00000030)
    __rt_lib_init_fp_1                       0x08000133   Thumb Code     0  libinit2.o(.ARM.Collect$$libinit$$00000002)
    __rt_lib_init_fp_trap_1                  0x08000133   Thumb Code     0  libinit2.o(.ARM.Collect$$libinit$$0000001F)
    __rt_lib_init_getenv_1                   0x08000133   Thumb Code     0  libinit2.o(.ARM.Collect$$libinit$$00000023)
    __rt_lib_init_heap_1                     0x08000133   Thumb Code     0  libinit2.o(.ARM.Collect$$libinit$$0000000A)
    __rt_lib_init_lc_collate_1               0x08000133   Thumb Code     0  libinit2.o(.ARM.Collect$$libinit$$00000011)
    __rt_lib_init_lc_ctype_1                 0x08000133   Thumb Code     0  libinit2.o(.ARM.Collect$$libinit$$00000013)
    __rt_lib_init_lc_monetary_1              0x08000133   Thumb Code     0  libinit2.o(.ARM.Collect$$libinit$$00000015)
    __rt_lib_init_lc_numeric_1               0x08000133   Thumb Code     0  libinit2.o(.ARM.Collect$$libinit$$00000017)
    __rt_lib_init_lc_time_1                  0x08000133   Thumb Code     0  libinit2.o(.ARM.Collect$$libinit$$00000019)
    __rt_lib_init_preinit_1                  0x08000133   Thumb Code     0  libinit2.o(.ARM.Collect$$libinit$$00000004)
    __rt_lib_init_rand_1                     0x08000133   Thumb Code     0  libinit2.o(.ARM.Collect$$libinit$$0000000E)
    __rt_lib_init_return                     0x08000133   Thumb Code     0  libinit2.o(.ARM.Collect$$libinit$$00000033)
    __rt_lib_init_signal_1                   0x08000133   Thumb Code     0  libinit2.o(.ARM.Collect$$libinit$$0000001D)
    __rt_lib_init_stdio_1                    0x08000133   Thumb Code     0  libinit2.o(.ARM.Collect$$libinit$$00000025)
    __rt_lib_init_user_alloc_1               0x08000133   Thumb Code     0  libinit2.o(.ARM.Collect$$libinit$$0000000C)
    __rt_lib_shutdown                        0x08000135   Thumb Code     0  libshutdown.o(.ARM.Collect$$libshutdown$$00000000)
    __rt_lib_shutdown_fp_trap_1              0x08000137   Thumb Code     0  libshutdown2.o(.ARM.Collect$$libshutdown$$00000006)
    __rt_lib_shutdown_heap_1                 0x08000137   Thumb Code     0  libshutdown2.o(.ARM.Collect$$libshutdown$$0000000E)
    __rt_lib_shutdown_return                 0x08000137   Thumb Code     0  libshutdown2.o(.ARM.Collect$$libshutdown$$0000000F)
    __rt_lib_shutdown_signal_1               0x08000137   Thumb Code     0  libshutdown2.o(.ARM.Collect$$libshutdown$$00000009)
    __rt_lib_shutdown_stdio_1                0x08000137   Thumb Code     0  libshutdown2.o(.ARM.Collect$$libshutdown$$00000003)
    __rt_lib_shutdown_user_alloc_1           0x08000137   Thumb Code     0  libshutdown2.o(.ARM.Collect$$libshutdown$$0000000B)
    __rt_entry                               0x08000139   Thumb Code     0  __rtentry.o(.ARM.Collect$$rtentry$$00000000)
    __rt_entry_presh_1                       0x08000139   Thumb Code     0  __rtentry2.o(.ARM.Collect$$rtentry$$00000002)
    __rt_entry_sh                            0x08000139   Thumb Code     0  __rtentry4.o(.ARM.Collect$$rtentry$$00000004)
    __rt_entry_li                            0x0800013f   Thumb Code     0  __rtentry2.o(.ARM.Collect$$rtentry$$0000000A)
    __rt_entry_postsh_1                      0x0800013f   Thumb Code     0  __rtentry2.o(.ARM.Collect$$rtentry$$00000009)
    __rt_entry_main                          0x08000143   Thumb Code     0  __rtentry2.o(.ARM.Collect$$rtentry$$0000000D)
    __rt_entry_postli_1                      0x08000143   Thumb Code     0  __rtentry2.o(.ARM.Collect$$rtentry$$0000000C)
    __rt_exit                                0x0800014b   Thumb Code     0  rtexit.o(.ARM.Collect$$rtexit$$00000000)
    __rt_exit_ls                             0x0800014d   Thumb Code     0  rtexit2.o(.ARM.Collect$$rtexit$$00000003)
    __rt_exit_prels_1                        0x0800014d   Thumb Code     0  rtexit2.o(.ARM.Collect$$rtexit$$00000002)
    __rt_exit_exit                           0x08000151   Thumb Code     0  rtexit2.o(.ARM.Collect$$rtexit$$00000004)
    __aeabi_memcpy4                          0x08000159   Thumb Code    56  rt_memcpy.o(.emb_text)
    __aeabi_memcpy8                          0x08000159   Thumb Code     0  rt_memcpy.o(.emb_text)
    GPIO_INIT                                0x08000191   Thumb Code    44  drv.o(.text)
    TIM3_INIT                                0x080001bd   Thumb Code    54  drv.o(.text)
    USART_INIT                               0x080001f3   Thumb Code   144  drv.o(.text)
    USART_lp_INIT                            0x08000283   Thumb Code    12  drv.o(.text)
    SYSTICK_INIT                             0x0800028f   Thumb Code    52  drv.o(.text)
    SYS_INIT                                 0x080002c3   Thumb Code    16  drv.o(.text)
    uart_putc                                0x080002d3   Thumb Code    22  drv.o(.text)
    uart_puts                                0x080002e9   Thumb Code    22  drv.o(.text)
    uart_send                                0x080002ff   Thumb Code    34  drv.o(.text)
    SYS_RST                                  0x08000321   Thumb Code     2  drv.o(.text)
    Init_GPIO_LP                             0x08000323   Thumb Code     8  drv.o(.text)
    MCU_SLEEP                                0x0800032b   Thumb Code    46  drv.o(.text)
    delay_us                                 0x080003f1   Thumb Code    26  func.o(.text)
    delay_ms                                 0x0800040b   Thumb Code    28  func.o(.text)
    commdelay                                0x08000427   Thumb Code    96  func.o(.text)
    statedelay                               0x08000487   Thumb Code    90  func.o(.text)
    countsum                                 0x080004e1   Thumb Code    28  func.o(.text)
    Get_CRC                                  0x080004fd   Thumb Code    54  func.o(.text)
    main                                     0x08000549   Thumb Code    24  main.o(.text)
    NMI_Handler                              0x08000561   Thumb Code     2  stm32f0xx_it.o(.text)
    HardFault_Handler                        0x08000563   Thumb Code     4  stm32f0xx_it.o(.text)
    SVC_Handler                              0x08000567   Thumb Code     2  stm32f0xx_it.o(.text)
    PendSV_Handler                           0x08000569   Thumb Code     2  stm32f0xx_it.o(.text)
    SysTick_Handler                          0x0800056b   Thumb Code   244  stm32f0xx_it.o(.text)
    USART1_IRQHandler                        0x0800065f   Thumb Code    96  stm32f0xx_it.o(.text)
    TIM3_IRQHandler                          0x080006bf   Thumb Code    24  stm32f0xx_it.o(.text)
    EXTI0_1_IRQHandler                       0x080006d7   Thumb Code     2  stm32f0xx_it.o(.text)
    EXTI4_15_IRQHandler                      0x080006d9   Thumb Code   314  stm32f0xx_it.o(.text)
    SystemInit                               0x080008db   Thumb Code   110  system_stm32f0xx.o(.text)
    SystemCoreClockUpdate                    0x08000949   Thumb Code   154  system_stm32f0xx.o(.text)
    WriteRawRC                               0x08000a05   Thumb Code   188  card.o(.text)
    ReadRawRC                                0x08000ac1   Thumb Code   182  card.o(.text)
    SetBitMask                               0x08000b77   Thumb Code    30  card.o(.text)
    ClearBitMask                             0x08000b95   Thumb Code    30  card.o(.text)
    PcdComMF522                              0x08000bb3   Thumb Code   312  card.o(.text)
    PcdRequest                               0x08000ceb   Thumb Code    86  card.o(.text)
    PcdAnticoll                              0x08000d41   Thumb Code   112  card.o(.text)
    CalulateCRC                              0x08000db1   Thumb Code   116  card.o(.text)
    PcdSelect                                0x08000e25   Thumb Code   110  card.o(.text)
    PcdAuthState                             0x08000e93   Thumb Code   104  card.o(.text)
    PcdRead                                  0x08000efb   Thumb Code    82  card.o(.text)
    PcdWrite                                 0x08000f4d   Thumb Code   148  card.o(.text)
    PcdValue                                 0x08000fe1   Thumb Code   202  card.o(.text)
    PcdBakValue                              0x080010ab   Thumb Code   196  card.o(.text)
    PcdHalt                                  0x0800116f   Thumb Code    46  card.o(.text)
    PcdReset                                 0x0800119d   Thumb Code   122  card.o(.text)
    PcdAntennaOn                             0x08001217   Thumb Code    28  card.o(.text)
    PcdAntennaOff                            0x08001233   Thumb Code    12  card.o(.text)
    GPIO_INIT_CARD1                          0x0800123f   Thumb Code    42  card.o(.text)
    GPIO_INIT_CARD2                          0x08001269   Thumb Code    44  card.o(.text)
    GPIO_INIT_CARD3                          0x08001295   Thumb Code    40  card.o(.text)
    RC522_Config                             0x080012bd   Thumb Code    82  card.o(.text)
    CARD_INIT                                0x0800130f   Thumb Code    32  card.o(.text)
    CARD_lp_INIT                             0x0800132f   Thumb Code     8  card.o(.text)
    CARD_GETID                               0x08001337   Thumb Code    32  card.o(.text)
    CARD_Enroll                              0x08001357   Thumb Code    62  card.o(.text)
    CARD_Identify                            0x08001395   Thumb Code    80  card.o(.text)
    CARD_MAIN                                0x080013e5   Thumb Code   138  card.o(.text)
    Flash_Erase                              0x08001489   Thumb Code    64  database.o(.text)
    Flash_Read                               0x080014c9   Thumb Code    24  database.o(.text)
    Flash_Write                              0x080014e1   Thumb Code   102  database.o(.text)
    Get_LOCK_State                           0x08001547   Thumb Code    26  database.o(.text)
    Set_LOCK_State                           0x08001561   Thumb Code    20  database.o(.text)
    Get_ADMIN_PASSWORD                       0x08001575   Thumb Code    54  database.o(.text)
    Set_ADMIN_PASSWORD                       0x080015ab   Thumb Code    48  database.o(.text)
    FP_Get_Enroll_FPID                       0x080015db   Thumb Code    48  database.o(.text)
    FP_UPDATA_FPID                           0x0800160b   Thumb Code    68  database.o(.text)
    KEYBD_Get_Enroll_USERID                  0x0800164f   Thumb Code    44  database.o(.text)
    USER_Get_Enroll_USERID                   0x0800167b   Thumb Code    44  database.o(.text)
    USER_UPDATA_USERID                       0x080016a7   Thumb Code    94  database.o(.text)
    CARD_Get_Enroll_CARDID                   0x08001705   Thumb Code    44  database.o(.text)
    CARD_UPDATA_CARDID                       0x08001731   Thumb Code   104  database.o(.text)
    CARD_IDCheck                             0x08001799   Thumb Code    86  database.o(.text)
    GPIO_INIT_Touch                          0x08001809   Thumb Code   104  fp.o(.text)
    GPIO_INIT_POWER                          0x08001871   Thumb Code    44  fp.o(.text)
    FP_POWER_OFF                             0x0800189d   Thumb Code    12  fp.o(.text)
    FP_INIT                                  0x080018a9   Thumb Code    16  fp.o(.text)
    FP_lp_INIT                               0x080018b9   Thumb Code    16  fp.o(.text)
    GET_FP_Touch                             0x080018c9   Thumb Code    16  fp.o(.text)
    FP_POWER_ON                              0x080018d9   Thumb Code    22  fp.o(.text)
    FP_SendCmd_AutoIdentify                  0x080018ef   Thumb Code   152  fp.o(.text)
    FP_SendCmd_AutoEnroll                    0x08001987   Thumb Code   150  fp.o(.text)
    FP_SendCmd_DeleteChar                    0x08001a1d   Thumb Code   138  fp.o(.text)
    FP_SendCmd_Empty                         0x08001aa7   Thumb Code    90  fp.o(.text)
    FP_RcvDeal                               0x08001b01   Thumb Code   310  fp.o(.text)
    CmdAutoEnroll                            0x08001c37   Thumb Code   102  fp.o(.text)
    CmdAutoIdentify                          0x08001c9d   Thumb Code    80  fp.o(.text)
    CmdDeleteChar                            0x08001ced   Thumb Code    30  fp.o(.text)
    CmdEmpty                                 0x08001d0b   Thumb Code    32  fp.o(.text)
    FP_MAIN                                  0x08001d2b   Thumb Code   176  fp.o(.text)
    GPIO_INIT_DEL                            0x08001df5   Thumb Code   104  keybd.o(.text)
    GPIO_INIT_ADD                            0x08001e5d   Thumb Code   104  keybd.o(.text)
    GPIO_INIT_RST                            0x08001ec5   Thumb Code   102  keybd.o(.text)
    GPIO_INIT_LOGO                           0x08001f2b   Thumb Code   102  keybd.o(.text)
    GET_ButtonDEL                            0x08001f91   Thumb Code    16  keybd.o(.text)
    GET_ButtonADD                            0x08001fa1   Thumb Code    16  keybd.o(.text)
    GET_ButtonRST                            0x08001fb1   Thumb Code    14  keybd.o(.text)
    GPIO_KBDLED                              0x08001fbf   Thumb Code    46  keybd.o(.text)
    Disp_KBD                                 0x08001fed   Thumb Code    12  keybd.o(.text)
    Disp_KBD_Rst                             0x08001ff9   Thumb Code    10  keybd.o(.text)
    KEYBD_INIT                               0x08002003   Thumb Code    16  keybd.o(.text)
    KEYBD_lp_INIT                            0x08002013   Thumb Code    12  keybd.o(.text)
    GPIO_INIT_INT_TSM12                      0x0800201f   Thumb Code    98  keybd.o(.text)
    GPIO_INIT_EN_TSM12                       0x08002081   Thumb Code    44  keybd.o(.text)
    IIc_init_TSM12                           0x080020ad   Thumb Code    42  keybd.o(.text)
    IIC_WR_MODE_TSM12                        0x080020d7   Thumb Code    48  keybd.o(.text)
    IIC_RD_MODE_TSM12                        0x08002107   Thumb Code    38  keybd.o(.text)
    IIC_DELAY_TSM12                          0x0800212d   Thumb Code    12  keybd.o(.text)
    SDA_V_TSM12                              0x08002139   Thumb Code    12  keybd.o(.text)
    START_CONDITION_TSM12                    0x08002145   Thumb Code    46  keybd.o(.text)
    STOP_CONDITION_TSM12                     0x08002173   Thumb Code    36  keybd.o(.text)
    IIC_WRITE_ACK_TSM12                      0x08002197   Thumb Code    46  keybd.o(.text)
    IIC_READ_ACK_TSM12                       0x080021c5   Thumb Code    50  keybd.o(.text)
    IIC_WRITE_TSM12                          0x080021f7   Thumb Code   106  keybd.o(.text)
    IIC_READ_TSM12                           0x08002261   Thumb Code    64  keybd.o(.text)
    SetIICRegister_TSM12                     0x080022a1   Thumb Code   144  keybd.o(.text)
    GetIICRegister_TSM12                     0x08002331   Thumb Code   160  keybd.o(.text)
    TSM12_Init                               0x080023d1   Thumb Code   160  keybd.o(.text)
    Go_sleep_mode                            0x08002471   Thumb Code    14  keybd.o(.text)
    TSM12_lp_Init                            0x0800247f   Thumb Code    18  keybd.o(.text)
    Noise_State                              0x08002491   Thumb Code    24  keybd.o(.text)
    Exit_sleep_mode                          0x080024a9   Thumb Code    14  keybd.o(.text)
    TSM12_Reading_Start                      0x080024b7   Thumb Code   294  keybd.o(.text)
    Check_PassWord                           0x080025dd   Thumb Code    56  keybd.o(.text)
    USER_GETPASSWORD                         0x08002615   Thumb Code    52  keybd.o(.text)
    USER_PassWordCheck                       0x08002649   Thumb Code    64  keybd.o(.text)
    PASSWORD_Enroll                          0x08002689   Thumb Code   112  keybd.o(.text)
    PASSWORD_Identify                        0x080026f9   Thumb Code   122  keybd.o(.text)
    PASSWORD_MAIN                            0x08002773   Thumb Code   130  keybd.o(.text)
    KEYBD_MAIN                               0x080027f5   Thumb Code   362  keybd.o(.text)
    LOCK_MENU_1L                             0x0800299d   Thumb Code    30  lock.o(.text)
    LOCK_MENU_2L                             0x080029bb   Thumb Code    30  lock.o(.text)
    LOCK_MAIN                                0x080029d9   Thumb Code    16  lock.o(.text)
    KeyBD_State_Rst                          0x080029e9   Thumb Code    24  lock.o(.text)
    ClearPassWord                            0x08002a01   Thumb Code    20  lock.o(.text)
    LOCK_ADMIN_SET                           0x08002a15   Thumb Code   230  lock.o(.text)
    LOCK_INIT                                0x08002afb   Thumb Code    32  lock.o(.text)
    GPIO_INIT_MOTO                           0x08002b45   Thumb Code    44  moto.o(.text)
    MOTO_Standby                             0x08002b71   Thumb Code    16  moto.o(.text)
    MOTO_Stop                                0x08002b81   Thumb Code    14  moto.o(.text)
    MOTO_Forward                             0x08002b8f   Thumb Code    40  moto.o(.text)
    MOTO_Back                                0x08002bb7   Thumb Code    40  moto.o(.text)
    MOTO_INIT                                0x08002bdf   Thumb Code    12  moto.o(.text)
    MOTO_lp_INIT                             0x08002beb   Thumb Code    12  moto.o(.text)
    GPIO_INIT_VBusy                          0x08002bfd   Thumb Code    40  voice.o(.text)
    GET_VBusy_State                          0x08002c25   Thumb Code    14  voice.o(.text)
    IIc_init                                 0x08002c33   Thumb Code    42  voice.o(.text)
    IIC_WR_MODE                              0x08002c5d   Thumb Code    42  voice.o(.text)
    IIC_RD_MODE                              0x08002c87   Thumb Code    38  voice.o(.text)
    IIC_DELAY                                0x08002cad   Thumb Code    12  voice.o(.text)
    SDA_V                                    0x08002cb9   Thumb Code    12  voice.o(.text)
    START_CONDITION                          0x08002cc5   Thumb Code    48  voice.o(.text)
    STOP_CONDITION                           0x08002cf5   Thumb Code    36  voice.o(.text)
    IIC_WRITE_ACK                            0x08002d19   Thumb Code    50  voice.o(.text)
    IIC_READ_ACK                             0x08002d4b   Thumb Code    56  voice.o(.text)
    IIC_WRITE                                0x08002d83   Thumb Code   112  voice.o(.text)
    IIC_READ                                 0x08002df3   Thumb Code    70  voice.o(.text)
    SetIICRegister                           0x08002e39   Thumb Code   138  voice.o(.text)
    GetIICRegister                           0x08002ec3   Thumb Code   158  voice.o(.text)
    VOICE_IIC_WRITE                          0x08002f61   Thumb Code   134  voice.o(.text)
    VOICE_INIT                               0x08002fe7   Thumb Code    12  voice.o(.text)
    VOICE_lp_INIT                            0x08002ff3   Thumb Code    34  voice.o(.text)
    VOICE                                    0x08003015   Thumb Code    34  voice.o(.text)
    VOICE_test                               0x08003037   Thumb Code    28  voice.o(.text)
    Reset_Handler                            0x08003055   Thumb Code     8  startup_stm32f030.o(.text)
    ADC1_IRQHandler                          0x08003067   Thumb Code     0  startup_stm32f030.o(.text)
    DMA1_Channel1_IRQHandler                 0x08003067   Thumb Code     0  startup_stm32f030.o(.text)
    DMA1_Channel2_3_IRQHandler               0x08003067   Thumb Code     0  startup_stm32f030.o(.text)
    DMA1_Channel4_5_IRQHandler               0x08003067   Thumb Code     0  startup_stm32f030.o(.text)
    EXTI2_3_IRQHandler                       0x08003067   Thumb Code     0  startup_stm32f030.o(.text)
    FLASH_IRQHandler                         0x08003067   Thumb Code     0  startup_stm32f030.o(.text)
    I2C1_IRQHandler                          0x08003067   Thumb Code     0  startup_stm32f030.o(.text)
    I2C2_IRQHandler                          0x08003067   Thumb Code     0  startup_stm32f030.o(.text)
    RCC_IRQHandler                           0x08003067   Thumb Code     0  startup_stm32f030.o(.text)
    RTC_IRQHandler                           0x08003067   Thumb Code     0  startup_stm32f030.o(.text)
    SPI1_IRQHandler                          0x08003067   Thumb Code     0  startup_stm32f030.o(.text)
    SPI2_IRQHandler                          0x08003067   Thumb Code     0  startup_stm32f030.o(.text)
    TIM14_IRQHandler                         0x08003067   Thumb Code     0  startup_stm32f030.o(.text)
    TIM15_IRQHandler                         0x08003067   Thumb Code     0  startup_stm32f030.o(.text)
    TIM16_IRQHandler                         0x08003067   Thumb Code     0  startup_stm32f030.o(.text)
    TIM17_IRQHandler                         0x08003067   Thumb Code     0  startup_stm32f030.o(.text)
    TIM1_BRK_UP_TRG_COM_IRQHandler           0x08003067   Thumb Code     0  startup_stm32f030.o(.text)
    TIM1_CC_IRQHandler                       0x08003067   Thumb Code     0  startup_stm32f030.o(.text)
    USART2_IRQHandler                        0x08003067   Thumb Code     0  startup_stm32f030.o(.text)
    WWDG_IRQHandler                          0x08003067   Thumb Code     0  startup_stm32f030.o(.text)
    __user_initial_stackheap                 0x08003069   Thumb Code     0  startup_stm32f030.o(.text)
    EXTI_DeInit                              0x0800308d   Thumb Code    20  stm32f0xx_exti.o(.text)
    EXTI_Init                                0x080030a1   Thumb Code   132  stm32f0xx_exti.o(.text)
    EXTI_StructInit                          0x08003125   Thumb Code    16  stm32f0xx_exti.o(.text)
    EXTI_GenerateSWInterrupt                 0x08003135   Thumb Code    12  stm32f0xx_exti.o(.text)
    EXTI_GetFlagStatus                       0x08003141   Thumb Code    22  stm32f0xx_exti.o(.text)
    EXTI_ClearFlag                           0x08003157   Thumb Code     6  stm32f0xx_exti.o(.text)
    EXTI_GetITStatus                         0x0800315d   Thumb Code    22  stm32f0xx_exti.o(.text)
    EXTI_ClearITPendingBit                   0x08003173   Thumb Code     6  stm32f0xx_exti.o(.text)
    FLASH_SetLatency                         0x08003185   Thumb Code    24  stm32f0xx_flash.o(.text)
    FLASH_PrefetchBufferCmd                  0x0800319d   Thumb Code    32  stm32f0xx_flash.o(.text)
    FLASH_GetPrefetchBufferStatus            0x080031bd   Thumb Code    22  stm32f0xx_flash.o(.text)
    FLASH_Unlock                             0x080031d3   Thumb Code    24  stm32f0xx_flash.o(.text)
    FLASH_Lock                               0x080031eb   Thumb Code    14  stm32f0xx_flash.o(.text)
    FLASH_GetStatus                          0x080031f9   Thumb Code    54  stm32f0xx_flash.o(.text)
    FLASH_WaitForLastOperation               0x0800322f   Thumb Code    40  stm32f0xx_flash.o(.text)
    FLASH_ErasePage                          0x08003257   Thumb Code    72  stm32f0xx_flash.o(.text)
    FLASH_EraseAllPages                      0x0800329f   Thumb Code    68  stm32f0xx_flash.o(.text)
    FLASH_ProgramWord                        0x080032e3   Thumb Code   104  stm32f0xx_flash.o(.text)
    FLASH_ProgramHalfWord                    0x0800334b   Thumb Code    62  stm32f0xx_flash.o(.text)
    FLASH_OB_Unlock                          0x08003389   Thumb Code    26  stm32f0xx_flash.o(.text)
    FLASH_OB_Lock                            0x080033a3   Thumb Code    16  stm32f0xx_flash.o(.text)
    FLASH_OB_Launch                          0x080033b3   Thumb Code    16  stm32f0xx_flash.o(.text)
    FLASH_OB_GetRDP                          0x080033c3   Thumb Code    22  stm32f0xx_flash.o(.text)
    FLASH_OB_Erase                           0x080033d9   Thumb Code   144  stm32f0xx_flash.o(.text)
    FLASH_OB_EnableWRP                       0x08003469   Thumb Code   108  stm32f0xx_flash.o(.text)
    FLASH_OB_RDPConfig                       0x080034d5   Thumb Code   134  stm32f0xx_flash.o(.text)
    FLASH_OB_UserConfig                      0x0800355b   Thumb Code   102  stm32f0xx_flash.o(.text)
    FLASH_OB_BOOTConfig                      0x080035c1   Thumb Code    70  stm32f0xx_flash.o(.text)
    FLASH_OB_VDDAConfig                      0x08003607   Thumb Code    70  stm32f0xx_flash.o(.text)
    FLASH_OB_SRAMParityConfig                0x0800364d   Thumb Code    70  stm32f0xx_flash.o(.text)
    FLASH_OB_WriteUser                       0x08003693   Thumb Code    70  stm32f0xx_flash.o(.text)
    FLASH_OB_ProgramData                     0x080036d9   Thumb Code    66  stm32f0xx_flash.o(.text)
    FLASH_OB_GetUser                         0x0800371b   Thumb Code    10  stm32f0xx_flash.o(.text)
    FLASH_OB_GetWRP                          0x08003725   Thumb Code     6  stm32f0xx_flash.o(.text)
    FLASH_ITConfig                           0x0800372b   Thumb Code    28  stm32f0xx_flash.o(.text)
    FLASH_GetFlagStatus                      0x08003747   Thumb Code    22  stm32f0xx_flash.o(.text)
    FLASH_ClearFlag                          0x0800375d   Thumb Code     6  stm32f0xx_flash.o(.text)
    GPIO_DeInit                              0x0800376d   Thumb Code   132  stm32f0xx_gpio.o(.text)
    GPIO_Init                                0x080037f1   Thumb Code   144  stm32f0xx_gpio.o(.text)
    GPIO_StructInit                          0x08003881   Thumb Code    20  stm32f0xx_gpio.o(.text)
    GPIO_PinLockConfig                       0x08003895   Thumb Code    34  stm32f0xx_gpio.o(.text)
    GPIO_ReadInputDataBit                    0x080038b7   Thumb Code    20  stm32f0xx_gpio.o(.text)
    GPIO_ReadInputData                       0x080038cb   Thumb Code     6  stm32f0xx_gpio.o(.text)
    GPIO_ReadOutputDataBit                   0x080038d1   Thumb Code    20  stm32f0xx_gpio.o(.text)
    GPIO_ReadOutputData                      0x080038e5   Thumb Code     6  stm32f0xx_gpio.o(.text)
    GPIO_SetBits                             0x080038eb   Thumb Code     4  stm32f0xx_gpio.o(.text)
    GPIO_ResetBits                           0x080038ef   Thumb Code     4  stm32f0xx_gpio.o(.text)
    GPIO_WriteBit                            0x080038f3   Thumb Code    12  stm32f0xx_gpio.o(.text)
    GPIO_Write                               0x080038ff   Thumb Code     4  stm32f0xx_gpio.o(.text)
    GPIO_PinAFConfig                         0x08003903   Thumb Code    68  stm32f0xx_gpio.o(.text)
    NVIC_Init                                0x0800395d   Thumb Code   106  stm32f0xx_misc.o(.text)
    NVIC_SystemLPConfig                      0x080039c7   Thumb Code    28  stm32f0xx_misc.o(.text)
    SysTick_CLKSourceConfig                  0x080039e3   Thumb Code    32  stm32f0xx_misc.o(.text)
    PWR_DeInit                               0x08003a11   Thumb Code    22  stm32f0xx_pwr.o(.text)
    PWR_BackupAccessCmd                      0x08003a27   Thumb Code    36  stm32f0xx_pwr.o(.text)
    PWR_PVDLevelConfig                       0x08003a4b   Thumb Code    28  stm32f0xx_pwr.o(.text)
    PWR_PVDCmd                               0x08003a67   Thumb Code    32  stm32f0xx_pwr.o(.text)
    PWR_WakeUpPinCmd                         0x08003a87   Thumb Code    28  stm32f0xx_pwr.o(.text)
    PWR_EnterSleepMode                       0x08003aa3   Thumb Code    24  stm32f0xx_pwr.o(.text)
    PWR_EnterSTOPMode                        0x08003abb   Thumb Code    60  stm32f0xx_pwr.o(.text)
    PWR_EnterSTANDBYMode                     0x08003af7   Thumb Code    40  stm32f0xx_pwr.o(.text)
    PWR_GetFlagStatus                        0x08003b1f   Thumb Code    22  stm32f0xx_pwr.o(.text)
    PWR_ClearFlag                            0x08003b35   Thumb Code    14  stm32f0xx_pwr.o(.text)
    RCC_DeInit                               0x08003b4d   Thumb Code   104  stm32f0xx_rcc.o(.text)
    RCC_HSEConfig                            0x08003bb5   Thumb Code    12  stm32f0xx_rcc.o(.text)
    RCC_GetFlagStatus                        0x08003bc1   Thumb Code    68  stm32f0xx_rcc.o(.text)
    RCC_WaitForHSEStartUp                    0x08003c05   Thumb Code    60  stm32f0xx_rcc.o(.text)
    RCC_AdjustHSICalibrationValue            0x08003c41   Thumb Code    26  stm32f0xx_rcc.o(.text)
    RCC_HSICmd                               0x08003c5b   Thumb Code    32  stm32f0xx_rcc.o(.text)
    RCC_AdjustHSI14CalibrationValue          0x08003c7b   Thumb Code    26  stm32f0xx_rcc.o(.text)
    RCC_HSI14Cmd                             0x08003c95   Thumb Code    32  stm32f0xx_rcc.o(.text)
    RCC_HSI14ADCRequestCmd                   0x08003cb5   Thumb Code    32  stm32f0xx_rcc.o(.text)
    RCC_LSEConfig                            0x08003cd5   Thumb Code    34  stm32f0xx_rcc.o(.text)
    RCC_LSEDriveConfig                       0x08003cf7   Thumb Code    22  stm32f0xx_rcc.o(.text)
    RCC_LSICmd                               0x08003d0d   Thumb Code    32  stm32f0xx_rcc.o(.text)
    RCC_PLLConfig                            0x08003d2d   Thumb Code    30  stm32f0xx_rcc.o(.text)
    RCC_PLLCmd                               0x08003d4b   Thumb Code    36  stm32f0xx_rcc.o(.text)
    RCC_PREDIV1Config                        0x08003d6f   Thumb Code    24  stm32f0xx_rcc.o(.text)
    RCC_ClockSecuritySystemCmd               0x08003d87   Thumb Code    36  stm32f0xx_rcc.o(.text)
    RCC_MCOConfig                            0x08003dab   Thumb Code     6  stm32f0xx_rcc.o(.text)
    RCC_SYSCLKConfig                         0x08003db1   Thumb Code    24  stm32f0xx_rcc.o(.text)
    RCC_GetSYSCLKSource                      0x08003dc9   Thumb Code    10  stm32f0xx_rcc.o(.text)
    RCC_HCLKConfig                           0x08003dd3   Thumb Code    28  stm32f0xx_rcc.o(.text)
    RCC_PCLKConfig                           0x08003def   Thumb Code    30  stm32f0xx_rcc.o(.text)
    RCC_ADCCLKConfig                         0x08003e0d   Thumb Code    52  stm32f0xx_rcc.o(.text)
    RCC_CECCLKConfig                         0x08003e41   Thumb Code    22  stm32f0xx_rcc.o(.text)
    RCC_I2CCLKConfig                         0x08003e57   Thumb Code    22  stm32f0xx_rcc.o(.text)
    RCC_USARTCLKConfig                       0x08003e6d   Thumb Code    22  stm32f0xx_rcc.o(.text)
    RCC_GetClocksFreq                        0x08003e83   Thumb Code   368  stm32f0xx_rcc.o(.text)
    RCC_RTCCLKConfig                         0x08003ff3   Thumb Code    12  stm32f0xx_rcc.o(.text)
    RCC_RTCCLKCmd                            0x08003fff   Thumb Code    36  stm32f0xx_rcc.o(.text)
    RCC_BackupResetCmd                       0x08004023   Thumb Code    36  stm32f0xx_rcc.o(.text)
    RCC_AHBPeriphClockCmd                    0x08004047   Thumb Code    28  stm32f0xx_rcc.o(.text)
    RCC_APB2PeriphClockCmd                   0x08004063   Thumb Code    28  stm32f0xx_rcc.o(.text)
    RCC_APB1PeriphClockCmd                   0x0800407f   Thumb Code    28  stm32f0xx_rcc.o(.text)
    RCC_AHBPeriphResetCmd                    0x0800409b   Thumb Code    28  stm32f0xx_rcc.o(.text)
    RCC_APB2PeriphResetCmd                   0x080040b7   Thumb Code    28  stm32f0xx_rcc.o(.text)
    RCC_APB1PeriphResetCmd                   0x080040d3   Thumb Code    28  stm32f0xx_rcc.o(.text)
    RCC_ITConfig                             0x080040ef   Thumb Code    28  stm32f0xx_rcc.o(.text)
    RCC_ClearFlag                            0x0800410b   Thumb Code    16  stm32f0xx_rcc.o(.text)
    RCC_GetITStatus                          0x0800411b   Thumb Code    22  stm32f0xx_rcc.o(.text)
    RCC_ClearITPendingBit                    0x08004131   Thumb Code     6  stm32f0xx_rcc.o(.text)
    SYSCFG_DeInit                            0x08004145   Thumb Code    40  stm32f0xx_syscfg.o(.text)
    SYSCFG_MemoryRemapConfig                 0x0800416d   Thumb Code    24  stm32f0xx_syscfg.o(.text)
    SYSCFG_DMAChannelRemapConfig             0x08004185   Thumb Code    28  stm32f0xx_syscfg.o(.text)
    SYSCFG_I2CFastModePlusConfig             0x080041a1   Thumb Code    28  stm32f0xx_syscfg.o(.text)
    SYSCFG_EXTILineConfig                    0x080041bd   Thumb Code    66  stm32f0xx_syscfg.o(.text)
    SYSCFG_BreakConfig                       0x080041ff   Thumb Code    12  stm32f0xx_syscfg.o(.text)
    SYSCFG_GetFlagStatus                     0x0800420b   Thumb Code    26  stm32f0xx_syscfg.o(.text)
    SYSCFG_ClearFlag                         0x08004225   Thumb Code    12  stm32f0xx_syscfg.o(.text)
    TIM_DeInit                               0x08004235   Thumb Code   204  stm32f0xx_tim.o(.text)
    TIM_TimeBaseInit                         0x08004301   Thumb Code    90  stm32f0xx_tim.o(.text)
    TIM_TimeBaseStructInit                   0x0800435b   Thumb Code    18  stm32f0xx_tim.o(.text)
    TIM_PrescalerConfig                      0x0800436d   Thumb Code     6  stm32f0xx_tim.o(.text)
    TIM_CounterModeConfig                    0x08004373   Thumb Code    20  stm32f0xx_tim.o(.text)
    TIM_SetCounter                           0x08004387   Thumb Code     4  stm32f0xx_tim.o(.text)
    TIM_SetAutoreload                        0x0800438b   Thumb Code     4  stm32f0xx_tim.o(.text)
    TIM_GetCounter                           0x0800438f   Thumb Code     6  stm32f0xx_tim.o(.text)
    TIM_GetPrescaler                         0x08004395   Thumb Code     6  stm32f0xx_tim.o(.text)
    TIM_UpdateDisableConfig                  0x0800439b   Thumb Code    26  stm32f0xx_tim.o(.text)
    TIM_UpdateRequestConfig                  0x080043b5   Thumb Code    26  stm32f0xx_tim.o(.text)
    TIM_ARRPreloadConfig                     0x080043cf   Thumb Code    26  stm32f0xx_tim.o(.text)
    TIM_SelectOnePulseMode                   0x080043e9   Thumb Code    18  stm32f0xx_tim.o(.text)
    TIM_SetClockDivision                     0x080043fb   Thumb Code    16  stm32f0xx_tim.o(.text)
    TIM_Cmd                                  0x0800440b   Thumb Code    26  stm32f0xx_tim.o(.text)
    TIM_BDTRConfig                           0x08004425   Thumb Code    32  stm32f0xx_tim.o(.text)
    TIM_BDTRStructInit                       0x08004445   Thumb Code    18  stm32f0xx_tim.o(.text)
    TIM_CtrlPWMOutputs                       0x08004457   Thumb Code    34  stm32f0xx_tim.o(.text)
    TIM_OC1Init                              0x08004479   Thumb Code   122  stm32f0xx_tim.o(.text)
    TIM_OC2Init                              0x080044f3   Thumb Code   144  stm32f0xx_tim.o(.text)
    TIM_OC3Init                              0x08004583   Thumb Code   124  stm32f0xx_tim.o(.text)
    TIM_OC4Init                              0x080045ff   Thumb Code   150  stm32f0xx_tim.o(.text)
    TIM_OCStructInit                         0x08004695   Thumb Code    20  stm32f0xx_tim.o(.text)
    TIM_SelectOCxM                           0x080046a9   Thumb Code    82  stm32f0xx_tim.o(.text)
    TIM_SetCompare1                          0x080046fb   Thumb Code     4  stm32f0xx_tim.o(.text)
    TIM_SetCompare2                          0x080046ff   Thumb Code     4  stm32f0xx_tim.o(.text)
    TIM_SetCompare3                          0x08004703   Thumb Code     4  stm32f0xx_tim.o(.text)
    TIM_SetCompare4                          0x08004707   Thumb Code     4  stm32f0xx_tim.o(.text)
    TIM_ForcedOC1Config                      0x0800470b   Thumb Code    20  stm32f0xx_tim.o(.text)
    TIM_ForcedOC2Config                      0x0800471f   Thumb Code    20  stm32f0xx_tim.o(.text)
    TIM_ForcedOC3Config                      0x08004733   Thumb Code    20  stm32f0xx_tim.o(.text)
    TIM_ForcedOC4Config                      0x08004747   Thumb Code    20  stm32f0xx_tim.o(.text)
    TIM_CCPreloadControl                     0x0800475b   Thumb Code    26  stm32f0xx_tim.o(.text)
    TIM_OC1PreloadConfig                     0x08004775   Thumb Code    22  stm32f0xx_tim.o(.text)
    TIM_OC2PreloadConfig                     0x0800478b   Thumb Code    20  stm32f0xx_tim.o(.text)
    TIM_OC3PreloadConfig                     0x0800479f   Thumb Code    22  stm32f0xx_tim.o(.text)
    TIM_OC4PreloadConfig                     0x080047b5   Thumb Code    20  stm32f0xx_tim.o(.text)
    TIM_OC1FastConfig                        0x080047c9   Thumb Code    22  stm32f0xx_tim.o(.text)
    TIM_OC2FastConfig                        0x080047df   Thumb Code    20  stm32f0xx_tim.o(.text)
    TIM_OC3FastConfig                        0x080047f3   Thumb Code    22  stm32f0xx_tim.o(.text)
    TIM_OC4FastConfig                        0x08004809   Thumb Code    20  stm32f0xx_tim.o(.text)
    TIM_ClearOC1Ref                          0x0800481d   Thumb Code    22  stm32f0xx_tim.o(.text)
    TIM_ClearOC2Ref                          0x08004833   Thumb Code    20  stm32f0xx_tim.o(.text)
    TIM_ClearOC3Ref                          0x08004847   Thumb Code    22  stm32f0xx_tim.o(.text)
    TIM_ClearOC4Ref                          0x0800485d   Thumb Code    20  stm32f0xx_tim.o(.text)
    TIM_OC1PolarityConfig                    0x08004871   Thumb Code    22  stm32f0xx_tim.o(.text)
    TIM_OC1NPolarityConfig                   0x08004887   Thumb Code    22  stm32f0xx_tim.o(.text)
    TIM_OC2PolarityConfig                    0x0800489d   Thumb Code    22  stm32f0xx_tim.o(.text)
    TIM_OC2NPolarityConfig                   0x080048b3   Thumb Code    22  stm32f0xx_tim.o(.text)
    TIM_OC3PolarityConfig                    0x080048c9   Thumb Code    20  stm32f0xx_tim.o(.text)
    TIM_OC3NPolarityConfig                   0x080048dd   Thumb Code    20  stm32f0xx_tim.o(.text)
    TIM_OC4PolarityConfig                    0x080048f1   Thumb Code    20  stm32f0xx_tim.o(.text)
    TIM_SelectOCREFClear                     0x08004905   Thumb Code    18  stm32f0xx_tim.o(.text)
    TIM_CCxCmd                               0x08004917   Thumb Code    30  stm32f0xx_tim.o(.text)
    TIM_CCxNCmd                              0x08004935   Thumb Code    30  stm32f0xx_tim.o(.text)
    TIM_SelectCOM                            0x08004953   Thumb Code    26  stm32f0xx_tim.o(.text)
    TIM_SetIC4Prescaler                      0x0800496d   Thumb Code    20  stm32f0xx_tim.o(.text)
    TIM_SetIC3Prescaler                      0x080049c3   Thumb Code    18  stm32f0xx_tim.o(.text)
    TIM_SetIC2Prescaler                      0x08004a17   Thumb Code    20  stm32f0xx_tim.o(.text)
    TIM_SetIC1Prescaler                      0x08004aa5   Thumb Code    16  stm32f0xx_tim.o(.text)
    TIM_ICInit                               0x08004aeb   Thumb Code   112  stm32f0xx_tim.o(.text)
    TIM_ICStructInit                         0x08004b5b   Thumb Code    18  stm32f0xx_tim.o(.text)
    TIM_PWMIConfig                           0x08004b6d   Thumb Code   124  stm32f0xx_tim.o(.text)
    TIM_GetCapture1                          0x08004be9   Thumb Code     6  stm32f0xx_tim.o(.text)
    TIM_GetCapture2                          0x08004bef   Thumb Code     6  stm32f0xx_tim.o(.text)
    TIM_GetCapture3                          0x08004bf5   Thumb Code     6  stm32f0xx_tim.o(.text)
    TIM_GetCapture4                          0x08004bfb   Thumb Code     6  stm32f0xx_tim.o(.text)
    TIM_ITConfig                             0x08004c01   Thumb Code    20  stm32f0xx_tim.o(.text)
    TIM_GenerateEvent                        0x08004c15   Thumb Code     4  stm32f0xx_tim.o(.text)
    TIM_GetFlagStatus                        0x08004c19   Thumb Code    20  stm32f0xx_tim.o(.text)
    TIM_ClearFlag                            0x08004c2d   Thumb Code     6  stm32f0xx_tim.o(.text)
    TIM_GetITStatus                          0x08004c33   Thumb Code    38  stm32f0xx_tim.o(.text)
    TIM_ClearITPendingBit                    0x08004c59   Thumb Code     6  stm32f0xx_tim.o(.text)
    TIM_DMAConfig                            0x08004c5f   Thumb Code    12  stm32f0xx_tim.o(.text)
    TIM_DMACmd                               0x08004c6b   Thumb Code    20  stm32f0xx_tim.o(.text)
    TIM_SelectCCDMA                          0x08004c7f   Thumb Code    26  stm32f0xx_tim.o(.text)
    TIM_InternalClockConfig                  0x08004c99   Thumb Code    12  stm32f0xx_tim.o(.text)
    TIM_SelectInputTrigger                   0x08004ca5   Thumb Code    22  stm32f0xx_tim.o(.text)
    TIM_ITRxExternalClockConfig              0x08004cbb   Thumb Code    24  stm32f0xx_tim.o(.text)
    TIM_TIxExternalClockConfig               0x08004cd3   Thumb Code    58  stm32f0xx_tim.o(.text)
    TIM_ETRConfig                            0x08004d0d   Thumb Code    24  stm32f0xx_tim.o(.text)
    TIM_ETRClockMode1Config                  0x08004d25   Thumb Code    48  stm32f0xx_tim.o(.text)
    TIM_ETRClockMode2Config                  0x08004d55   Thumb Code    34  stm32f0xx_tim.o(.text)
    TIM_SelectOutputTrigger                  0x08004d77   Thumb Code    18  stm32f0xx_tim.o(.text)
    TIM_SelectSlaveMode                      0x08004d89   Thumb Code    18  stm32f0xx_tim.o(.text)
    TIM_SelectMasterSlaveMode                0x08004d9b   Thumb Code    18  stm32f0xx_tim.o(.text)
    TIM_EncoderInterfaceConfig               0x08004dad   Thumb Code    60  stm32f0xx_tim.o(.text)
    TIM_SelectHallSensor                     0x08004de9   Thumb Code    26  stm32f0xx_tim.o(.text)
    TIM_RemapConfig                          0x08004e03   Thumb Code     6  stm32f0xx_tim.o(.text)
    USART_DeInit                             0x08004e11   Thumb Code    56  stm32f0xx_usart.o(.text)
    USART_Init                               0x08004e49   Thumb Code   202  stm32f0xx_usart.o(.text)
    USART_StructInit                         0x08004f13   Thumb Code    24  stm32f0xx_usart.o(.text)
    USART_ClockInit                          0x08004f2b   Thumb Code    36  stm32f0xx_usart.o(.text)
    USART_ClockStructInit                    0x08004f4f   Thumb Code    12  stm32f0xx_usart.o(.text)
    USART_Cmd                                0x08004f5b   Thumb Code    24  stm32f0xx_usart.o(.text)
    USART_DirectionModeCmd                   0x08004f73   Thumb Code    20  stm32f0xx_usart.o(.text)
    USART_OverSampling8Cmd                   0x08004f87   Thumb Code    28  stm32f0xx_usart.o(.text)
    USART_OneBitMethodCmd                    0x08004fa3   Thumb Code    28  stm32f0xx_usart.o(.text)
    USART_MSBFirstCmd                        0x08004fbf   Thumb Code    28  stm32f0xx_usart.o(.text)
    USART_DataInvCmd                         0x08004fdb   Thumb Code    28  stm32f0xx_usart.o(.text)
    USART_InvPinCmd                          0x08004ff7   Thumb Code    20  stm32f0xx_usart.o(.text)
    USART_SWAPPinCmd                         0x0800500b   Thumb Code    28  stm32f0xx_usart.o(.text)
    USART_ReceiverTimeOutCmd                 0x08005027   Thumb Code    28  stm32f0xx_usart.o(.text)
    USART_SetReceiverTimeOut                 0x08005043   Thumb Code    16  stm32f0xx_usart.o(.text)
    USART_SetPrescaler                       0x08005053   Thumb Code    18  stm32f0xx_usart.o(.text)
    USART_STOPModeCmd                        0x08005065   Thumb Code    24  stm32f0xx_usart.o(.text)
    USART_StopModeWakeUpSourceConfig         0x0800507d   Thumb Code    18  stm32f0xx_usart.o(.text)
    USART_AutoBaudRateCmd                    0x0800508f   Thumb Code    28  stm32f0xx_usart.o(.text)
    USART_AutoBaudRateConfig                 0x080050ab   Thumb Code    18  stm32f0xx_usart.o(.text)
    USART_SendData                           0x080050bd   Thumb Code     8  stm32f0xx_usart.o(.text)
    USART_ReceiveData                        0x080050c5   Thumb Code    10  stm32f0xx_usart.o(.text)
    USART_SetAddress                         0x080050cf   Thumb Code    18  stm32f0xx_usart.o(.text)
    USART_MuteModeCmd                        0x080050e1   Thumb Code    28  stm32f0xx_usart.o(.text)
    USART_MuteModeWakeUpConfig               0x080050fd   Thumb Code    18  stm32f0xx_usart.o(.text)
    USART_AddressDetectionConfig             0x0800510f   Thumb Code    16  stm32f0xx_usart.o(.text)
    USART_LINBreakDetectLengthConfig         0x0800511f   Thumb Code    16  stm32f0xx_usart.o(.text)
    USART_LINCmd                             0x0800512f   Thumb Code    28  stm32f0xx_usart.o(.text)
    USART_HalfDuplexCmd                      0x0800514b   Thumb Code    24  stm32f0xx_usart.o(.text)
    USART_SetGuardTime                       0x08005163   Thumb Code    16  stm32f0xx_usart.o(.text)
    USART_SmartCardCmd                       0x08005173   Thumb Code    24  stm32f0xx_usart.o(.text)
    USART_SmartCardNACKCmd                   0x0800518b   Thumb Code    24  stm32f0xx_usart.o(.text)
    USART_SetAutoRetryCount                  0x080051a3   Thumb Code    20  stm32f0xx_usart.o(.text)
    USART_SetBlockLength                     0x080051b7   Thumb Code    18  stm32f0xx_usart.o(.text)
    USART_IrDAConfig                         0x080051c9   Thumb Code    16  stm32f0xx_usart.o(.text)
    USART_IrDACmd                            0x080051d9   Thumb Code    40  stm32f0xx_usart.o(.text)
    USART_DECmd                              0x08005201   Thumb Code    28  stm32f0xx_usart.o(.text)
    USART_DEPolarityConfig                   0x0800521d   Thumb Code    18  stm32f0xx_usart.o(.text)
    USART_SetDEAssertionTime                 0x0800522f   Thumb Code    20  stm32f0xx_usart.o(.text)
    USART_SetDEDeassertionTime               0x08005243   Thumb Code    20  stm32f0xx_usart.o(.text)
    USART_DMACmd                             0x08005257   Thumb Code    20  stm32f0xx_usart.o(.text)
    USART_DMAReceptionErrorConfig            0x0800526b   Thumb Code    18  stm32f0xx_usart.o(.text)
    USART_ITConfig                           0x0800527d   Thumb Code    66  stm32f0xx_usart.o(.text)
    USART_RequestCmd                         0x080052bf   Thumb Code    20  stm32f0xx_usart.o(.text)
    USART_OverrunDetectionConfig             0x080052d3   Thumb Code    18  stm32f0xx_usart.o(.text)
    USART_GetFlagStatus                      0x080052e5   Thumb Code    20  stm32f0xx_usart.o(.text)
    USART_ClearFlag                          0x080052f9   Thumb Code     4  stm32f0xx_usart.o(.text)
    USART_GetITStatus                        0x080052fd   Thumb Code    78  stm32f0xx_usart.o(.text)
    USART_ClearITPendingBit                  0x0800534b   Thumb Code    18  stm32f0xx_usart.o(.text)
    __aeabi_memcpy                           0x0800535d   Thumb Code   130  rt_memcpy.o(.text)
    __rt_memcpy                              0x0800535d   Thumb Code     0  rt_memcpy.o(.text)
    __aeabi_memset                           0x080053df   Thumb Code    18  aeabi_memset.o(.text)
    _memset_w                                0x080053f1   Thumb Code    26  rt_memclr.o(.text)
    _memset                                  0x0800540b   Thumb Code    30  rt_memclr.o(.text)
    __aeabi_memclr                           0x08005429   Thumb Code     4  rt_memclr.o(.text)
    __rt_memclr                              0x08005429   Thumb Code     0  rt_memclr.o(.text)
    __aeabi_memclr4                          0x0800542d   Thumb Code     0  rt_memclr.o(.text)
    __aeabi_memclr8                          0x0800542d   Thumb Code     0  rt_memclr.o(.text)
    __rt_memclr_w                            0x0800542d   Thumb Code     4  rt_memclr.o(.text)
    __aeabi_uidiv                            0x08005431   Thumb Code     0  aeabi_sdiv.o(.text)
    __aeabi_uidivmod                         0x08005431   Thumb Code    20  aeabi_sdiv.o(.text)
    __aeabi_idiv                             0x08005445   Thumb Code     0  aeabi_sdiv.o(.text)
    __aeabi_idivmod                          0x08005445   Thumb Code   326  aeabi_sdiv.o(.text)
    __use_two_region_memory                  0x0800558b   Thumb Code     2  heapauxi.o(.text)
    __rt_heap_escrow$2region                 0x0800558d   Thumb Code     2  heapauxi.o(.text)
    __rt_heap_expand$2region                 0x0800558f   Thumb Code     2  heapauxi.o(.text)
    __user_setup_stackheap                   0x08005591   Thumb Code    62  sys_stackheap_outer.o(.text)
    exit                                     0x080055cf   Thumb Code    12  exit.o(.text)
    __user_libspace                          0x080055dd   Thumb Code     8  libspace.o(.text)
    __user_perproc_libspace                  0x080055dd   Thumb Code     0  libspace.o(.text)
    __user_perthread_libspace                0x080055dd   Thumb Code     0  libspace.o(.text)
    _sys_exit                                0x080055e5   Thumb Code     8  sys_exit.o(.text)
    __I$use$semihosting                      0x080055f1   Thumb Code     0  use_no_semi.o(.text)
    __use_no_semihosting_swi                 0x080055f1   Thumb Code     2  use_no_semi.o(.text)
    FpProtocol_H                             0x080055f2   Data           7  fp.o(.constdata)
    __semihosting_library_function           0x080055f3   Thumb Code     0  indicate_semi.o(.text)
    Region$$Table$$Base                      0x080055fc   Number         0  anon$$obj.o(Region$$Table)
    Region$$Table$$Limit                     0x0800561c   Number         0  anon$$obj.o(Region$$Table)
    sys_flag                                 0x20000000   Data           1  func.o(.data)
    uart_RDataLen                            0x20000001   Data           1  func.o(.data)
    uart_cnt                                 0x20000002   Data           1  func.o(.data)
    comm_cnt                                 0x20000004   Data           4  func.o(.data)
    sTimeOut_cnt                             0x20000008   Data           4  func.o(.data)
    ReadCard_cnt                             0x2000000c   Data           4  func.o(.data)
    DoorOpen_cnt                             0x20000010   Data           4  func.o(.data)
    GotoSleep_cnt                            0x20000014   Data           4  func.o(.data)
    SystemCoreClock                          0x20000018   Data           4  system_stm32f0xx.o(.data)
    AHBPrescTable                            0x2000001c   Data          16  system_stm32f0xx.o(.data)
    Card_pTagType                            0x2000002c   Data           2  card.o(.data)
    data1                                    0x2000002e   Data          16  card.o(.data)
    data2                                    0x2000003e   Data           4  card.o(.data)
    DefaultKey                               0x20000042   Data           6  card.o(.data)
    EraseCounter                             0x20000048   Data           4  database.o(.data)
    Address                                  0x2000004c   Data           4  database.o(.data)
    Data                                     0x20000050   Data           4  database.o(.data)
    NbrOfPage                                0x20000054   Data           4  database.o(.data)
    FLASHStatus                              0x20000058   Data           1  database.o(.data)
    MemoryProgramStatus                      0x20000059   Data           1  database.o(.data)
    Menu_1L                                  0x2000005a   Data           1  lock.o(.data)
    Menu_2L                                  0x2000005b   Data           1  lock.o(.data)
    Sys_Task                                 0x2000005c   Data           1  lock.o(.data)
    Sys_Channel                              0x2000005d   Data           1  lock.o(.data)
    Sys_State                                0x2000005e   Data           1  lock.o(.data)
    Sys_Key                                  0x2000005f   Data           1  lock.o(.data)
    Sys_Pswd                                 0x20000060   Data           1  lock.o(.data)
    PassWord_Admin                           0x20000061   Data           6  lock.o(.data)
    PassWord_Buf_i                           0x20000067   Data           1  lock.o(.data)
    Key_value                                0x20000068   Data           1  lock.o(.data)
    uart_RBuf                                0x2000007c   Data         100  func.o(.bss)
    RcvBuf                                   0x200000e0   Data         100  func.o(.bss)
    SendBuf                                  0x20000144   Data         100  func.o(.bss)
    DB_Data                                  0x200001a8   Data        2048  database.o(.bss)
    PassWord_Buf                             0x200009a8   Data          20  lock.o(.bss)
    __libspace_start                         0x200009bc   Data          96  libspace.o(.bss)
    __temporary_stack_top$libspace           0x20000a1c   Data           0  libspace.o(.bss)



==============================================================================

Memory Map of the image

  Image Entry point : 0x080000b5

  Load Region LR_IROM1 (Base: 0x08000000, Size: 0x00005698, Max: 0x00010000, ABSOLUTE)

    Execution Region ER_IROM1 (Base: 0x08000000, Size: 0x0000561c, Max: 0x00010000, ABSOLUTE)

    Base Addr    Size         Type   Attr      Idx    E Section Name        Object

    0x08000000   0x000000b4   Data   RO          434    RESET               startup_stm32f030.o
    0x080000b4   0x00000008   Code   RO          877  * !!!main             c_p.l(__main.o)
    0x080000bc   0x0000003c   Code   RO         1045    !!!scatter          c_p.l(__scatter.o)
    0x080000f8   0x0000001a   Code   RO         1047    !!handler_copy      c_p.l(__scatter_copy.o)
    0x08000112   0x00000002   PAD
    0x08000114   0x0000001c   Code   RO         1049    !!handler_zi        c_p.l(__scatter_zi.o)
    0x08000130   0x00000002   Code   RO          915    .ARM.Collect$$libinit$$00000000  c_p.l(libinit.o)
    0x08000132   0x00000000   Code   RO          929    .ARM.Collect$$libinit$$00000002  c_p.l(libinit2.o)
    0x08000132   0x00000000   Code   RO          931    .ARM.Collect$$libinit$$00000004  c_p.l(libinit2.o)
    0x08000132   0x00000000   Code   RO          934    .ARM.Collect$$libinit$$0000000A  c_p.l(libinit2.o)
    0x08000132   0x00000000   Code   RO          936    .ARM.Collect$$libinit$$0000000C  c_p.l(libinit2.o)
    0x08000132   0x00000000   Code   RO          938    .ARM.Collect$$libinit$$0000000E  c_p.l(libinit2.o)
    0x08000132   0x00000000   Code   RO          941    .ARM.Collect$$libinit$$00000011  c_p.l(libinit2.o)
    0x08000132   0x00000000   Code   RO          943    .ARM.Collect$$libinit$$00000013  c_p.l(libinit2.o)
    0x08000132   0x00000000   Code   RO          945    .ARM.Collect$$libinit$$00000015  c_p.l(libinit2.o)
    0x08000132   0x00000000   Code   RO          947    .ARM.Collect$$libinit$$00000017  c_p.l(libinit2.o)
    0x08000132   0x00000000   Code   RO          949    .ARM.Collect$$libinit$$00000019  c_p.l(libinit2.o)
    0x08000132   0x00000000   Code   RO          951    .ARM.Collect$$libinit$$0000001B  c_p.l(libinit2.o)
    0x08000132   0x00000000   Code   RO          953    .ARM.Collect$$libinit$$0000001D  c_p.l(libinit2.o)
    0x08000132   0x00000000   Code   RO          955    .ARM.Collect$$libinit$$0000001F  c_p.l(libinit2.o)
    0x08000132   0x00000000   Code   RO          957    .ARM.Collect$$libinit$$00000021  c_p.l(libinit2.o)
    0x08000132   0x00000000   Code   RO          959    .ARM.Collect$$libinit$$00000023  c_p.l(libinit2.o)
    0x08000132   0x00000000   Code   RO          961    .ARM.Collect$$libinit$$00000025  c_p.l(libinit2.o)
    0x08000132   0x00000000   Code   RO          965    .ARM.Collect$$libinit$$0000002C  c_p.l(libinit2.o)
    0x08000132   0x00000000   Code   RO          967    .ARM.Collect$$libinit$$0000002E  c_p.l(libinit2.o)
    0x08000132   0x00000000   Code   RO          969    .ARM.Collect$$libinit$$00000030  c_p.l(libinit2.o)
    0x08000132   0x00000000   Code   RO          971    .ARM.Collect$$libinit$$00000032  c_p.l(libinit2.o)
    0x08000132   0x00000002   Code   RO          972    .ARM.Collect$$libinit$$00000033  c_p.l(libinit2.o)
    0x08000134   0x00000002   Code   RO         1003    .ARM.Collect$$libshutdown$$00000000  c_p.l(libshutdown.o)
    0x08000136   0x00000000   Code   RO         1030    .ARM.Collect$$libshutdown$$00000003  c_p.l(libshutdown2.o)
    0x08000136   0x00000000   Code   RO         1033    .ARM.Collect$$libshutdown$$00000006  c_p.l(libshutdown2.o)
    0x08000136   0x00000000   Code   RO         1036    .ARM.Collect$$libshutdown$$00000009  c_p.l(libshutdown2.o)
    0x08000136   0x00000000   Code   RO         1038    .ARM.Collect$$libshutdown$$0000000B  c_p.l(libshutdown2.o)
    0x08000136   0x00000000   Code   RO         1041    .ARM.Collect$$libshutdown$$0000000E  c_p.l(libshutdown2.o)
    0x08000136   0x00000002   Code   RO         1042    .ARM.Collect$$libshutdown$$0000000F  c_p.l(libshutdown2.o)
    0x08000138   0x00000000   Code   RO          879    .ARM.Collect$$rtentry$$00000000  c_p.l(__rtentry.o)
    0x08000138   0x00000000   Code   RO          885    .ARM.Collect$$rtentry$$00000002  c_p.l(__rtentry2.o)
    0x08000138   0x00000006   Code   RO          897    .ARM.Collect$$rtentry$$00000004  c_p.l(__rtentry4.o)
    0x0800013e   0x00000000   Code   RO          887    .ARM.Collect$$rtentry$$00000009  c_p.l(__rtentry2.o)
    0x0800013e   0x00000004   Code   RO          888    .ARM.Collect$$rtentry$$0000000A  c_p.l(__rtentry2.o)
    0x08000142   0x00000000   Code   RO          890    .ARM.Collect$$rtentry$$0000000C  c_p.l(__rtentry2.o)
    0x08000142   0x00000008   Code   RO          891    .ARM.Collect$$rtentry$$0000000D  c_p.l(__rtentry2.o)
    0x0800014a   0x00000002   Code   RO          920    .ARM.Collect$$rtexit$$00000000  c_p.l(rtexit.o)
    0x0800014c   0x00000000   Code   RO          976    .ARM.Collect$$rtexit$$00000002  c_p.l(rtexit2.o)
    0x0800014c   0x00000004   Code   RO          977    .ARM.Collect$$rtexit$$00000003  c_p.l(rtexit2.o)
    0x08000150   0x00000006   Code   RO          978    .ARM.Collect$$rtexit$$00000004  c_p.l(rtexit2.o)
    0x08000156   0x00000002   PAD
    0x08000158   0x00000038   Code   RO          863    .emb_text           c_p.l(rt_memcpy.o)
    0x08000190   0x00000260   Code   RO            3    .text               drv.o
    0x080003f0   0x00000158   Code   RO          154    .text               func.o
    0x08000548   0x00000018   Code   RO          184    .text               main.o
    0x08000560   0x00000304   Code   RO          204    .text               stm32f0xx_it.o
    0x08000864   0x000001a0   Code   RO          227    .text               system_stm32f0xx.o
    0x08000a04   0x00000a84   Code   RO          253    .text               card.o
    0x08001488   0x00000380   Code   RO          280    .text               database.o
    0x08001808   0x000005ec   Code   RO          321    .text               fp.o
    0x08001df4   0x00000ba8   Code   RO          344    .text               keybd.o
    0x0800299c   0x000001a8   Code   RO          367    .text               lock.o
    0x08002b44   0x000000b8   Code   RO          394    .text               moto.o
    0x08002bfc   0x00000456   Code   RO          414    .text               voice.o
    0x08003052   0x00000002   PAD
    0x08003054   0x00000038   Code   RO          435    .text               startup_stm32f030.o
    0x0800308c   0x000000f8   Code   RO          581    .text               stm32f0xx_exti.o
    0x08003184   0x000005e8   Code   RO          601    .text               stm32f0xx_flash.o
    0x0800376c   0x000001f0   Code   RO          621    .text               stm32f0xx_gpio.o
    0x0800395c   0x000000b4   Code   RO          681    .text               stm32f0xx_misc.o
    0x08003a10   0x0000013c   Code   RO          701    .text               stm32f0xx_pwr.o
    0x08003b4c   0x000005f8   Code   RO          721    .text               stm32f0xx_rcc.o
    0x08004144   0x000000f0   Code   RO          783    .text               stm32f0xx_syscfg.o
    0x08004234   0x00000bdc   Code   RO          803    .text               stm32f0xx_tim.o
    0x08004e10   0x0000054c   Code   RO          823    .text               stm32f0xx_usart.o
    0x0800535c   0x00000082   Code   RO          864    .text               c_p.l(rt_memcpy.o)
    0x080053de   0x00000012   Code   RO          867    .text               c_p.l(aeabi_memset.o)
    0x080053f0   0x00000040   Code   RO          869    .text               c_p.l(rt_memclr.o)
    0x08005430   0x0000015a   Code   RO          871    .text               c_p.l(aeabi_sdiv.o)
    0x0800558a   0x00000006   Code   RO          875    .text               c_p.l(heapauxi.o)
    0x08005590   0x0000003e   Code   RO          901    .text               c_p.l(sys_stackheap_outer.o)
    0x080055ce   0x0000000c   Code   RO          904    .text               c_p.l(exit.o)
    0x080055da   0x00000002   PAD
    0x080055dc   0x00000008   Code   RO          916    .text               c_p.l(libspace.o)
    0x080055e4   0x0000000c   Code   RO          973    .text               c_p.l(sys_exit.o)
    0x080055f0   0x00000002   Code   RO          992    .text               c_p.l(use_no_semi.o)
    0x080055f2   0x00000000   Code   RO          994    .text               c_p.l(indicate_semi.o)
    0x080055f2   0x00000007   Data   RO          322    .constdata          fp.o
    0x080055f9   0x00000003   PAD
    0x080055fc   0x00000020   Data   RO         1043    Region$$Table       anon$$obj.o


    Execution Region RW_IRAM1 (Base: 0x20000000, Size: 0x00001020, Max: 0x00002000, ABSOLUTE)

    Base Addr    Size         Type   Attr      Idx    E Section Name        Object

    0x20000000   0x00000018   Data   RW          156    .data               func.o
    0x20000018   0x00000014   Data   RW          228    .data               system_stm32f0xx.o
    0x2000002c   0x0000001c   Data   RW          255    .data               card.o
    0x20000048   0x00000012   Data   RW          282    .data               database.o
    0x2000005a   0x0000000f   Data   RW          369    .data               lock.o
    0x20000069   0x00000010   Data   RW          722    .data               stm32f0xx_rcc.o
    0x20000079   0x00000003   PAD
    0x2000007c   0x0000012c   Zero   RW          155    .bss                func.o
    0x200001a8   0x00000800   Zero   RW          281    .bss                database.o
    0x200009a8   0x00000014   Zero   RW          368    .bss                lock.o
    0x200009bc   0x00000060   Zero   RW          917    .bss                c_p.l(libspace.o)
    0x20000a1c   0x00000004   PAD
    0x20000a20   0x00000200   Zero   RW          433    HEAP                startup_stm32f030.o
    0x20000c20   0x00000400   Zero   RW          432    STACK               startup_stm32f030.o


==============================================================================

Image component sizes


      Code (inc. data)   RO Data    RW Data    ZI Data      Debug   Object Name

      2692         34          0         28          0       9017   card.o
       896         26          0         18       2048       6510   database.o
       608         42          0          0          0     150226   drv.o
      1516         58          7          0          0       4883   fp.o
       344         22          0         24        300       2903   func.o
      2984         98          0          0          0      15534   keybd.o
       424         42          0         15         20       2456   lock.o
        24          0          0          0          0        403   main.o
       184          6          0          0          0       1194   moto.o
        56         26        180          0       1536        592   startup_stm32f030.o
       248         12          0          0          0       2211   stm32f0xx_exti.o
      1512         30          0          0          0       6925   stm32f0xx_flash.o
       496         22          0          0          0       3669   stm32f0xx_gpio.o
       772         82          0          0          0       1660   stm32f0xx_it.o
       180         14          0          0          0       1360   stm32f0xx_misc.o
       316         10          0          0          0       2150   stm32f0xx_pwr.o
      1528         42          0         16          0       8478   stm32f0xx_rcc.o
       240          4          0          0          0       1998   stm32f0xx_syscfg.o
      3036        122          0          0          0      22289   stm32f0xx_tim.o
      1356         16          0          0          0      11810   stm32f0xx_usart.o
       416         34          0         20          0       1451   system_stm32f0xx.o
      1110         10          0          0          0       4776   voice.o

    ----------------------------------------------------------------------
     20940        752        222        124       3904     262495   Object Totals
         0          0         32          0          0          0   (incl. Generated)
         2          0          3          3          0          0   (incl. Padding)

    ----------------------------------------------------------------------

      Code (inc. data)   RO Data    RW Data    ZI Data      Debug   Library Member Name

         8          0          0          0          0         68   __main.o
         0          0          0          0          0          0   __rtentry.o
        12          0          0          0          0          0   __rtentry2.o
         6          0          0          0          0          0   __rtentry4.o
        60          8          0          0          0          0   __scatter.o
        26          0          0          0          0          0   __scatter_copy.o
        28          0          0          0          0          0   __scatter_zi.o
        18          0          0          0          0         68   aeabi_memset.o
       346          0          0          0          0         92   aeabi_sdiv.o
        12          0          0          0          0         64   exit.o
         6          0          0          0          0        136   heapauxi.o
         0          0          0          0          0          0   indicate_semi.o
         2          0          0          0          0          0   libinit.o
         2          0          0          0          0          0   libinit2.o
         2          0          0          0          0          0   libshutdown.o
         2          0          0          0          0          0   libshutdown2.o
         8          4          0          0         96         68   libspace.o
        64          0          0          0          0        108   rt_memclr.o
       186          0          0          0          0        144   rt_memcpy.o
         2          0          0          0          0          0   rtexit.o
        10          0          0          0          0          0   rtexit2.o
        12          4          0          0          0         60   sys_exit.o
        62          0          0          0          0         80   sys_stackheap_outer.o
         2          0          0          0          0         68   use_no_semi.o

    ----------------------------------------------------------------------
       882         16          0          0        100        956   Library Totals
         6          0          0          0          4          0   (incl. Padding)

    ----------------------------------------------------------------------

      Code (inc. data)   RO Data    RW Data    ZI Data      Debug   Library Name

       876         16          0          0         96        956   c_p.l

    ----------------------------------------------------------------------
       882         16          0          0        100        956   Library Totals

    ----------------------------------------------------------------------

==============================================================================


      Code (inc. data)   RO Data    RW Data    ZI Data      Debug   

     21822        768        222        124       4004     261187   Grand Totals
     21822        768        222        124       4004     261187   ELF Image Totals
     21822        768        222        124          0          0   ROM Totals

==============================================================================

    Total RO  Size (Code + RO Data)                22044 (  21.53kB)
    Total RW  Size (RW Data + ZI Data)              4128 (   4.03kB)
    Total ROM Size (Code + RO Data + RW Data)      22168 (  21.65kB)

==============================================================================

